Component: ARM Compiler 5.06 update 6 (build 750) Tool: armlink [4d35ed]

==============================================================================

Section Cross References

    main.o(i.Error_Handler) refers to printf.o(.text) for printf
    main.o(i.Error_Handler) refers to main.o(.bss) for buf
    main.o(i.SystemClock_Config) refers to rt_memclr_w.o(.text) for __aeabi_memclr4
    main.o(i.SystemClock_Config) refers to stm32f4xx_hal_rcc.o(i.HAL_RCC_OscConfig) for HAL_RCC_OscConfig
    main.o(i.SystemClock_Config) refers to main.o(i.Error_Handler) for Error_Handler
    main.o(i.SystemClock_Config) refers to stm32f4xx_hal_pwr_ex.o(i.HAL_PWREx_EnableOverDrive) for HAL_PWREx_EnableOverDrive
    main.o(i.SystemClock_Config) refers to stm32f4xx_hal_rcc.o(i.HAL_RCC_ClockConfig) for HAL_RCC_ClockConfig
    main.o(i.main) refers to _printf_percent.o(.ARM.Collect$$_printf_percent$$00000000) for _printf_percent
    main.o(i.main) refers to _printf_f.o(.ARM.Collect$$_printf_percent$$00000003) for _printf_f
    main.o(i.main) refers to printf1.o(x$fpl$printf1) for _printf_fp_dec
    main.o(i.main) refers to _printf_d.o(.ARM.Collect$$_printf_percent$$00000009) for _printf_d
    main.o(i.main) refers to _printf_dec.o(.text) for _printf_int_dec
    main.o(i.main) refers to watchdog.o(i.init_Watchdog) for init_Watchdog
    main.o(i.main) refers to main.o(i.Error_Handler) for Error_Handler
    main.o(i.main) refers to stm32f4xx_hal.o(i.HAL_Init) for HAL_Init
    main.o(i.main) refers to main.o(i.SystemClock_Config) for SystemClock_Config
    main.o(i.main) refers to system_stm32f4xx.o(i.SystemCoreClockUpdate) for SystemCoreClockUpdate
    main.o(i.main) refers to sensor_temp.o(i.initI2c) for initI2c
    main.o(i.main) refers to sensor_acc.o(i.init_acc) for init_acc
    main.o(i.main) refers to usart.o(i.init_USART) for init_USART
    main.o(i.main) refers to delay.o(i.Init_Delay) for Init_Delay
    main.o(i.main) refers to sensor_temp.o(i.leerTemperatura) for leerTemperatura
    main.o(i.main) refers to f2d.o(x$fpl$f2d) for __aeabi_f2d
    main.o(i.main) refers to __2sprintf.o(.text) for __2sprintf
    main.o(i.main) refers to usart.o(i.tx_USART) for tx_USART
    main.o(i.main) refers to delay.o(i.Delay_ms) for Delay_ms
    main.o(i.main) refers to sensor_acc.o(i.leeraxis) for leeraxis
    main.o(i.main) refers to watchdog.o(i.reset_Watchdog) for reset_Watchdog
    main.o(i.main) refers to main.o(.data) for temperatura
    main.o(i.main) refers to main.o(.bss) for buf
    stm32f4xx_hal_msp.o(i.HAL_TIM_Base_MspInit) refers to rt_memclr_w.o(.text) for __aeabi_memclr4
    stm32f4xx_it.o(i.SysTick_Handler) refers to stm32f4xx_hal.o(i.HAL_IncTick) for HAL_IncTick
    sensor_temp.o(i.initI2c) refers to sensor_temp.o(.data) for I2Cdev
    sensor_temp.o(i.leerTemperatura) refers to dflt_clz.o(x$fpl$dflt) for __aeabi_i2d
    sensor_temp.o(i.leerTemperatura) refers to dmul.o(x$fpl$dmul) for __aeabi_dmul
    sensor_temp.o(i.leerTemperatura) refers to d2f.o(x$fpl$d2f) for __aeabi_d2f
    sensor_temp.o(i.leerTemperatura) refers to dflt_clz.o(x$fpl$dfltu) for __aeabi_ui2d
    sensor_temp.o(i.leerTemperatura) refers to sensor_temp.o(.data) for I2Cdev
    sensor_temp.o(.data) refers to i2c_stm32f4xx.o(.constdata) for Driver_I2C1
    sensor_acc.o(i.I2C_init) refers to sensor_acc.o(.data) for I2Cdev
    sensor_acc.o(i.init_acc) refers to sensor_acc.o(.data) for I2Cdev
    sensor_acc.o(i.leeraxis) refers to sensor_acc.o(.data) for I2Cdev
    sensor_acc.o(.data) refers to i2c_stm32f4xx.o(.constdata) for Driver_I2C1
    delay.o(i.Delay_ms) refers to delay.o(i.Delay_us) for Delay_us
    delay.o(i.Init_Delay) refers to rt_memclr_w.o(.text) for __aeabi_memclr4
    delay.o(i.Init_Delay) refers to stm32f4xx_hal_tim.o(i.HAL_TIM_Base_Init) for HAL_TIM_Base_Init
    delay.o(i.Init_Delay) refers to stm32f4xx_hal_tim.o(i.HAL_TIM_ConfigClockSource) for HAL_TIM_ConfigClockSource
    delay.o(i.Init_Delay) refers to stm32f4xx_hal_tim_ex.o(i.HAL_TIMEx_MasterConfigSynchronization) for HAL_TIMEx_MasterConfigSynchronization
    delay.o(i.Init_Delay) refers to stm32f4xx_hal_tim.o(i.HAL_TIM_Base_Start) for HAL_TIM_Base_Start
    delay.o(i.Init_Delay) refers to delay.o(.bss) for htim6
    usart.o(i.init_USART) refers to usart.o(.data) for USARTdrv
    usart.o(i.tx_USART) refers to usart.o(.data) for USARTdrv
    usart.o(.data) refers to usart_stm32f4xx.o(.constdata) for Driver_USART3
    watchdog.o(i.init_Watchdog) refers to stm32f4xx_hal_iwdg.o(i.HAL_IWDG_Init) for HAL_IWDG_Init
    watchdog.o(i.init_Watchdog) refers to watchdog.o(.bss) for IwdgHandle
    watchdog.o(i.reset_Watchdog) refers to stm32f4xx_hal_iwdg.o(i.HAL_IWDG_Refresh) for HAL_IWDG_Refresh
    watchdog.o(i.reset_Watchdog) refers to watchdog.o(.bss) for IwdgHandle
    i2c_stm32f4xx.o(i.I2C1_Control) refers to i2c_stm32f4xx.o(i.I2C_Control) for I2C_Control
[...]
    _printf_e                                0x08000233   Thumb Code     0  _printf_e.o(.ARM.Collect$$_printf_percent$$00000004)
    _printf_g                                0x08000239   Thumb Code     0  _printf_g.o(.ARM.Collect$$_printf_percent$$00000005)
    _printf_a                                0x0800023f   Thumb Code     0  _printf_a.o(.ARM.Collect$$_printf_percent$$00000006)
    _printf_ll                               0x08000245   Thumb Code     0  _printf_ll.o(.ARM.Collect$$_printf_percent$$00000007)
    _printf_i                                0x0800024f   Thumb Code     0  _printf_i.o(.ARM.Collect$$_printf_percent$$00000008)
    _printf_d                                0x08000255   Thumb Code     0  _printf_d.o(.ARM.Collect$$_printf_percent$$00000009)
    _printf_u                                0x0800025b   Thumb Code     0  _printf_u.o(.ARM.Collect$$_printf_percent$$0000000A)
    _printf_o                                0x08000261   Thumb Code     0  _printf_o.o(.ARM.Collect$$_printf_percent$$0000000B)
    _printf_x                                0x08000267   Thumb Code     0  _printf_x.o(.ARM.Collect$$_printf_percent$$0000000C)
    _printf_lli                              0x0800026d   Thumb Code     0  _printf_lli.o(.ARM.Collect$$_printf_percent$$0000000D)
    _printf_lld                              0x08000273   Thumb Code     0  _printf_lld.o(.ARM.Collect$$_printf_percent$$0000000E)
    _printf_llu                              0x08000279   Thumb Code     0  _printf_llu.o(.ARM.Collect$$_printf_percent$$0000000F)
    _printf_llo                              0x0800027f   Thumb Code     0  _printf_llo.o(.ARM.Collect$$_printf_percent$$00000010)
    _printf_llx                              0x08000285   Thumb Code     0  _printf_llx.o(.ARM.Collect$$_printf_percent$$00000011)
    _printf_l                                0x0800028b   Thumb Code     0  _printf_l.o(.ARM.Collect$$_printf_percent$$00000012)
    _printf_c                                0x08000295   Thumb Code     0  _printf_c.o(.ARM.Collect$$_printf_percent$$00000013)
    _printf_s                                0x0800029b   Thumb Code     0  _printf_s.o(.ARM.Collect$$_printf_percent$$00000014)
    _printf_lc                               0x080002a1   Thumb Code     0  _printf_lc.o(.ARM.Collect$$_printf_percent$$00000015)
    _printf_ls                               0x080002a7   Thumb Code     0  _printf_ls.o(.ARM.Collect$$_printf_percent$$00000016)
    _printf_percent_end                      0x080002ad   Thumb Code     0  _printf_percent_end.o(.ARM.Collect$$_printf_percent$$00000017)
    __rt_lib_init                            0x080002b1   Thumb Code     0  libinit.o(.ARM.Collect$$libinit$$00000000)
    __rt_lib_init_fp_1                       0x080002b3   Thumb Code     0  libinit2.o(.ARM.Collect$$libinit$$00000001)
    __rt_lib_init_heap_2                     0x080002b7   Thumb Code     0  libinit2.o(.ARM.Collect$$libinit$$00000005)
    __rt_lib_init_preinit_1                  0x080002b7   Thumb Code     0  libinit2.o(.ARM.Collect$$libinit$$00000004)
    __rt_lib_init_heap_1                     0x080002bf   Thumb Code     0  libinit2.o(.ARM.Collect$$libinit$$0000000A)
    __rt_lib_init_lc_common                  0x080002bf   Thumb Code     0  libinit2.o(.ARM.Collect$$libinit$$0000000F)
    __rt_lib_init_rand_1                     0x080002bf   Thumb Code     0  libinit2.o(.ARM.Collect$$libinit$$0000000E)
    __rt_lib_init_user_alloc_1               0x080002bf   Thumb Code     0  libinit2.o(.ARM.Collect$$libinit$$0000000C)
    __rt_lib_init_lc_collate_1               0x080002c5   Thumb Code     0  libinit2.o(.ARM.Collect$$libinit$$00000011)
    __rt_lib_init_lc_ctype_2                 0x080002c5   Thumb Code     0  libinit2.o(.ARM.Collect$$libinit$$00000012)
    __rt_lib_init_lc_ctype_1                 0x080002d1   Thumb Code     0  libinit2.o(.ARM.Collect$$libinit$$00000013)
    __rt_lib_init_lc_monetary_1              0x080002d1   Thumb Code     0  libinit2.o(.ARM.Collect$$libinit$$00000015)
    __rt_lib_init_lc_numeric_2               0x080002d1   Thumb Code     0  libinit2.o(.ARM.Collect$$libinit$$00000016)
    __rt_lib_init_atexit_1                   0x080002db   Thumb Code     0  libinit2.o(.ARM.Collect$$libinit$$0000001B)
    __rt_lib_init_clock_1                    0x080002db   Thumb Code     0  libinit2.o(.ARM.Collect$$libinit$$00000021)
    __rt_lib_init_fp_trap_1                  0x080002db   Thumb Code     0  libinit2.o(.ARM.Collect$$libinit$$0000001F)
    __rt_lib_init_getenv_1                   0x080002db   Thumb Code     0  libinit2.o(.ARM.Collect$$libinit$$00000023)
    __rt_lib_init_lc_numeric_1               0x080002db   Thumb Code     0  libinit2.o(.ARM.Collect$$libinit$$00000017)
    __rt_lib_init_lc_time_1                  0x080002db   Thumb Code     0  libinit2.o(.ARM.Collect$$libinit$$00000019)
    __rt_lib_init_signal_1                   0x080002db   Thumb Code     0  libinit2.o(.ARM.Collect$$libinit$$0000001D)
    __rt_lib_init_stdio_2                    0x080002db   Thumb Code     0  libinit2.o(.ARM.Collect$$libinit$$00000024)
    __rt_lib_init_alloca_1                   0x080002df   Thumb Code     0  libinit2.o(.ARM.Collect$$libinit$$0000002E)
    __rt_lib_init_argv_1                     0x080002df   Thumb Code     0  libinit2.o(.ARM.Collect$$libinit$$0000002C)
    __rt_lib_init_cpp_1                      0x080002df   Thumb Code     0  libinit2.o(.ARM.Collect$$libinit$$00000032)
    __rt_lib_init_exceptions_1               0x080002df   Thumb Code     0  libinit2.o(.ARM.Collect$$libinit$$00000030)
    __rt_lib_init_return                     0x080002df   Thumb Code     0  libinit2.o(.ARM.Collect$$libinit$$00000033)
    __rt_lib_init_stdio_1                    0x080002df   Thumb Code     0  libinit2.o(.ARM.Collect$$libinit$$00000025)
    __rt_lib_shutdown                        0x080002e1   Thumb Code     0  libshutdown.o(.ARM.Collect$$libshutdown$$00000000)
    __rt_lib_shutdown_cpp_1                  0x080002e3   Thumb Code     0  libshutdown2.o(.ARM.Collect$$libshutdown$$00000002)
    __rt_lib_shutdown_stdio_2                0x080002e3   Thumb Code     0  libshutdown2.o(.ARM.Collect$$libshutdown$$00000003)
    __rt_lib_shutdown_fp_trap_1              0x080002e7   Thumb Code     0  libshutdown2.o(.ARM.Collect$$libshutdown$$00000007)
    __rt_lib_shutdown_heap_1                 0x080002e7   Thumb Code     0  libshutdown2.o(.ARM.Collect$$libshutdown$$0000000F)
    __rt_lib_shutdown_return                 0x080002e7   Thumb Code     0  libshutdown2.o(.ARM.Collect$$libshutdown$$00000010)
    __rt_lib_shutdown_signal_1               0x080002e7   Thumb Code     0  libshutdown2.o(.ARM.Collect$$libshutdown$$0000000A)
    __rt_lib_shutdown_stdio_1                0x080002e7   Thumb Code     0  libshutdown2.o(.ARM.Collect$$libshutdown$$00000004)
    __rt_lib_shutdown_user_alloc_1           0x080002e7   Thumb Code     0  libshutdown2.o(.ARM.Collect$$libshutdown$$0000000C)
    __rt_entry                               0x080002e9   Thumb Code     0  __rtentry.o(.ARM.Collect$$rtentry$$00000000)
    __rt_entry_presh_1                       0x080002e9   Thumb Code     0  __rtentry2.o(.ARM.Collect$$rtentry$$00000002)
    __rt_entry_sh                            0x080002e9   Thumb Code     0  __rtentry4.o(.ARM.Collect$$rtentry$$00000004)
    __rt_entry_li                            0x080002ef   Thumb Code     0  __rtentry2.o(.ARM.Collect$$rtentry$$0000000A)
    __rt_entry_postsh_1                      0x080002ef   Thumb Code     0  __rtentry2.o(.ARM.Collect$$rtentry$$00000009)
    __rt_entry_main                          0x080002f3   Thumb Code     0  __rtentry2.o(.ARM.Collect$$rtentry$$0000000D)
    __rt_entry_postli_1                      0x080002f3   Thumb Code     0  __rtentry2.o(.ARM.Collect$$rtentry$$0000000C)
    __rt_exit                                0x080002fb   Thumb Code     0  rtexit.o(.ARM.Collect$$rtexit$$00000000)
    __rt_exit_ls                             0x080002fd   Thumb Code     0  rtexit2.o(.ARM.Collect$$rtexit$$00000003)
    __rt_exit_prels_1                        0x080002fd   Thumb Code     0  rtexit2.o(.ARM.Collect$$rtexit$$00000002)
    __rt_exit_exit                           0x08000301   Thumb Code     0  rtexit2.o(.ARM.Collect$$rtexit$$00000004)
    Reset_Handler                            0x08000309   Thumb Code     8  startup_stm32f429xx.o(.text)
    _maybe_terminate_alloc                   0x08000309   Thumb Code     0  maybetermalloc1.o(.emb_text)
    ADC_IRQHandler                           0x08000323   Thumb Code     0  startup_stm32f429xx.o(.text)
    CAN1_RX0_IRQHandler                      0x08000323   Thumb Code     0  startup_stm32f429xx.o(.text)
    CAN1_RX1_IRQHandler                      0x08000323   Thumb Code     0  startup_stm32f429xx.o(.text)
    CAN1_SCE_IRQHandler                      0x08000323   Thumb Code     0  startup_stm32f429xx.o(.text)
    CAN1_TX_IRQHandler                       0x08000323   Thumb Code     0  startup_stm32f429xx.o(.text)
    CAN2_RX0_IRQHandler                      0x08000323   Thumb Code     0  startup_stm32f429xx.o(.text)
    CAN2_RX1_IRQHandler                      0x08000323   Thumb Code     0  startup_stm32f429xx.o(.text)
    CAN2_SCE_IRQHandler                      0x08000323   Thumb Code     0  startup_stm32f429xx.o(.text)
    CAN2_TX_IRQHandler                       0x08000323   Thumb Code     0  startup_stm32f429xx.o(.text)
    DCMI_IRQHandler                          0x08000323   Thumb Code     0  startup_stm32f429xx.o(.text)
    DMA1_Stream0_IRQHandler                  0x08000323   Thumb Code     0  startup_stm32f429xx.o(.text)
    DMA1_Stream1_IRQHandler                  0x08000323   Thumb Code     0  startup_stm32f429xx.o(.text)
    DMA1_Stream2_IRQHandler                  0x08000323   Thumb Code     0  startup_stm32f429xx.o(.text)
    DMA1_Stream3_IRQHandler                  0x08000323   Thumb Code     0  startup_stm32f429xx.o(.text)
    DMA1_Stream4_IRQHandler                  0x08000323   Thumb Code     0  startup_stm32f429xx.o(.text)
    DMA1_Stream5_IRQHandler                  0x08000323   Thumb Code     0  startup_stm32f429xx.o(.text)
    DMA1_Stream6_IRQHandler                  0x08000323   Thumb Code     0  startup_stm32f429xx.o(.text)
    DMA1_Stream7_IRQHandler                  0x08000323   Thumb Code     0  startup_stm32f429xx.o(.text)
    DMA2D_IRQHandler                         0x08000323   Thumb Code     0  startup_stm32f429xx.o(.text)
    DMA2_Stream0_IRQHandler                  0x08000323   Thumb Code     0  startup_stm32f429xx.o(.text)
    DMA2_Stream1_IRQHandler                  0x08000323   Thumb Code     0  startup_stm32f429xx.o(.text)
    DMA2_Stream2_IRQHandler                  0x08000323   Thumb Code     0  startup_stm32f429xx.o(.text)
    DMA2_Stream3_IRQHandler                  0x08000323   Thumb Code     0  startup_stm32f429xx.o(.text)
    DMA2_Stream4_IRQHandler                  0x08000323   Thumb Code     0  startup_stm32f429xx.o(.text)
    DMA2_Stream5_IRQHandler                  0x08000323   Thumb Code     0  startup_stm32f429xx.o(.text)
    DMA2_Stream6_IRQHandler                  0x08000323   Thumb Code     0  startup_stm32f429xx.o(.text)
    DMA2_Stream7_IRQHandler                  0x08000323   Thumb Code     0  startup_stm32f429xx.o(.text)
    ETH_IRQHandler                           0x08000323   Thumb Code     0  startup_stm32f429xx.o(.text)
    ETH_WKUP_IRQHandler                      0x08000323   Thumb Code     0  startup_stm32f429xx.o(.text)
    EXTI0_IRQHandler                         0x08000323   Thumb Code     0  startup_stm32f429xx.o(.text)
    EXTI15_10_IRQHandler                     0x08000323   Thumb Code     0  startup_stm32f429xx.o(.text)
    EXTI1_IRQHandler                         0x08000323   Thumb Code     0  startup_stm32f429xx.o(.text)
    EXTI2_IRQHandler                         0x08000323   Thumb Code     0  startup_stm32f429xx.o(.text)
    EXTI3_IRQHandler                         0x08000323   Thumb Code     0  startup_stm32f429xx.o(.text)
    EXTI4_IRQHandler                         0x08000323   Thumb Code     0  startup_stm32f429xx.o(.text)
    EXTI9_5_IRQHandler                       0x08000323   Thumb Code     0  startup_stm32f429xx.o(.text)
    FLASH_IRQHandler                         0x08000323   Thumb Code     0  startup_stm32f429xx.o(.text)
    FMC_IRQHandler                           0x08000323   Thumb Code     0  startup_stm32f429xx.o(.text)
    FPU_IRQHandler                           0x08000323   Thumb Code     0  startup_stm32f429xx.o(.text)
    HASH_RNG_IRQHandler                      0x08000323   Thumb Code     0  startup_stm32f429xx.o(.text)
    I2C2_ER_IRQHandler                       0x08000323   Thumb Code     0  startup_stm32f429xx.o(.text)
    I2C2_EV_IRQHandler                       0x08000323   Thumb Code     0  startup_stm32f429xx.o(.text)
    I2C3_ER_IRQHandler                       0x08000323   Thumb Code     0  startup_stm32f429xx.o(.text)
    I2C3_EV_IRQHandler                       0x08000323   Thumb Code     0  startup_stm32f429xx.o(.text)
    LTDC_ER_IRQHandler                       0x08000323   Thumb Code     0  startup_stm32f429xx.o(.text)
    LTDC_IRQHandler                          0x08000323   Thumb Code     0  startup_stm32f429xx.o(.text)
    OTG_FS_IRQHandler                        0x08000323   Thumb Code     0  startup_stm32f429xx.o(.text)
    OTG_FS_WKUP_IRQHandler                   0x08000323   Thumb Code     0  startup_stm32f429xx.o(.text)
    OTG_HS_EP1_IN_IRQHandler                 0x08000323   Thumb Code     0  startup_stm32f429xx.o(.text)
    OTG_HS_EP1_OUT_IRQHandler                0x08000323   Thumb Code     0  startup_stm32f429xx.o(.text)
    OTG_HS_IRQHandler                        0x08000323   Thumb Code     0  startup_stm32f429xx.o(.text)
    OTG_HS_WKUP_IRQHandler                   0x08000323   Thumb Code     0  startup_stm32f429xx.o(.text)
    PVD_IRQHandler                           0x08000323   Thumb Code     0  startup_stm32f429xx.o(.text)
    RCC_IRQHandler                           0x08000323   Thumb Code     0  startup_stm32f429xx.o(.text)
    RTC_Alarm_IRQHandler                     0x08000323   Thumb Code     0  startup_stm32f429xx.o(.text)
    RTC_WKUP_IRQHandler                      0x08000323   Thumb Code     0  startup_stm32f429xx.o(.text)
    SAI1_IRQHandler                          0x08000323   Thumb Code     0  startup_stm32f429xx.o(.text)
    SDIO_IRQHandler                          0x08000323   Thumb Code     0  startup_stm32f429xx.o(.text)
    SPI1_IRQHandler                          0x08000323   Thumb Code     0  startup_stm32f429xx.o(.text)
    SPI2_IRQHandler                          0x08000323   Thumb Code     0  startup_stm32f429xx.o(.text)
    SPI3_IRQHandler                          0x08000323   Thumb Code     0  startup_stm32f429xx.o(.text)
    SPI4_IRQHandler                          0x08000323   Thumb Code     0  startup_stm32f429xx.o(.text)
    SPI5_IRQHandler                          0x08000323   Thumb Code     0  startup_stm32f429xx.o(.text)
    SPI6_IRQHandler                          0x08000323   Thumb Code     0  startup_stm32f429xx.o(.text)
    TAMP_STAMP_IRQHandler                    0x08000323   Thumb Code     0  startup_stm32f429xx.o(.text)
    TIM1_BRK_TIM9_IRQHandler                 0x08000323   Thumb Code     0  startup_stm32f429xx.o(.text)
    TIM1_CC_IRQHandler                       0x08000323   Thumb Code     0  startup_stm32f429xx.o(.text)
    TIM1_TRG_COM_TIM11_IRQHandler            0x08000323   Thumb Code     0  startup_stm32f429xx.o(.text)
    TIM1_UP_TIM10_IRQHandler                 0x08000323   Thumb Code     0  startup_stm32f429xx.o(.text)
    TIM2_IRQHandler                          0x08000323   Thumb Code     0  startup_stm32f429xx.o(.text)
    TIM3_IRQHandler                          0x08000323   Thumb Code     0  startup_stm32f429xx.o(.text)
    TIM4_IRQHandler                          0x08000323   Thumb Code     0  startup_stm32f429xx.o(.text)
    TIM5_IRQHandler                          0x08000323   Thumb Code     0  startup_stm32f429xx.o(.text)
    TIM6_DAC_IRQHandler                      0x08000323   Thumb Code     0  startup_stm32f429xx.o(.text)
    TIM7_IRQHandler                          0x08000323   Thumb Code     0  startup_stm32f429xx.o(.text)
    TIM8_BRK_TIM12_IRQHandler                0x08000323   Thumb Code     0  startup_stm32f429xx.o(.text)
    TIM8_CC_IRQHandler                       0x08000323   Thumb Code     0  startup_stm32f429xx.o(.text)
    TIM8_TRG_COM_TIM14_IRQHandler            0x08000323   Thumb Code     0  startup_stm32f429xx.o(.text)
    TIM8_UP_TIM13_IRQHandler                 0x08000323   Thumb Code     0  startup_stm32f429xx.o(.text)
    UART4_IRQHandler                         0x08000323   Thumb Code     0  startup_stm32f429xx.o(.text)
    UART5_IRQHandler                         0x08000323   Thumb Code     0  startup_stm32f429xx.o(.text)
    UART7_IRQHandler                         0x08000323   Thumb Code     0  startup_stm32f429xx.o(.text)
    UART8_IRQHandler                         0x08000323   Thumb Code     0  startup_stm32f429xx.o(.text)
    USART1_IRQHandler                        0x08000323   Thumb Code     0  startup_stm32f429xx.o(.text)
    USART2_IRQHandler                        0x08000323   Thumb Code     0  startup_stm32f429xx.o(.text)
    USART6_IRQHandler                        0x08000323   Thumb Code     0  startup_stm32f429xx.o(.text)
    WWDG_IRQHandler                          0x08000323   Thumb Code     0  startup_stm32f429xx.o(.text)
    __user_initial_stackheap                 0x08000325   Thumb Code     0  startup_stm32f429xx.o(.text)
    __aeabi_uldivmod                         0x08000349   Thumb Code     0  lludivv7m.o(.text)
    _ll_udiv                                 0x08000349   Thumb Code   238  lludivv7m.o(.text)
    printf                                   0x08000439   Thumb Code    20  printf.o(.text)
    __2sprintf                               0x08000451   Thumb Code    38  __2sprintf.o(.text)
    _printf_int_dec                          0x0800047d   Thumb Code   104  _printf_dec.o(.text)
    __printf                                 0x080004f5   Thumb Code   388  __printf_flags_ss_wp.o(.text)
    __aeabi_memclr4                          0x0800067d   Thumb Code     0  rt_memclr_w.o(.text)
    __aeabi_memclr8                          0x0800067d   Thumb Code     0  rt_memclr_w.o(.text)
    __rt_memclr_w                            0x0800067d   Thumb Code    78  rt_memclr_w.o(.text)
    _memset_w                                0x08000681   Thumb Code     0  rt_memclr_w.o(.text)
    __use_two_region_memory                  0x080006cb   Thumb Code     2  heapauxi.o(.text)
    __rt_heap_escrow                         0x080006cd   Thumb Code     2  heapauxi.o(.text)
    __rt_heap_expand                         0x080006cf   Thumb Code     2  heapauxi.o(.text)
    _printf_pre_padding                      0x080006d1   Thumb Code    44  _printf_pad.o(.text)
    _printf_post_padding                     0x080006fd   Thumb Code    34  _printf_pad.o(.text)
    _printf_truncate_signed                  0x0800071f   Thumb Code    18  _printf_truncate.o(.text)
    _printf_truncate_unsigned                0x08000731   Thumb Code    18  _printf_truncate.o(.text)
    _printf_str                              0x08000743   Thumb Code    82  _printf_str.o(.text)
    _printf_int_common                       0x08000795   Thumb Code   178  _printf_intcommon.o(.text)
    _printf_charcount                        0x08000847   Thumb Code    40  _printf_charcount.o(.text)
    __lib_sel_fp_printf                      0x0800086f   Thumb Code     2  _printf_fp_dec.o(.text)
    _printf_fp_dec_real                      0x08000a21   Thumb Code   620  _printf_fp_dec.o(.text)
    _printf_char_common                      0x08000c97   Thumb Code    32  _printf_char_common.o(.text)
    _sputc                                   0x08000cbd   Thumb Code    10  _sputc.o(.text)
    _printf_char_file                        0x08000cc9   Thumb Code    32  _printf_char_file.o(.text)
    _printf_wctomb                           0x08000ced   Thumb Code   182  _printf_wctomb.o(.text)
    _printf_longlong_dec                     0x08000da9   Thumb Code   108  _printf_longlong_dec.o(.text)
    _printf_longlong_oct                     0x08000e25   Thumb Code    66  _printf_oct_int_ll.o(.text)
    _printf_int_oct                          0x08000e67   Thumb Code    24  _printf_oct_int_ll.o(.text)
    _printf_ll_oct                           0x08000e7f   Thumb Code    12  _printf_oct_int_ll.o(.text)
    _printf_longlong_hex                     0x08000e95   Thumb Code    86  _printf_hex_int_ll_ptr.o(.text)
    _printf_int_hex                          0x08000eeb   Thumb Code    28  _printf_hex_int_ll_ptr.o(.text)
    _printf_ll_hex                           0x08000f07   Thumb Code    12  _printf_hex_int_ll_ptr.o(.text)
    _printf_hex_ptr                          0x08000f13   Thumb Code    18  _printf_hex_int_ll_ptr.o(.text)
    __rt_locale                              0x08000f29   Thumb Code     8  rt_locale_intlibspace.o(.text)
    _ll_udiv10                               0x08000f31   Thumb Code   138  lludiv10.o(.text)
    _printf_fp_hex_real                      0x08000fbd   Thumb Code   756  _printf_fp_hex.o(.text)
    _printf_fp_infnan                        0x080012b9   Thumb Code   112  _printf_fp_infnan.o(.text)
    _printf_cs_common                        0x08001339   Thumb Code    20  _printf_char.o(.text)
    _printf_char                             0x0800134d   Thumb Code    16  _printf_char.o(.text)
    _printf_string                           0x0800135d   Thumb Code     8  _printf_char.o(.text)
    _printf_lcs_common                       0x08001365   Thumb Code    20  _printf_wchar.o(.text)
    _printf_wchar                            0x08001379   Thumb Code    16  _printf_wchar.o(.text)
    _printf_wstring                          0x08001389   Thumb Code     8  _printf_wchar.o(.text)
    _btod_etento                             0x08001391   Thumb Code   224  bigflt0.o(.text)
    ferror                                   0x08001475   Thumb Code     8  ferror.o(.text)
    _initio                                  0x0800147d   Thumb Code   210  initio.o(.text)
    _terminateio                             0x0800154f   Thumb Code    56  initio.o(.text)
    _wcrtomb                                 0x080015b5   Thumb Code    64  _wcrtomb.o(.text)
    _sys_open                                0x080015f5   Thumb Code    20  sys_io.o(.text)
    _sys_close                               0x08001609   Thumb Code    12  sys_io.o(.text)
    _sys_write                               0x08001615   Thumb Code    16  sys_io.o(.text)
    _sys_read                                0x08001625   Thumb Code    14  sys_io.o(.text)
    _sys_istty                               0x08001633   Thumb Code    12  sys_io.o(.text)
    _sys_seek                                0x0800163f   Thumb Code    14  sys_io.o(.text)
    _sys_ensure                              0x0800164d   Thumb Code     2  sys_io.o(.text)
    _sys_flen                                0x0800164f   Thumb Code    12  sys_io.o(.text)
    __user_libspace                          0x0800165d   Thumb Code     8  libspace.o(.text)
    __user_perproc_libspace                  0x0800165d   Thumb Code     0  libspace.o(.text)
    __user_perthread_libspace                0x0800165d   Thumb Code     0  libspace.o(.text)
    __user_setup_stackheap                   0x08001665   Thumb Code    74  sys_stackheap_outer.o(.text)
    __rt_ctype_table                         0x080016b1   Thumb Code    16  rt_ctype_table.o(.text)
    free                                     0x080016c1   Thumb Code    78  h1_free.o(.text)
    __flsbuf                                 0x0800170f   Thumb Code   470  flsbuf.o(.text)
    __flsbuf_byte                            0x0800170f   Thumb Code     0  flsbuf.o(.text)
    __flsbuf_wide                            0x0800170f   Thumb Code     0  flsbuf.o(.text)
    setvbuf                                  0x080018e5   Thumb Code    70  setvbuf.o(.text)
    freopen                                  0x0800192d   Thumb Code   158  fopen.o(.text)
    fopen                                    0x080019cb   Thumb Code    74  fopen.o(.text)
    _fclose_internal                         0x08001a19   Thumb Code    76  fclose.o(.text)
    fclose                                   0x08001a19   Thumb Code     0  fclose.o(.text)
    exit                                     0x08001a65   Thumb Code    18  exit.o(.text)
    __rt_SIGRTRED                            0x08001a77   Thumb Code    14  defsig_rtred_outer.o(.text)
    strcmp                                   0x08001a85   Thumb Code   128  strcmpv7m.o(.text)
    __I$use$semihosting                      0x08001b05   Thumb Code     0  use_no_semi.o(.text)
    __use_no_semihosting_swi                 0x08001b05   Thumb Code     2  use_no_semi.o(.text)
    __semihosting_library_function           0x08001b07   Thumb Code     0  indicate_semi.o(.text)
    __rt_heap_descriptor                     0x08001b09   Thumb Code     8  rt_heap_descriptor_intlibspace.o(.text)
    __use_no_heap                            0x08001b11   Thumb Code     2  hguard.o(.text)
    __heap$guard                             0x08001b13   Thumb Code     2  hguard.o(.text)
    _terminate_user_alloc                    0x08001b15   Thumb Code     2  init_alloc.o(.text)
    _init_user_alloc                         0x08001b17   Thumb Code     2  init_alloc.o(.text)
    __Heap_Full                              0x08001b19   Thumb Code    34  init_alloc.o(.text)
    __Heap_Broken                            0x08001b3b   Thumb Code     6  init_alloc.o(.text)
    _init_alloc                              0x08001b41   Thumb Code    94  init_alloc.o(.text)
    malloc                                   0x08001b9f   Thumb Code    94  h1_alloc.o(.text)
    _fseek                                   0x08001bfd   Thumb Code   242  fseek.o(.text)
    fseek                                    0x08001bfd   Thumb Code     0  fseek.o(.text)
    _seterr                                  0x08001cf5   Thumb Code    20  stdio.o(.text)
    _writebuf                                0x08001d09   Thumb Code    84  stdio.o(.text)
    _fflush                                  0x08001d5d   Thumb Code    70  stdio.o(.text)
    _deferredlazyseek                        0x08001da3   Thumb Code    60  stdio.o(.text)
    __sig_exit                               0x08001de5   Thumb Code    10  defsig_exit.o(.text)
    __rt_SIGRTRED_inner                      0x08001df1   Thumb Code    14  defsig_rtred_inner.o(.text)
    strlen                                   0x08001e25   Thumb Code    62  strlen.o(.text)
    _sys_exit                                0x08001e65   Thumb Code     8  sys_exit.o(.text)
    __Heap_Initialize                        0x08001e71   Thumb Code    10  h1_init.o(.text)
    __Heap_DescSize                          0x08001e7b   Thumb Code     4  h1_init.o(.text)
    __Heap_ProvideMemory                     0x08001e7f   Thumb Code    52  h1_extend.o(.text)
    _ftell_internal                          0x08001eb3   Thumb Code    66  ftell.o(.text)
    ftell                                    0x08001eb3   Thumb Code     0  ftell.o(.text)
    __default_signal_display                 0x08001ef5   Thumb Code    50  defsig_general.o(.text)
    __rt_SIGRTMEM                            0x08001f27   Thumb Code    14  defsig_rtmem_outer.o(.text)
    _ttywrch                                 0x08001f35   Thumb Code    14  sys_wrch.o(.text)
    __aeabi_errno_addr                       0x08001f45   Thumb Code     8  rt_errno_addr_intlibspace.o(.text)
    __errno$intlibspace                      0x08001f45   Thumb Code     0  rt_errno_addr_intlibspace.o(.text)
    __rt_errno_addr$intlibspace              0x08001f45   Thumb Code     0  rt_errno_addr_intlibspace.o(.text)
    __rt_SIGRTMEM_inner                      0x08001f4d   Thumb Code    22  defsig_rtmem_inner.o(.text)
    _btod_d2e                                0x08001f9d   Thumb Code    62  btod.o(CL$$btod_d2e)
    _d2e_denorm_low                          0x08001fdb   Thumb Code    70  btod.o(CL$$btod_d2e_denorm_low)
    _d2e_norm_op1                            0x08002021   Thumb Code    96  btod.o(CL$$btod_d2e_norm_op1)
    __btod_div_common                        0x08002081   Thumb Code   696  btod.o(CL$$btod_div_common)
    _e2e                                     0x080023b9   Thumb Code   220  btod.o(CL$$btod_e2e)
    _btod_ediv                               0x08002495   Thumb Code    42  btod.o(CL$$btod_ediv)
    _btod_emul                               0x080024bf   Thumb Code    42  btod.o(CL$$btod_emul)
    __btod_mult_common                       0x080024e9   Thumb Code   580  btod.o(CL$$btod_mult_common)
    BusFault_Handler                         0x0800272d   Thumb Code     4  stm32f4xx_it.o(i.BusFault_Handler)
    DebugMon_Handler                         0x0800283b   Thumb Code     2  stm32f4xx_it.o(i.DebugMon_Handler)
    Delay_ms                                 0x0800283d   Thumb Code    26  delay.o(i.Delay_ms)
    Delay_us                                 0x08002859   Thumb Code    18  delay.o(i.Delay_us)
    HAL_DMA_Abort                            0x08002cf9   Thumb Code   170  stm32f4xx_hal_dma.o(i.HAL_DMA_Abort)
    HAL_DMA_Init                             0x08002da5   Thumb Code   232  stm32f4xx_hal_dma.o(i.HAL_DMA_Init)
    HAL_DMA_Start_IT                         0x08002e91   Thumb Code   146  stm32f4xx_hal_dma.o(i.HAL_DMA_Start_IT)
    HAL_Delay                                0x08002f25   Thumb Code    36  stm32f4xx_hal.o(i.HAL_Delay)
    HAL_GPIO_DeInit                          0x08002f4d   Thumb Code   336  stm32f4xx_hal_gpio.o(i.HAL_GPIO_DeInit)
    HAL_GPIO_Init                            0x080030cd   Thumb Code   486  stm32f4xx_hal_gpio.o(i.HAL_GPIO_Init)
    HAL_GPIO_ReadPin                         0x080032e9   Thumb Code    16  stm32f4xx_hal_gpio.o(i.HAL_GPIO_ReadPin)
    HAL_GPIO_WritePin                        0x080032f9   Thumb Code    12  stm32f4xx_hal_gpio.o(i.HAL_GPIO_WritePin)
    HAL_GetTick                              0x08003305   Thumb Code     6  stm32f4xx_hal.o(i.HAL_GetTick)
    HAL_IWDG_Init                            0x08003311   Thumb Code    80  stm32f4xx_hal_iwdg.o(i.HAL_IWDG_Init)
    HAL_IWDG_Refresh                         0x08003361   Thumb Code    14  stm32f4xx_hal_iwdg.o(i.HAL_IWDG_Refresh)
    HAL_IncTick                              0x08003371   Thumb Code    16  stm32f4xx_hal.o(i.HAL_IncTick)
    HAL_Init                                 0x08003389   Thumb Code    44  stm32f4xx_hal.o(i.HAL_Init)
    HAL_InitTick                             0x080033b9   Thumb Code    64  stm32f4xx_hal.o(i.HAL_InitTick)
    HAL_MspInit                              0x08003405   Thumb Code     2  stm32f4xx_hal_msp.o(i.HAL_MspInit)
    HAL_NVIC_ClearPendingIRQ                 0x08003409   Thumb Code    30  stm32f4xx_hal_cortex.o(i.HAL_NVIC_ClearPendingIRQ)
    HAL_NVIC_DisableIRQ                      0x0800342d   Thumb Code    38  stm32f4xx_hal_cortex.o(i.HAL_NVIC_DisableIRQ)
    HAL_NVIC_EnableIRQ                       0x08003459   Thumb Code    40  stm32f4xx_hal_cortex.o(i.HAL_NVIC_EnableIRQ)
    HAL_NVIC_SetPriority                     0x08003481   Thumb Code   124  stm32f4xx_hal_cortex.o(i.HAL_NVIC_SetPriority)
    HAL_NVIC_SetPriorityGrouping             0x080034fd   Thumb Code    32  stm32f4xx_hal_cortex.o(i.HAL_NVIC_SetPriorityGrouping)
    HAL_PWREx_EnableOverDrive                0x08003525   Thumb Code   128  stm32f4xx_hal_pwr_ex.o(i.HAL_PWREx_EnableOverDrive)
    HAL_RCC_ClockConfig                      0x080035b1   Thumb Code   368  stm32f4xx_hal_rcc.o(i.HAL_RCC_ClockConfig)
    HAL_RCC_GetHCLKFreq                      0x08003735   Thumb Code     6  stm32f4xx_hal_rcc.o(i.HAL_RCC_GetHCLKFreq)
    HAL_RCC_GetPCLK1Freq                     0x08003741   Thumb Code    22  stm32f4xx_hal_rcc.o(i.HAL_RCC_GetPCLK1Freq)
    HAL_RCC_GetSysClockFreq                  0x08003761   Thumb Code   162  stm32f4xx_hal_rcc.o(i.HAL_RCC_GetSysClockFreq)
    HAL_RCC_OscConfig                        0x08003811   Thumb Code  1152  stm32f4xx_hal_rcc.o(i.HAL_RCC_OscConfig)
    HAL_SYSTICK_Config                       0x08003c99   Thumb Code    52  stm32f4xx_hal_cortex.o(i.HAL_SYSTICK_Config)
    HAL_TIMEx_MasterConfigSynchronization    0x08003ccd   Thumb Code   150  stm32f4xx_hal_tim_ex.o(i.HAL_TIMEx_MasterConfigSynchronization)
    HAL_TIM_Base_Init                        0x08003d81   Thumb Code    52  stm32f4xx_hal_tim.o(i.HAL_TIM_Base_Init)
    HAL_TIM_Base_MspInit                     0x08003db5   Thumb Code    58  stm32f4xx_hal_msp.o(i.HAL_TIM_Base_MspInit)
    HAL_TIM_Base_Start                       0x08003df9   Thumb Code    42  stm32f4xx_hal_tim.o(i.HAL_TIM_Base_Start)
    HAL_TIM_ConfigClockSource                0x08003e23   Thumb Code   264  stm32f4xx_hal_tim.o(i.HAL_TIM_ConfigClockSource)
    HardFault_Handler                        0x08003f2b   Thumb Code     4  stm32f4xx_it.o(i.HardFault_Handler)
    I2C1_ER_IRQHandler                       0x08003f49   Thumb Code    10  i2c_stm32f4xx.o(i.I2C1_ER_IRQHandler)
    I2C1_EV_IRQHandler                       0x08003f59   Thumb Code    10  i2c_stm32f4xx.o(i.I2C1_EV_IRQHandler)
    Init_Delay                               0x080054a5   Thumb Code   118  delay.o(i.Init_Delay)
    MemManage_Handler                        0x08005525   Thumb Code     4  stm32f4xx_it.o(i.MemManage_Handler)
    NMI_Handler                              0x08005529   Thumb Code     2  stm32f4xx_it.o(i.NMI_Handler)
    PendSV_Handler                           0x0800552b   Thumb Code     2  stm32f4xx_it.o(i.PendSV_Handler)
    SVC_Handler                              0x0800552d   Thumb Code     2  stm32f4xx_it.o(i.SVC_Handler)
    SysTick_Handler                          0x0800552f   Thumb Code     8  stm32f4xx_it.o(i.SysTick_Handler)
    SystemCoreClockUpdate                    0x08005601   Thumb Code   170  system_stm32f4xx.o(i.SystemCoreClockUpdate)
    SystemInit                               0x080056c1   Thumb Code    24  system_stm32f4xx.o(i.SystemInit)
    TIM_Base_SetConfig                       0x080056dd   Thumb Code   170  stm32f4xx_hal_tim.o(i.TIM_Base_SetConfig)
    TIM_ETR_SetConfig                        0x080057b5   Thumb Code    22  stm32f4xx_hal_tim.o(i.TIM_ETR_SetConfig)
    USART3_IRQHandler                        0x08005895   Thumb Code    10  usart_stm32f4xx.o(i.USART3_IRQHandler)
    USART_IRQHandler                         0x08006307   Thumb Code   626  usart_stm32f4xx.o(i.USART_IRQHandler)
    UsageFault_Handler                       0x08006da9   Thumb Code     4  stm32f4xx_it.o(i.UsageFault_Handler)
    __ARM_fpclassify                         0x08006dad   Thumb Code    48  fpclassify.o(i.__ARM_fpclassify)
    _is_digit                                0x08006e15   Thumb Code    14  __printf_wp.o(i._is_digit)
    fputc                                    0x08006e23   Thumb Code    26  fputc.o(i.fputc)
    initI2c                                  0x08006e3d   Thumb Code    48  sensor_temp.o(i.initI2c)
    init_USART                               0x08006e71   Thumb Code    86  usart.o(i.init_USART)
    init_Watchdog                            0x08006ecd   Thumb Code    36  watchdog.o(i.init_Watchdog)
    init_acc                                 0x08006ef9   Thumb Code    52  sensor_acc.o(i.init_acc)
    leerTemperatura                          0x08006f31   Thumb Code   186  sensor_temp.o(i.leerTemperatura)
    leeraxis                                 0x08006ff9   Thumb Code   302  sensor_acc.o(i.leeraxis)
    main                                     0x0800712d   Thumb Code   296  main.o(i.main)
    reset_Watchdog                           0x080072d5   Thumb Code    10  watchdog.o(i.reset_Watchdog)
    tx_USART                                 0x080072e5   Thumb Code    74  usart.o(i.tx_USART)
    _get_lc_numeric                          0x08007335   Thumb Code    44  lc_numeric_c.o(locale$$code)
    _get_lc_ctype                            0x08007361   Thumb Code    44  lc_ctype_c.o(locale$$code)
    __aeabi_d2f                              0x0800738d   Thumb Code     0  d2f.o(x$fpl$d2f)
    _d2f                                     0x0800738d   Thumb Code    98  d2f.o(x$fpl$d2f)
    __aeabi_i2d                              0x080073ef   Thumb Code     0  dflt_clz.o(x$fpl$dflt)
    _dflt                                    0x080073ef   Thumb Code    46  dflt_clz.o(x$fpl$dflt)
    __aeabi_ui2d                             0x0800741d   Thumb Code     0  dflt_clz.o(x$fpl$dfltu)
    _dfltu                                   0x0800741d   Thumb Code    38  dflt_clz.o(x$fpl$dfltu)
    __aeabi_dmul                             0x08007445   Thumb Code     0  dmul.o(x$fpl$dmul)
    _dmul                                    0x08007445   Thumb Code   332  dmul.o(x$fpl$dmul)
    __fpl_dnaninf                            0x08007599   Thumb Code   156  dnaninf.o(x$fpl$dnaninf)
    __fpl_dretinf                            0x08007635   Thumb Code    12  dretinf.o(x$fpl$dretinf)
    __aeabi_f2d                              0x08007641   Thumb Code     0  f2d.o(x$fpl$f2d)
    _f2d                                     0x08007641   Thumb Code    86  f2d.o(x$fpl$f2d)
    __fpl_fnaninf                            0x08007697   Thumb Code   140  fnaninf.o(x$fpl$fnaninf)
    _fp_init                                 0x08007723   Thumb Code    10  fpinit.o(x$fpl$fpinit)
    __fplib_config_fpu_vfp                   0x0800772b   Thumb Code     0  fpinit.o(x$fpl$fpinit)
    __fplib_config_pureend_doubles           0x0800772b   Thumb Code     0  fpinit.o(x$fpl$fpinit)
    __fpl_fretinf                            0x0800772d   Thumb Code    10  fretinf.o(x$fpl$fretinf)
    _printf_fp_dec                           0x08007737   Thumb Code     4  printf1.o(x$fpl$printf1)
    _printf_fp_hex                           0x0800773b   Thumb Code     4  printf2.o(x$fpl$printf2)
    __I$use$fp                               0x0800773e   Number         0  usenofp.o(x$fpl$usenofp)
    Driver_I2C1                              0x08007778   Data          48  i2c_stm32f4xx.o(.constdata)
    Driver_USART3                            0x080077f8   Data          56  usart_stm32f4xx.o(.constdata)
    AHBPrescTable                            0x08007838   Data          16  system_stm32f4xx.o(.constdata)
    APBPrescTable                            0x08007848   Data           8  system_stm32f4xx.o(.constdata)
    __stdin_name                             0x08007950   Data           4  sys_io.o(.constdata)
    __stdout_name                            0x08007954   Data           4  sys_io.o(.constdata)
    __stderr_name                            0x08007958   Data           4  sys_io.o(.constdata)
    Region$$Table$$Base                      0x0800795c   Number         0  anon$$obj.o(Region$$Table)
    Region$$Table$$Limit                     0x0800797c   Number         0  anon$$obj.o(Region$$Table)
    __ctype                                  0x080079a5   Data           0  lc_ctype_c.o(locale$$data)
    temperatura                              0x20000000   Data           4  main.o(.data)
    ejex                                     0x20000004   Data           4  main.o(.data)
    ejey                                     0x20000008   Data           4  main.o(.data)
    ejez                                     0x2000000c   Data           4  main.o(.data)
    size                                     0x20000010   Data           4  main.o(.data)
    uwTick                                   0x20000020   Data           4  stm32f4xx_hal.o(.data)
    uwTickPrio                               0x20000024   Data           4  stm32f4xx_hal.o(.data)
    uwTickFreq                               0x20000028   Data           1  stm32f4xx_hal.o(.data)
    SystemCoreClock                          0x2000002c   Data           4  system_stm32f4xx.o(.data)
    __aeabi_stdin                            0x20000030   Data           4  stdio_streams.o(.data)
    __aeabi_stdout                           0x20000034   Data           4  stdio_streams.o(.data)
    __aeabi_stderr                           0x20000038   Data           4  stdio_streams.o(.data)
    buf                                      0x2000003c   Data         100  main.o(.bss)
    htim6                                    0x200000a0   Data          64  delay.o(.bss)
    IwdgHandle                               0x200000e0   Data          12  watchdog.o(.bss)
    __stdin                                  0x2000014c   Data          84  stdio_streams.o(.bss)
    __stdout                                 0x200001a0   Data          84  stdio_streams.o(.bss)
    __stderr                                 0x200001f4   Data          84  stdio_streams.o(.bss)
    __libspace_start                         0x20000248   Data          96  libspace.o(.bss)
    __temporary_stack_top$libspace           0x200002a8   Data           0  libspace.o(.bss)



==============================================================================

Memory Map of the image

  Image Entry point : 0x08000309

  Load Region LR_1 (Base: 0x08000000, Size: 0x00007ae4, Max: 0xffffffff, ABSOLUTE)

    Execution Region ER_RO (Exec base: 0x08000000, Load base: 0x08000000, Size: 0x00007aa8, Max: 0xffffffff, ABSOLUTE)

    Exec Addr    Load Addr    Size         Type   Attr      Idx    E Section Name        Object

    0x08000000   0x08000000   0x000001ac   Data   RO         2679    RESET               startup_stm32f429xx.o
    0x080001ac   0x080001ac   0x00000008   Code   RO         2792  * !!!main             c_w.l(__main.o)
    0x080001b4   0x080001b4   0x00000034   Code   RO         3301    !!!scatter          c_w.l(__scatter.o)
    0x080001e8   0x080001e8   0x0000001a   Code   RO         3303    !!handler_copy      c_w.l(__scatter_copy.o)
    0x08000202   0x08000202   0x00000002   PAD
    0x08000204   0x08000204   0x0000001c   Code   RO         3305    !!handler_zi        c_w.l(__scatter_zi.o)
    0x08000220   0x08000220   0x00000000   Code   RO         2787    .ARM.Collect$$_printf_percent$$00000000  c_w.l(_printf_percent.o)
    0x08000220   0x08000220   0x00000006   Code   RO         2865    .ARM.Collect$$_printf_percent$$00000001  c_w.l(_printf_n.o)
    0x08000226   0x08000226   0x00000006   Code   RO         2867    .ARM.Collect$$_printf_percent$$00000002  c_w.l(_printf_p.o)
    0x0800022c   0x0800022c   0x00000006   Code   RO         2786    .ARM.Collect$$_printf_percent$$00000003  c_w.l(_printf_f.o)
    0x08000232   0x08000232   0x00000006   Code   RO         2871    .ARM.Collect$$_printf_percent$$00000004  c_w.l(_printf_e.o)
    0x08000238   0x08000238   0x00000006   Code   RO         2872    .ARM.Collect$$_printf_percent$$00000005  c_w.l(_printf_g.o)
    0x0800023e   0x0800023e   0x00000006   Code   RO         2873    .ARM.Collect$$_printf_percent$$00000006  c_w.l(_printf_a.o)
    0x08000244   0x08000244   0x0000000a   Code   RO         2878    .ARM.Collect$$_printf_percent$$00000007  c_w.l(_printf_ll.o)
    0x0800024e   0x0800024e   0x00000006   Code   RO         2869    .ARM.Collect$$_printf_percent$$00000008  c_w.l(_printf_i.o)
    0x08000254   0x08000254   0x00000006   Code   RO         2785    .ARM.Collect$$_printf_percent$$00000009  c_w.l(_printf_d.o)
    0x0800025a   0x0800025a   0x00000006   Code   RO         2870    .ARM.Collect$$_printf_percent$$0000000A  c_w.l(_printf_u.o)
    0x08000260   0x08000260   0x00000006   Code   RO         2868    .ARM.Collect$$_printf_percent$$0000000B  c_w.l(_printf_o.o)
    0x08000266   0x08000266   0x00000006   Code   RO         2866    .ARM.Collect$$_printf_percent$$0000000C  c_w.l(_printf_x.o)
    0x0800026c   0x0800026c   0x00000006   Code   RO         2875    .ARM.Collect$$_printf_percent$$0000000D  c_w.l(_printf_lli.o)
    0x08000272   0x08000272   0x00000006   Code   RO         2876    .ARM.Collect$$_printf_percent$$0000000E  c_w.l(_printf_lld.o)
    0x08000278   0x08000278   0x00000006   Code   RO         2877    .ARM.Collect$$_printf_percent$$0000000F  c_w.l(_printf_llu.o)
    0x0800027e   0x0800027e   0x00000006   Code   RO         2882    .ARM.Collect$$_printf_percent$$00000010  c_w.l(_printf_llo.o)
    0x08000284   0x08000284   0x00000006   Code   RO         2883    .ARM.Collect$$_printf_percent$$00000011  c_w.l(_printf_llx.o)
    0x0800028a   0x0800028a   0x0000000a   Code   RO         2879    .ARM.Collect$$_printf_percent$$00000012  c_w.l(_printf_l.o)
    0x08000294   0x08000294   0x00000006   Code   RO         2863    .ARM.Collect$$_printf_percent$$00000013  c_w.l(_printf_c.o)
    0x0800029a   0x0800029a   0x00000006   Code   RO         2864    .ARM.Collect$$_printf_percent$$00000014  c_w.l(_printf_s.o)
    0x080002a0   0x080002a0   0x00000006   Code   RO         2880    .ARM.Collect$$_printf_percent$$00000015  c_w.l(_printf_lc.o)
    0x080002a6   0x080002a6   0x00000006   Code   RO         2881    .ARM.Collect$$_printf_percent$$00000016  c_w.l(_printf_ls.o)
    0x080002ac   0x080002ac   0x00000004   Code   RO         2874    .ARM.Collect$$_printf_percent$$00000017  c_w.l(_printf_percent_end.o)
    0x080002b0   0x080002b0   0x00000002   Code   RO         3088    .ARM.Collect$$libinit$$00000000  c_w.l(libinit.o)
    0x080002b2   0x080002b2   0x00000004   Code   RO         3089    .ARM.Collect$$libinit$$00000001  c_w.l(libinit2.o)
    0x080002b6   0x080002b6   0x00000000   Code   RO         3092    .ARM.Collect$$libinit$$00000004  c_w.l(libinit2.o)
    0x080002b6   0x080002b6   0x00000008   Code   RO         3093    .ARM.Collect$$libinit$$00000005  c_w.l(libinit2.o)
    0x080002be   0x080002be   0x00000000   Code   RO         3095    .ARM.Collect$$libinit$$0000000A  c_w.l(libinit2.o)
    0x080002be   0x080002be   0x00000000   Code   RO         3097    .ARM.Collect$$libinit$$0000000C  c_w.l(libinit2.o)
    0x080002be   0x080002be   0x00000000   Code   RO         3099    .ARM.Collect$$libinit$$0000000E  c_w.l(libinit2.o)
    0x080002be   0x080002be   0x00000006   Code   RO         3100    .ARM.Collect$$libinit$$0000000F  c_w.l(libinit2.o)
    0x080002c4   0x080002c4   0x00000000   Code   RO         3102    .ARM.Collect$$libinit$$00000011  c_w.l(libinit2.o)
    0x080002c4   0x080002c4   0x0000000c   Code   RO         3103    .ARM.Collect$$libinit$$00000012  c_w.l(libinit2.o)
    0x080002d0   0x080002d0   0x00000000   Code   RO         3104    .ARM.Collect$$libinit$$00000013  c_w.l(libinit2.o)
    0x080002d0   0x080002d0   0x00000000   Code   RO         3106    .ARM.Collect$$libinit$$00000015  c_w.l(libinit2.o)
    0x080002d0   0x080002d0   0x0000000a   Code   RO         3107    .ARM.Collect$$libinit$$00000016  c_w.l(libinit2.o)
    0x080002da   0x080002da   0x00000000   Code   RO         3108    .ARM.Collect$$libinit$$00000017  c_w.l(libinit2.o)
    0x080002da   0x080002da   0x00000000   Code   RO         3110    .ARM.Collect$$libinit$$00000019  c_w.l(libinit2.o)
    0x080002da   0x080002da   0x00000000   Code   RO         3112    .ARM.Collect$$libinit$$0000001B  c_w.l(libinit2.o)
    0x080002da   0x080002da   0x00000000   Code   RO         3114    .ARM.Collect$$libinit$$0000001D  c_w.l(libinit2.o)
    0x080002da   0x080002da   0x00000000   Code   RO         3116    .ARM.Collect$$libinit$$0000001F  c_w.l(libinit2.o)
    0x080002da   0x080002da   0x00000000   Code   RO         3118    .ARM.Collect$$libinit$$00000021  c_w.l(libinit2.o)
    0x080002da   0x080002da   0x00000000   Code   RO         3120    .ARM.Collect$$libinit$$00000023  c_w.l(libinit2.o)
    0x080002da   0x080002da   0x00000004   Code   RO         3121    .ARM.Collect$$libinit$$00000024  c_w.l(libinit2.o)
    0x080002de   0x080002de   0x00000000   Code   RO         3122    .ARM.Collect$$libinit$$00000025  c_w.l(libinit2.o)
    0x080002de   0x080002de   0x00000000   Code   RO         3126    .ARM.Collect$$libinit$$0000002C  c_w.l(libinit2.o)
    0x080002de   0x080002de   0x00000000   Code   RO         3128    .ARM.Collect$$libinit$$0000002E  c_w.l(libinit2.o)
    0x080002de   0x080002de   0x00000000   Code   RO         3130    .ARM.Collect$$libinit$$00000030  c_w.l(libinit2.o)
    0x080002de   0x080002de   0x00000000   Code   RO         3132    .ARM.Collect$$libinit$$00000032  c_w.l(libinit2.o)
    0x080002de   0x080002de   0x00000002   Code   RO         3133    .ARM.Collect$$libinit$$00000033  c_w.l(libinit2.o)
    0x080002e0   0x080002e0   0x00000002   Code   RO         3282    .ARM.Collect$$libshutdown$$00000000  c_w.l(libshutdown.o)
    0x080002e2   0x080002e2   0x00000000   Code   RO         3135    .ARM.Collect$$libshutdown$$00000002  c_w.l(libshutdown2.o)
    0x080002e2   0x080002e2   0x00000004   Code   RO         3136    .ARM.Collect$$libshutdown$$00000003  c_w.l(libshutdown2.o)
    0x080002e6   0x080002e6   0x00000000   Code   RO         3137    .ARM.Collect$$libshutdown$$00000004  c_w.l(libshutdown2.o)
    0x080002e6   0x080002e6   0x00000000   Code   RO         3140    .ARM.Collect$$libshutdown$$00000007  c_w.l(libshutdown2.o)
    0x080002e6   0x080002e6   0x00000000   Code   RO         3143    .ARM.Collect$$libshutdown$$0000000A  c_w.l(libshutdown2.o)
    0x080002e6   0x080002e6   0x00000000   Code   RO         3145    .ARM.Collect$$libshutdown$$0000000C  c_w.l(libshutdown2.o)
    0x080002e6   0x080002e6   0x00000000   Code   RO         3148    .ARM.Collect$$libshutdown$$0000000F  c_w.l(libshutdown2.o)
    0x080002e6   0x080002e6   0x00000002   Code   RO         3149    .ARM.Collect$$libshutdown$$00000010  c_w.l(libshutdown2.o)
    0x080002e8   0x080002e8   0x00000000   Code   RO         2808    .ARM.Collect$$rtentry$$00000000  c_w.l(__rtentry.o)
    0x080002e8   0x080002e8   0x00000000   Code   RO         2906    .ARM.Collect$$rtentry$$00000002  c_w.l(__rtentry2.o)
    0x080002e8   0x080002e8   0x00000006   Code   RO         2918    .ARM.Collect$$rtentry$$00000004  c_w.l(__rtentry4.o)
    0x080002ee   0x080002ee   0x00000000   Code   RO         2908    .ARM.Collect$$rtentry$$00000009  c_w.l(__rtentry2.o)
    0x080002ee   0x080002ee   0x00000004   Code   RO         2909    .ARM.Collect$$rtentry$$0000000A  c_w.l(__rtentry2.o)
    0x080002f2   0x080002f2   0x00000000   Code   RO         2911    .ARM.Collect$$rtentry$$0000000C  c_w.l(__rtentry2.o)
    0x080002f2   0x080002f2   0x00000008   Code   RO         2912    .ARM.Collect$$rtentry$$0000000D  c_w.l(__rtentry2.o)
    0x080002fa   0x080002fa   0x00000002   Code   RO         3155    .ARM.Collect$$rtexit$$00000000  c_w.l(rtexit.o)
    0x080002fc   0x080002fc   0x00000000   Code   RO         3218    .ARM.Collect$$rtexit$$00000002  c_w.l(rtexit2.o)
    0x080002fc   0x080002fc   0x00000004   Code   RO         3219    .ARM.Collect$$rtexit$$00000003  c_w.l(rtexit2.o)
    0x08000300   0x08000300   0x00000006   Code   RO         3220    .ARM.Collect$$rtexit$$00000004  c_w.l(rtexit2.o)
    0x08000306   0x08000306   0x00000002   PAD
    0x08000308   0x08000308   0x00000000   Code   RO         3224    .emb_text           c_w.l(maybetermalloc1.o)
    0x08000308   0x08000308   0x00000040   Code   RO         2680  * .text               startup_stm32f429xx.o
    0x08000348   0x08000348   0x000000ee   Code   RO         2753    .text               c_w.l(lludivv7m.o)
    0x08000436   0x08000436   0x00000002   PAD
    0x08000438   0x08000438   0x00000018   Code   RO         2755    .text               c_w.l(printf.o)
    0x08000450   0x08000450   0x0000002c   Code   RO         2757    .text               c_w.l(__2sprintf.o)
    0x0800047c   0x0800047c   0x00000078   Code   RO         2763    .text               c_w.l(_printf_dec.o)
    0x080004f4   0x080004f4   0x00000188   Code   RO         2782    .text               c_w.l(__printf_flags_ss_wp.o)
    0x0800067c   0x0800067c   0x0000004e   Code   RO         2788    .text               c_w.l(rt_memclr_w.o)
    0x080006ca   0x080006ca   0x00000006   Code   RO         2790    .text               c_w.l(heapauxi.o)
    0x080006d0   0x080006d0   0x0000004e   Code   RO         2813    .text               c_w.l(_printf_pad.o)
    0x0800071e   0x0800071e   0x00000024   Code   RO         2815    .text               c_w.l(_printf_truncate.o)
    0x08000742   0x08000742   0x00000052   Code   RO         2817    .text               c_w.l(_printf_str.o)
    0x08000794   0x08000794   0x000000b2   Code   RO         2819    .text               c_w.l(_printf_intcommon.o)
    0x08000846   0x08000846   0x00000028   Code   RO         2821    .text               c_w.l(_printf_charcount.o)
    0x0800086e   0x0800086e   0x0000041e   Code   RO         2823    .text               c_w.l(_printf_fp_dec.o)
    0x08000c8c   0x08000c8c   0x00000030   Code   RO         2825    .text               c_w.l(_printf_char_common.o)
    0x08000cbc   0x08000cbc   0x0000000a   Code   RO         2827    .text               c_w.l(_sputc.o)
    0x08000cc6   0x08000cc6   0x00000002   PAD
    0x08000cc8   0x08000cc8   0x00000024   Code   RO         2829    .text               c_w.l(_printf_char_file.o)
    0x08000cec   0x08000cec   0x000000bc   Code   RO         2831    .text               c_w.l(_printf_wctomb.o)
    0x08000da8   0x08000da8   0x0000007c   Code   RO         2834    .text               c_w.l(_printf_longlong_dec.o)
    0x08000e24   0x08000e24   0x00000070   Code   RO         2840    .text               c_w.l(_printf_oct_int_ll.o)
    0x08000e94   0x08000e94   0x00000094   Code   RO         2860    .text               c_w.l(_printf_hex_int_ll_ptr.o)
    0x08000f28   0x08000f28   0x00000008   Code   RO         2925    .text               c_w.l(rt_locale_intlibspace.o)
    0x08000f30   0x08000f30   0x0000008a   Code   RO         2927    .text               c_w.l(lludiv10.o)
    0x08000fba   0x08000fba   0x00000002   PAD
    0x08000fbc   0x08000fbc   0x000002fc   Code   RO         2929    .text               c_w.l(_printf_fp_hex.o)
    0x080012b8   0x080012b8   0x00000080   Code   RO         2932    .text               c_w.l(_printf_fp_infnan.o)
    0x08001338   0x08001338   0x0000002c   Code   RO         2936    .text               c_w.l(_printf_char.o)
    0x08001364   0x08001364   0x0000002c   Code   RO         2938    .text               c_w.l(_printf_wchar.o)
    0x08001390   0x08001390   0x000000e4   Code   RO         2940    .text               c_w.l(bigflt0.o)
    0x08001474   0x08001474   0x00000008   Code   RO         2965    .text               c_w.l(ferror.o)
    0x0800147c   0x0800147c   0x00000138   Code   RO         2971    .text               c_w.l(initio.o)
    0x080015b4   0x080015b4   0x00000040   Code   RO         2979    .text               c_w.l(_wcrtomb.o)
    0x080015f4   0x080015f4   0x00000066   Code   RO         2988    .text               c_w.l(sys_io.o)
    0x0800165a   0x0800165a   0x00000002   PAD
    0x0800165c   0x0800165c   0x00000008   Code   RO         2993    .text               c_w.l(libspace.o)
    0x08001664   0x08001664   0x0000004a   Code   RO         2998    .text               c_w.l(sys_stackheap_outer.o)
    0x080016ae   0x080016ae   0x00000002   PAD
    0x080016b0   0x080016b0   0x00000010   Code   RO         3000    .text               c_w.l(rt_ctype_table.o)
    0x080016c0   0x080016c0   0x0000004e   Code   RO         3004    .text               c_w.l(h1_free.o)
    0x0800170e   0x0800170e   0x000001d6   Code   RO         3058    .text               c_w.l(flsbuf.o)
    0x080018e4   0x080018e4   0x00000046   Code   RO         3060    .text               c_w.l(setvbuf.o)
    0x0800192a   0x0800192a   0x00000002   PAD
    0x0800192c   0x0800192c   0x000000ec   Code   RO         3063    .text               c_w.l(fopen.o)
    0x08001a18   0x08001a18   0x0000004c   Code   RO         3065    .text               c_w.l(fclose.o)
    0x08001a64   0x08001a64   0x00000012   Code   RO         3071    .text               c_w.l(exit.o)
    0x08001a76   0x08001a76   0x0000000e   Code   RO         3077    .text               c_w.l(defsig_rtred_outer.o)
    0x08001a84   0x08001a84   0x00000080   Code   RO         3081    .text               c_w.l(strcmpv7m.o)
    0x08001b04   0x08001b04   0x00000002   Code   RO         3152    .text               c_w.l(use_no_semi.o)
    0x08001b06   0x08001b06   0x00000000   Code   RO         3154    .text               c_w.l(indicate_semi.o)
    0x08001b06   0x08001b06   0x00000002   PAD
    0x08001b08   0x08001b08   0x00000008   Code   RO         3162    .text               c_w.l(rt_heap_descriptor_intlibspace.o)
    0x08001b10   0x08001b10   0x00000004   Code   RO         3164    .text               c_w.l(hguard.o)
    0x08001b14   0x08001b14   0x0000008a   Code   RO         3166    .text               c_w.l(init_alloc.o)
    0x08001b9e   0x08001b9e   0x0000005e   Code   RO         3172    .text               c_w.l(h1_alloc.o)
    0x08001bfc   0x08001bfc   0x000000f8   Code   RO         3188    .text               c_w.l(fseek.o)
    0x08001cf4   0x08001cf4   0x000000f0   Code   RO         3190    .text               c_w.l(stdio.o)
    0x08001de4   0x08001de4   0x0000000a   Code   RO         3199    .text               c_w.l(defsig_exit.o)
    0x08001dee   0x08001dee   0x00000002   PAD
    0x08001df0   0x08001df0   0x00000034   Code   RO         3203    .text               c_w.l(defsig_rtred_inner.o)
    0x08001e24   0x08001e24   0x0000003e   Code   RO         3207    .text               c_w.l(strlen.o)
    0x08001e62   0x08001e62   0x00000002   PAD
    0x08001e64   0x08001e64   0x0000000c   Code   RO         3215    .text               c_w.l(sys_exit.o)
    0x08001e70   0x08001e70   0x0000000e   Code   RO         3226    .text               c_w.l(h1_init.o)
    0x08001e7e   0x08001e7e   0x00000034   Code   RO         3228    .text               c_w.l(h1_extend.o)
    0x08001eb2   0x08001eb2   0x00000042   Code   RO         3238    .text               c_w.l(ftell.o)
    0x08001ef4   0x08001ef4   0x00000032   Code   RO         3246    .text               c_w.l(defsig_general.o)
    0x08001f26   0x08001f26   0x0000000e   Code   RO         3248    .text               c_w.l(defsig_rtmem_outer.o)
    0x08001f34   0x08001f34   0x0000000e   Code   RO         3263    .text               c_w.l(sys_wrch.o)
    0x08001f42   0x08001f42   0x00000002   PAD
    0x08001f44   0x08001f44   0x00000008   Code   RO         3270    .text               c_w.l(rt_errno_addr_intlibspace.o)
    0x08001f4c   0x08001f4c   0x00000050   Code   RO         3276    .text               c_w.l(defsig_rtmem_inner.o)
    0x08001f9c   0x08001f9c   0x0000003e   Code   RO         2943    CL$$btod_d2e        c_w.l(btod.o)
    0x08001fda   0x08001fda   0x00000046   Code   RO         2945    CL$$btod_d2e_denorm_low  c_w.l(btod.o)
    0x08002020   0x08002020   0x00000060   Code   RO         2944    CL$$btod_d2e_norm_op1  c_w.l(btod.o)
    0x08002080   0x08002080   0x00000338   Code   RO         2953    CL$$btod_div_common  c_w.l(btod.o)
    0x080023b8   0x080023b8   0x000000dc   Code   RO         2950    CL$$btod_e2e        c_w.l(btod.o)
    0x08002494   0x08002494   0x0000002a   Code   RO         2947    CL$$btod_ediv       c_w.l(btod.o)
    0x080024be   0x080024be   0x0000002a   Code   RO         2946    CL$$btod_emul       c_w.l(btod.o)
    0x080024e8   0x080024e8   0x00000244   Code   RO         2952    CL$$btod_mult_common  c_w.l(btod.o)
    0x0800272c   0x0800272c   0x00000004   Code   RO          208    i.BusFault_Handler  stm32f4xx_it.o
    0x08002730   0x08002730   0x00000034   Code   RO         1168    i.DMA_CalcBaseAndBitshift  stm32f4xx_hal_dma.o
    0x08002764   0x08002764   0x000000aa   Code   RO         1169    i.DMA_CheckFifoParam  stm32f4xx_hal_dma.o
    0x0800280e   0x0800280e   0x0000002c   Code   RO         1170    i.DMA_SetConfig     stm32f4xx_hal_dma.o
    0x0800283a   0x0800283a   0x00000002   Code   RO          209    i.DebugMon_Handler  stm32f4xx_it.o
    0x0800283c   0x0800283c   0x0000001a   Code   RO          358    i.Delay_ms          delay.o
    0x08002856   0x08002856   0x00000002   PAD
    0x08002858   0x08002858   0x00000018   Code   RO          359    i.Delay_us          delay.o
    0x08002870   0x08002870   0x000001d8   Code   RO          473    i.Enable_GPIO_Clock  i2c_stm32f4xx.o
    0x08002a48   0x08002a48   0x00000184   Code   RO          644    i.Enable_GPIO_Clock  usart_stm32f4xx.o
    0x08002bcc   0x08002bcc   0x0000012c   Code   RO            4    i.Error_Handler     main.o
    0x08002cf8   0x08002cf8   0x000000aa   Code   RO         1171    i.HAL_DMA_Abort     stm32f4xx_hal_dma.o
    0x08002da2   0x08002da2   0x00000002   PAD
    0x08002da4   0x08002da4   0x000000ec   Code   RO         1177    i.HAL_DMA_Init      stm32f4xx_hal_dma.o
    0x08002e90   0x08002e90   0x00000092   Code   RO         1181    i.HAL_DMA_Start_IT  stm32f4xx_hal_dma.o
    0x08002f22   0x08002f22   0x00000002   PAD
    0x08002f24   0x08002f24   0x00000028   Code   RO          837    i.HAL_Delay         stm32f4xx_hal.o
    0x08002f4c   0x08002f4c   0x00000180   Code   RO         1315    i.HAL_GPIO_DeInit   stm32f4xx_hal_gpio.o
    0x080030cc   0x080030cc   0x0000021c   Code   RO         1318    i.HAL_GPIO_Init     stm32f4xx_hal_gpio.o
    0x080032e8   0x080032e8   0x00000010   Code   RO         1320    i.HAL_GPIO_ReadPin  stm32f4xx_hal_gpio.o
    0x080032f8   0x080032f8   0x0000000c   Code   RO         1322    i.HAL_GPIO_WritePin  stm32f4xx_hal_gpio.o
    0x08003304   0x08003304   0x0000000c   Code   RO          845    i.HAL_GetTick       stm32f4xx_hal.o
    0x08003310   0x08003310   0x00000050   Code   RO         2724    i.HAL_IWDG_Init     stm32f4xx_hal_iwdg.o
    0x08003360   0x08003360   0x0000000e   Code   RO         2725    i.HAL_IWDG_Refresh  stm32f4xx_hal_iwdg.o
    0x0800336e   0x0800336e   0x00000002   PAD
    0x08003370   0x08003370   0x00000018   Code   RO          851    i.HAL_IncTick       stm32f4xx_hal.o
    0x08003388   0x08003388   0x00000030   Code   RO          852    i.HAL_Init          stm32f4xx_hal.o
    0x080033b8   0x080033b8   0x0000004c   Code   RO          853    i.HAL_InitTick      stm32f4xx_hal.o
    0x08003404   0x08003404   0x00000002   Code   RO          173    i.HAL_MspInit       stm32f4xx_hal_msp.o
    0x08003406   0x08003406   0x00000002   PAD
    0x08003408   0x08003408   0x00000024   Code   RO         1031    i.HAL_NVIC_ClearPendingIRQ  stm32f4xx_hal_cortex.o
    0x0800342c   0x0800342c   0x0000002c   Code   RO         1032    i.HAL_NVIC_DisableIRQ  stm32f4xx_hal_cortex.o
    0x08003458   0x08003458   0x00000028   Code   RO         1033    i.HAL_NVIC_EnableIRQ  stm32f4xx_hal_cortex.o
    0x08003480   0x08003480   0x0000007c   Code   RO         1039    i.HAL_NVIC_SetPriority  stm32f4xx_hal_cortex.o
    0x080034fc   0x080034fc   0x00000028   Code   RO         1040    i.HAL_NVIC_SetPriorityGrouping  stm32f4xx_hal_cortex.o
    0x08003524   0x08003524   0x0000008c   Code   RO         1507    i.HAL_PWREx_EnableOverDrive  stm32f4xx_hal_pwr_ex.o
    0x080035b0   0x080035b0   0x00000184   Code   RO         1574    i.HAL_RCC_ClockConfig  stm32f4xx_hal_rcc.o
    0x08003734   0x08003734   0x0000000c   Code   RO         1579    i.HAL_RCC_GetHCLKFreq  stm32f4xx_hal_rcc.o
    0x08003740   0x08003740   0x00000020   Code   RO         1581    i.HAL_RCC_GetPCLK1Freq  stm32f4xx_hal_rcc.o
    0x08003760   0x08003760   0x000000b0   Code   RO         1583    i.HAL_RCC_GetSysClockFreq  stm32f4xx_hal_rcc.o
    0x08003810   0x08003810   0x00000488   Code   RO         1586    i.HAL_RCC_OscConfig  stm32f4xx_hal_rcc.o
    0x08003c98   0x08003c98   0x00000034   Code   RO         1044    i.HAL_SYSTICK_Config  stm32f4xx_hal_cortex.o
    0x08003ccc   0x08003ccc   0x000000b4   Code   RO         2447    i.HAL_TIMEx_MasterConfigSynchronization  stm32f4xx_hal_tim_ex.o
    0x08003d80   0x08003d80   0x00000034   Code   RO         1743    i.HAL_TIM_Base_Init  stm32f4xx_hal_tim.o
    0x08003db4   0x08003db4   0x00000044   Code   RO          174    i.HAL_TIM_Base_MspInit  stm32f4xx_hal_msp.o
    0x08003df8   0x08003df8   0x0000002a   Code   RO         1746    i.HAL_TIM_Base_Start  stm32f4xx_hal_tim.o
    0x08003e22   0x08003e22   0x00000108   Code   RO         1752    i.HAL_TIM_ConfigClockSource  stm32f4xx_hal_tim.o
    0x08003f2a   0x08003f2a   0x00000004   Code   RO          210    i.HardFault_Handler  stm32f4xx_it.o
    0x08003f2e   0x08003f2e   0x00000002   PAD
    0x08003f30   0x08003f30   0x00000018   Code   RO          474    i.I2C1_Control      i2c_stm32f4xx.o
    0x08003f48   0x08003f48   0x00000010   Code   RO          475    i.I2C1_ER_IRQHandler  i2c_stm32f4xx.o
    0x08003f58   0x08003f58   0x00000010   Code   RO          476    i.I2C1_EV_IRQHandler  i2c_stm32f4xx.o
    0x08003f68   0x08003f68   0x00000010   Code   RO          477    i.I2C1_GetDataCount  i2c_stm32f4xx.o
    0x08003f78   0x08003f78   0x00000010   Code   RO          478    i.I2C1_GetStatus    i2c_stm32f4xx.o
    0x08003f88   0x08003f88   0x00000014   Code   RO          479    i.I2C1_Initialize   i2c_stm32f4xx.o
    0x08003f9c   0x08003f9c   0x00000020   Code   RO          480    i.I2C1_MasterReceive  i2c_stm32f4xx.o
    0x08003fbc   0x08003fbc   0x00000020   Code   RO          481    i.I2C1_MasterTransmit  i2c_stm32f4xx.o
    0x08003fdc   0x08003fdc   0x00000014   Code   RO          482    i.I2C1_PowerControl  i2c_stm32f4xx.o
    0x08003ff0   0x08003ff0   0x00000018   Code   RO          483    i.I2C1_SlaveReceive  i2c_stm32f4xx.o
    0x08004008   0x08004008   0x00000018   Code   RO          484    i.I2C1_SlaveTransmit  i2c_stm32f4xx.o
    0x08004020   0x08004020   0x00000010   Code   RO          485    i.I2C1_Uninitialize  i2c_stm32f4xx.o
    0x08004030   0x08004030   0x0000000c   Code   RO          486    i.I2CX_GetCapabilities  i2c_stm32f4xx.o
    0x0800403c   0x0800403c   0x00000010   Code   RO          487    i.I2CX_GetVersion   i2c_stm32f4xx.o
    0x0800404c   0x0800404c   0x0000034c   Code   RO          488    i.I2C_Control       i2c_stm32f4xx.o
    0x08004398   0x08004398   0x00000206   Code   RO          489    i.I2C_ER_IRQHandler  i2c_stm32f4xx.o
    0x0800459e   0x0800459e   0x000006bc   Code   RO          490    i.I2C_EV_IRQHandler  i2c_stm32f4xx.o
    0x08004c5a   0x08004c5a   0x00000034   Code   RO          491    i.I2C_GetDataCount  i2c_stm32f4xx.o
    0x08004c8e   0x08004c8e   0x00000008   Code   RO          492    i.I2C_GetStatus     i2c_stm32f4xx.o
    0x08004c96   0x08004c96   0x00000002   PAD
    0x08004c98   0x08004c98   0x000001c0   Code   RO          493    i.I2C_Initialize    i2c_stm32f4xx.o
    0x08004e58   0x08004e58   0x00000144   Code   RO          494    i.I2C_MasterReceive  i2c_stm32f4xx.o
    0x08004f9c   0x08004f9c   0x0000012a   Code   RO          495    i.I2C_MasterTransmit  i2c_stm32f4xx.o
    0x080050c6   0x080050c6   0x00000002   PAD
    0x080050c8   0x080050c8   0x00000298   Code   RO          496    i.I2C_PowerControl  i2c_stm32f4xx.o
    0x08005360   0x08005360   0x00000088   Code   RO          497    i.I2C_SlaveReceive  i2c_stm32f4xx.o
    0x080053e8   0x080053e8   0x00000088   Code   RO          498    i.I2C_SlaveTransmit  i2c_stm32f4xx.o
    0x08005470   0x08005470   0x00000034   Code   RO          499    i.I2C_Uninitialize  i2c_stm32f4xx.o
    0x080054a4   0x080054a4   0x00000080   Code   RO          360    i.Init_Delay        delay.o
    0x08005524   0x08005524   0x00000004   Code   RO          211    i.MemManage_Handler  stm32f4xx_it.o
    0x08005528   0x08005528   0x00000002   Code   RO          212    i.NMI_Handler       stm32f4xx_it.o
    0x0800552a   0x0800552a   0x00000002   Code   RO          213    i.PendSV_Handler    stm32f4xx_it.o
    0x0800552c   0x0800552c   0x00000002   Code   RO          214    i.SVC_Handler       stm32f4xx_it.o
    0x0800552e   0x0800552e   0x00000008   Code   RO          215    i.SysTick_Handler   stm32f4xx_it.o
    0x08005536   0x08005536   0x00000002   PAD
    0x08005538   0x08005538   0x000000c8   Code   RO            5    i.SystemClock_Config  main.o
    0x08005600   0x08005600   0x000000c0   Code   RO         2687    i.SystemCoreClockUpdate  system_stm32f4xx.o
    0x080056c0   0x080056c0   0x0000001c   Code   RO         2688    i.SystemInit        system_stm32f4xx.o
    0x080056dc   0x080056dc   0x000000d8   Code   RO         1831    i.TIM_Base_SetConfig  stm32f4xx_hal_tim.o
    0x080057b4   0x080057b4   0x00000016   Code   RO         1842    i.TIM_ETR_SetConfig  stm32f4xx_hal_tim.o
    0x080057ca   0x080057ca   0x00000012   Code   RO         1843    i.TIM_ITRx_SetConfig  stm32f4xx_hal_tim.o
    0x080057dc   0x080057dc   0x00000026   Code   RO         1849    i.TIM_TI1_ConfigInputStage  stm32f4xx_hal_tim.o
    0x08005802   0x08005802   0x00000028   Code   RO         1851    i.TIM_TI2_ConfigInputStage  stm32f4xx_hal_tim.o
    0x0800582a   0x0800582a   0x00000002   PAD
    0x0800582c   0x0800582c   0x00000018   Code   RO          645    i.USART3_Control    usart_stm32f4xx.o
    0x08005844   0x08005844   0x00000010   Code   RO          646    i.USART3_GetCapabilities  usart_stm32f4xx.o
    0x08005854   0x08005854   0x00000010   Code   RO          647    i.USART3_GetModemStatus  usart_stm32f4xx.o
    0x08005864   0x08005864   0x00000010   Code   RO          648    i.USART3_GetRxCount  usart_stm32f4xx.o
    0x08005874   0x08005874   0x00000010   Code   RO          649    i.USART3_GetStatus  usart_stm32f4xx.o
    0x08005884   0x08005884   0x00000010   Code   RO          650    i.USART3_GetTxCount  usart_stm32f4xx.o
    0x08005894   0x08005894   0x00000010   Code   RO          651    i.USART3_IRQHandler  usart_stm32f4xx.o
    0x080058a4   0x080058a4   0x00000014   Code   RO          652    i.USART3_Initialize  usart_stm32f4xx.o
    0x080058b8   0x080058b8   0x00000014   Code   RO          653    i.USART3_PowerControl  usart_stm32f4xx.o
    0x080058cc   0x080058cc   0x00000018   Code   RO          654    i.USART3_Receive    usart_stm32f4xx.o
    0x080058e4   0x080058e4   0x00000018   Code   RO          655    i.USART3_Send       usart_stm32f4xx.o
    0x080058fc   0x080058fc   0x00000014   Code   RO          656    i.USART3_SetModemControl  usart_stm32f4xx.o
    0x08005910   0x08005910   0x0000001c   Code   RO          657    i.USART3_Transfer   usart_stm32f4xx.o
    0x0800592c   0x0800592c   0x00000010   Code   RO          658    i.USART3_Uninitialize  usart_stm32f4xx.o
    0x0800593c   0x0800593c   0x000008ec   Code   RO          659    i.USART_Control     usart_stm32f4xx.o
    0x08006228   0x08006228   0x00000006   Code   RO          660    i.USART_GetCapabilities  usart_stm32f4xx.o
    0x0800622e   0x0800622e   0x00000052   Code   RO          661    i.USART_GetModemStatus  usart_stm32f4xx.o
    0x08006280   0x08006280   0x00000008   Code   RO          662    i.USART_GetRxCount  usart_stm32f4xx.o
    0x08006288   0x08006288   0x00000076   Code   RO          663    i.USART_GetStatus   usart_stm32f4xx.o
    0x080062fe   0x080062fe   0x00000008   Code   RO          664    i.USART_GetTxCount  usart_stm32f4xx.o
    0x08006306   0x08006306   0x00000272   Code   RO          665    i.USART_IRQHandler  usart_stm32f4xx.o
    0x08006578   0x08006578   0x00000092   Code   RO          666    i.USART_Initialize  usart_stm32f4xx.o
    0x0800660a   0x0800660a   0x00000002   PAD
    0x0800660c   0x0800660c   0x0000019c   Code   RO          667    i.USART_PeripheralReset  usart_stm32f4xx.o
    0x080067a8   0x080067a8   0x00000364   Code   RO          668    i.USART_PowerControl  usart_stm32f4xx.o
    0x08006b0c   0x08006b0c   0x000000a2   Code   RO          669    i.USART_Receive     usart_stm32f4xx.o
    0x08006bae   0x08006bae   0x00000088   Code   RO          670    i.USART_Send        usart_stm32f4xx.o
    0x08006c36   0x08006c36   0x0000008c   Code   RO          671    i.USART_SetModemControl  usart_stm32f4xx.o
    0x08006cc2   0x08006cc2   0x0000006a   Code   RO          672    i.USART_Transfer    usart_stm32f4xx.o
    0x08006d2c   0x08006d2c   0x0000006a   Code   RO          673    i.USART_Uninitialize  usart_stm32f4xx.o
    0x08006d96   0x08006d96   0x00000002   PAD
    0x08006d98   0x08006d98   0x00000010   Code   RO          674    i.USARTx_GetVersion  usart_stm32f4xx.o
    0x08006da8   0x08006da8   0x00000004   Code   RO          216    i.UsageFault_Handler  stm32f4xx_it.o
    0x08006dac   0x08006dac   0x00000030   Code   RO         2986    i.__ARM_fpclassify  m_wm.l(fpclassify.o)
    0x08006ddc   0x08006ddc   0x00000010   Code   RO         1046    i.__NVIC_GetPriorityGrouping  stm32f4xx_hal_cortex.o
    0x08006dec   0x08006dec   0x00000028   Code   RO         1047    i.__NVIC_SetPriority  stm32f4xx_hal_cortex.o
    0x08006e14   0x08006e14   0x0000000e   Code   RO         2775    i._is_digit         c_w.l(__printf_wp.o)
    0x08006e22   0x08006e22   0x0000001a   Code   RO         2968    i.fputc             c_w.l(fputc.o)
    0x08006e3c   0x08006e3c   0x00000034   Code   RO          283    i.initI2c           sensor_temp.o
    0x08006e70   0x08006e70   0x0000005c   Code   RO          397    i.init_USART        usart.o
    0x08006ecc   0x08006ecc   0x0000002c   Code   RO          440    i.init_Watchdog     watchdog.o
    0x08006ef8   0x08006ef8   0x00000038   Code   RO          320    i.init_acc          sensor_acc.o
    0x08006f30   0x08006f30   0x000000c8   Code   RO          284    i.leerTemperatura   sensor_temp.o
    0x08006ff8   0x08006ff8   0x00000134   Code   RO          321    i.leeraxis          sensor_acc.o
    0x0800712c   0x0800712c   0x000001a8   Code   RO            6    i.main              main.o
    0x080072d4   0x080072d4   0x00000010   Code   RO          441    i.reset_Watchdog    watchdog.o
    0x080072e4   0x080072e4   0x00000050   Code   RO          398    i.tx_USART          usart.o
    0x08007334   0x08007334   0x0000002c   Code   RO         2982    locale$$code        c_w.l(lc_numeric_c.o)
    0x08007360   0x08007360   0x0000002c   Code   RO         3197    locale$$code        c_w.l(lc_ctype_c.o)
    0x0800738c   0x0800738c   0x00000062   Code   RO         2794    x$fpl$d2f           fz_wm.l(d2f.o)
    0x080073ee   0x080073ee   0x0000002e   Code   RO         2797    x$fpl$dflt          fz_wm.l(dflt_clz.o)
    0x0800741c   0x0800741c   0x00000026   Code   RO         2796    x$fpl$dfltu         fz_wm.l(dflt_clz.o)
    0x08007442   0x08007442   0x00000002   PAD
    0x08007444   0x08007444   0x00000154   Code   RO         2802    x$fpl$dmul          fz_wm.l(dmul.o)
    0x08007598   0x08007598   0x0000009c   Code   RO         2890    x$fpl$dnaninf       fz_wm.l(dnaninf.o)
    0x08007634   0x08007634   0x0000000c   Code   RO         2892    x$fpl$dretinf       fz_wm.l(dretinf.o)
    0x08007640   0x08007640   0x00000056   Code   RO         2804    x$fpl$f2d           fz_wm.l(f2d.o)
    0x08007696   0x08007696   0x0000008c   Code   RO         2894    x$fpl$fnaninf       fz_wm.l(fnaninf.o)
    0x08007722   0x08007722   0x0000000a   Code   RO         3213    x$fpl$fpinit        fz_wm.l(fpinit.o)
    0x0800772c   0x0800772c   0x0000000a   Code   RO         2896    x$fpl$fretinf       fz_wm.l(fretinf.o)
    0x08007736   0x08007736   0x00000004   Code   RO         2806    x$fpl$printf1       fz_wm.l(printf1.o)
    0x0800773a   0x0800773a   0x00000004   Code   RO         2898    x$fpl$printf2       fz_wm.l(printf2.o)
    0x0800773e   0x0800773e   0x00000000   Code   RO         2904    x$fpl$usenofp       fz_wm.l(usenofp.o)
    0x0800773e   0x0800773e   0x00000002   PAD
    0x08007740   0x08007740   0x00000068   Data   RO          501    .constdata          i2c_stm32f4xx.o
    0x080077a8   0x080077a8   0x00000088   Data   RO          676    .constdata          usart_stm32f4xx.o
    0x08007830   0x08007830   0x00000008   Data   RO         1183    .constdata          stm32f4xx_hal_dma.o
    0x08007838   0x08007838   0x00000018   Data   RO         2689    .constdata          system_stm32f4xx.o
    0x08007850   0x08007850   0x00000011   Data   RO         2783    .constdata          c_w.l(__printf_flags_ss_wp.o)
    0x08007861   0x08007861   0x00000003   PAD
    0x08007864   0x08007864   0x00000008   Data   RO         2832    .constdata          c_w.l(_printf_wctomb.o)
    0x0800786c   0x0800786c   0x00000028   Data   RO         2861    .constdata          c_w.l(_printf_hex_int_ll_ptr.o)
    0x08007894   0x08007894   0x00000026   Data   RO         2930    .constdata          c_w.l(_printf_fp_hex.o)
    0x080078ba   0x080078ba   0x00000002   PAD
    0x080078bc   0x080078bc   0x00000094   Data   RO         2941    .constdata          c_w.l(bigflt0.o)
    0x08007950   0x08007950   0x00000004   Data   RO         2989    .constdata          c_w.l(sys_io.o)
    0x08007954   0x08007954   0x00000004   Data   RO         2990    .constdata          c_w.l(sys_io.o)
    0x08007958   0x08007958   0x00000004   Data   RO         2991    .constdata          c_w.l(sys_io.o)
    0x0800795c   0x0800795c   0x00000020   Data   RO         3299    Region$$Table       anon$$obj.o
    0x0800797c   0x0800797c   0x0000001c   Data   RO         2981    locale$$data        c_w.l(lc_numeric_c.o)
    0x08007998   0x08007998   0x00000110   Data   RO         3196    locale$$data        c_w.l(lc_ctype_c.o)


    Execution Region ER_RW (Exec base: 0x20000000, Load base: 0x08007aa8, Size: 0x0000003c, Max: 0xffffffff, ABSOLUTE)

    Exec Addr    Load Addr    Size         Type   Attr      Idx    E Section Name        Object

    0x20000000   0x08007aa8   0x00000014   Data   RW            8    .data               main.o
    0x20000014   0x08007abc   0x00000004   Data   RW          285    .data               sensor_temp.o
    0x20000018   0x08007ac0   0x00000004   Data   RW          322    .data               sensor_acc.o
    0x2000001c   0x08007ac4   0x00000004   Data   RW          399    .data               usart.o
    0x20000020   0x08007ac8   0x00000009   Data   RW          859    .data               stm32f4xx_hal.o
    0x20000029   0x08007ad1   0x00000003   PAD
    0x2000002c   0x08007ad4   0x00000004   Data   RW         2690    .data               system_stm32f4xx.o
    0x20000030   0x08007ad8   0x00000004   Data   RW         2887    .data               c_w.l(stdio_streams.o)
    0x20000034   0x08007adc   0x00000004   Data   RW         2888    .data               c_w.l(stdio_streams.o)
    0x20000038   0x08007ae0   0x00000004   Data   RW         2889    .data               c_w.l(stdio_streams.o)


    Execution Region ER_ZI (Exec base: 0x2000003c, Load base: 0x08007ae4, Size: 0x0000086c, Max: 0xffffffff, ABSOLUTE)

    Exec Addr    Load Addr    Size         Type   Attr      Idx    E Section Name        Object

    0x2000003c        -       0x00000064   Zero   RW            7    .bss                main.o
    0x200000a0        -       0x00000040   Zero   RW          361    .bss                delay.o
    0x200000e0        -       0x0000000c   Zero   RW          442    .bss                watchdog.o
    0x200000ec        -       0x00000028   Zero   RW          500    .bss                i2c_stm32f4xx.o
    0x20000114        -       0x00000038   Zero   RW          675    .bss                usart_stm32f4xx.o
    0x2000014c        -       0x00000054   Zero   RW         2884    .bss                c_w.l(stdio_streams.o)
    0x200001a0        -       0x00000054   Zero   RW         2885    .bss                c_w.l(stdio_streams.o)
    0x200001f4        -       0x00000054   Zero   RW         2886    .bss                c_w.l(stdio_streams.o)
    0x20000248        -       0x00000060   Zero   RW         2994    .bss                c_w.l(libspace.o)
    0x200002a8        -       0x00000200   Zero   RW         2678    HEAP                startup_stm32f429xx.o
    0x200004a8        -       0x00000400   Zero   RW         2677    STACK               startup_stm32f429xx.o


==============================================================================

Image component sizes


      Code (inc. data)   RO Data    RW Data    ZI Data      Debug   Object Name

       178         16          0          0         64       1951   delay.o
      5960        174        104          0         40      26324   i2c_stm32f4xx.o
       924        380          0         20        100     749297   main.o
       364         10          0          4          0       2032   sensor_acc.o
       252         18          0          4          0       3962   sensor_temp.o
        64         26        428          0       1536        868   startup_stm32f429xx.o
       200         34          0          9          0      10289   stm32f4xx_hal.o
       392         34          0          0          0      36740   stm32f4xx_hal_cortex.o
       818         10          8          0          0       5974   stm32f4xx_hal_dma.o
       952        102          0          0          0       4469   stm32f4xx_hal_gpio.o
        94          0          0          0          0       2159   stm32f4xx_hal_iwdg.o
        70         10          0          0          0       1581   stm32f4xx_hal_msp.o
       140         12          0          0          0       1612   stm32f4xx_hal_pwr_ex.o
      1768         74          0          0          0       5681   stm32f4xx_hal_rcc.o
       692         46          0          0          0       7162   stm32f4xx_hal_tim.o
       180         30          0          0          0       1668   stm32f4xx_hal_tim_ex.o
        32          0          0          0          0       4042   stm32f4xx_it.o
       220         26         24          4          0       2191   system_stm32f4xx.o
       172         12          0          4          0       2024   usart.o
      5884        240        136          0         56      59918   usart_stm32f4xx.o
        60         14          0          0         12       1198   watchdog.o

    ----------------------------------------------------------------------
     19440       1268        732         48       1808     931142   Object Totals
         0          0         32          0          0          0   (incl. Generated)
        24          0          0          3          0          0   (incl. Padding)

    ----------------------------------------------------------------------

      Code (inc. data)   RO Data    RW Data    ZI Data      Debug   Library Member Name

        44          6          0          0          0         84   __2sprintf.o
         8          0          0          0          0         68   __main.o
       392          4         17          0          0         92   __printf_flags_ss_wp.o
        14          0          0          0          0         68   __printf_wp.o
         0          0          0          0          0          0   __rtentry.o
        12          0          0          0          0          0   __rtentry2.o
         6          0          0          0          0          0   __rtentry4.o
        52          8          0          0          0          0   __scatter.o
        26          0          0          0          0          0   __scatter_copy.o
        28          0          0          0          0          0   __scatter_zi.o
         6          0          0          0          0          0   _printf_a.o
         6          0          0          0          0          0   _printf_c.o
        44          0          0          0          0        108   _printf_char.o
        48          6          0          0          0         96   _printf_char_common.o
        36          4          0          0          0         80   _printf_char_file.o
        40          0          0          0          0         68   _printf_charcount.o
         6          0          0          0          0          0   _printf_d.o
       120         16          0          0          0         92   _printf_dec.o
         6          0          0          0          0          0   _printf_e.o
         6          0          0          0          0          0   _printf_f.o
      1054          0          0          0          0        216   _printf_fp_dec.o
       764          8         38          0          0        100   _printf_fp_hex.o
       128         16          0          0          0         84   _printf_fp_infnan.o
         6          0          0          0          0          0   _printf_g.o
       148          4         40          0          0        160   _printf_hex_int_ll_ptr.o
         6          0          0          0          0          0   _printf_i.o
       178          0          0          0          0         88   _printf_intcommon.o
        10          0          0          0          0          0   _printf_l.o
         6          0          0          0          0          0   _printf_lc.o
        10          0          0          0          0          0   _printf_ll.o
         6          0          0          0          0          0   _printf_lld.o
         6          0          0          0          0          0   _printf_lli.o
         6          0          0          0          0          0   _printf_llo.o
         6          0          0          0          0          0   _printf_llu.o
         6          0          0          0          0          0   _printf_llx.o
       124         16          0          0          0         92   _printf_longlong_dec.o
         6          0          0          0          0          0   _printf_ls.o
         6          0          0          0          0          0   _printf_n.o
         6          0          0          0          0          0   _printf_o.o
       112         10          0          0          0        124   _printf_oct_int_ll.o
         6          0          0          0          0          0   _printf_p.o
        78          0          0          0          0        108   _printf_pad.o
         0          0          0          0          0          0   _printf_percent.o
         4          0          0          0          0          0   _printf_percent_end.o
         6          0          0          0          0          0   _printf_s.o
        82          0          0          0          0         80   _printf_str.o
        36          0          0          0          0         84   _printf_truncate.o
         6          0          0          0          0          0   _printf_u.o
        44          0          0          0          0        108   _printf_wchar.o
       188          6          8          0          0         92   _printf_wctomb.o
         6          0          0          0          0          0   _printf_x.o
        10          0          0          0          0         68   _sputc.o
        64          0          0          0          0         92   _wcrtomb.o
       228          4        148          0          0         96   bigflt0.o
      1936        128          0          0          0        672   btod.o
        10          0          0          0          0         68   defsig_exit.o
        50          0          0          0          0         88   defsig_general.o
        80         58          0          0          0         76   defsig_rtmem_inner.o
        14          0          0          0          0         80   defsig_rtmem_outer.o
        52         38          0          0          0         76   defsig_rtred_inner.o
        14          0          0          0          0         80   defsig_rtred_outer.o
        18          0          0          0          0         80   exit.o
        76          0          0          0          0         88   fclose.o
         8          0          0          0          0         68   ferror.o
       470          0          0          0          0         88   flsbuf.o
       236          4          0          0          0        128   fopen.o
        26          0          0          0          0         68   fputc.o
       248          6          0          0          0         84   fseek.o
        66          0          0          0          0         76   ftell.o
        94          0          0          0          0         80   h1_alloc.o
        52          0          0          0          0         68   h1_extend.o
        78          0          0          0          0         80   h1_free.o
        14          0          0          0          0         84   h1_init.o
         6          0          0          0          0        152   heapauxi.o
         4          0          0          0          0        136   hguard.o
         0          0          0          0          0          0   indicate_semi.o
       138          0          0          0          0        168   init_alloc.o
       312         46          0          0          0        112   initio.o
        44         10        272          0          0         76   lc_ctype_c.o
        44         10         28          0          0         76   lc_numeric_c.o
         2          0          0          0          0          0   libinit.o
        46          0          0          0          0          0   libinit2.o
         2          0          0          0          0          0   libshutdown.o
         6          0          0          0          0          0   libshutdown2.o
         8          4          0          0         96         68   libspace.o
       138          0          0          0          0         80   lludiv10.o
       238          0          0          0          0        100   lludivv7m.o
         0          0          0          0          0          0   maybetermalloc1.o
        24          4          0          0          0         84   printf.o
        16          4          0          0          0         76   rt_ctype_table.o
         8          4          0          0          0         68   rt_errno_addr_intlibspace.o
         8          4          0          0          0         68   rt_heap_descriptor_intlibspace.o
         8          4          0          0          0         68   rt_locale_intlibspace.o
        78          0          0          0          0         80   rt_memclr_w.o
         2          0          0          0          0          0   rtexit.o
        10          0          0          0          0          0   rtexit2.o
        70          0          0          0          0         80   setvbuf.o
       240          6          0          0          0        156   stdio.o
         0          0          0         12        252          0   stdio_streams.o
       128          0          0          0          0         68   strcmpv7m.o
        62          0          0          0          0         76   strlen.o
        12          4          0          0          0         68   sys_exit.o
       102          0         12          0          0        240   sys_io.o
        74          0          0          0          0         80   sys_stackheap_outer.o
        14          0          0          0          0         76   sys_wrch.o
         2          0          0          0          0         68   use_no_semi.o
        98          4          0          0          0        140   d2f.o
        84          0          0          0          0        232   dflt_clz.o
       340         12          0          0          0        152   dmul.o
       156          4          0          0          0        140   dnaninf.o
        12          0          0          0          0        116   dretinf.o
        86          4          0          0          0        132   f2d.o
       140          4          0          0          0        132   fnaninf.o
        10          0          0          0          0        116   fpinit.o
        10          0          0          0          0        116   fretinf.o
         4          0          0          0          0        116   printf1.o
         4          0          0          0          0        116   printf2.o
         0          0          0          0          0          0   usenofp.o
        48          0          0          0          0        124   fpclassify.o

    ----------------------------------------------------------------------
     10660        470        568         12        348       8436   Library Totals
        28          0          5          0          0          0   (incl. Padding)

    ----------------------------------------------------------------------

      Code (inc. data)   RO Data    RW Data    ZI Data      Debug   Library Name

      9640        442        563         12        348       6804   c_w.l
       944         28          0          0          0       1508   fz_wm.l
        48          0          0          0          0        124   m_wm.l

    ----------------------------------------------------------------------
     10660        470        568         12        348       8436   Library Totals

    ----------------------------------------------------------------------

==============================================================================


      Code (inc. data)   RO Data    RW Data    ZI Data      Debug   

     30100       1738       1300         60       2156     922734   Grand Totals
     30100       1738       1300         60       2156     922734   ELF Image Totals
     30100       1738       1300         60          0          0   ROM Totals

==============================================================================

    Total RO  Size (Code + RO Data)                31400 (  30.66kB)
    Total RW  Size (RW Data + ZI Data)              2216 (   2.16kB)
    Total ROM Size (Code + RO Data + RW Data)      31460 (  30.72kB)

==============================================================================

