Component: ARM Compiler 5.06 update 6 (build 750) Tool: armlink [4d35ed]

==============================================================================

Section Cross References

    main.o(i.MPU_Config) refers to stm32f4xx_hal_cortex.o(i.HAL_MPU_Disable) for HAL_MPU_Disable
    main.o(i.MPU_Config) refers to stm32f4xx_hal_cortex.o(i.HAL_MPU_ConfigRegion) for HAL_MPU_ConfigRegion
    main.o(i.MPU_Config) refers to stm32f4xx_hal_cortex.o(i.HAL_MPU_Enable) for HAL_MPU_Enable
    main.o(i.SystemClock_Config) refers to stm32f4xx_hal_rcc.o(i.HAL_RCC_OscConfig) for HAL_RCC_OscConfig
    main.o(i.SystemClock_Config) refers to main.o(i.Error_Handler) for Error_Handler
    main.o(i.SystemClock_Config) refers to stm32f4xx_hal_pwr_ex.o(i.HAL_PWREx_EnableOverDrive) for HAL_PWREx_EnableOverDrive
    main.o(i.SystemClock_Config) refers to stm32f4xx_hal_rcc.o(i.HAL_RCC_ClockConfig) for HAL_RCC_ClockConfig
    main.o(i.initI2c) refers to main.o(.data) for I2Cdev
    main.o(i.leerTemperatura) refers to dflt_clz.o(x$fpl$dflt) for __aeabi_i2d
    main.o(i.leerTemperatura) refers to dmul.o(x$fpl$dmul) for __aeabi_dmul
    main.o(i.leerTemperatura) refers to d2f.o(x$fpl$d2f) for __aeabi_d2f
    main.o(i.leerTemperatura) refers to dflt_clz.o(x$fpl$dfltu) for __aeabi_ui2d
    main.o(i.leerTemperatura) refers to main.o(.data) for I2Cdev
    main.o(i.main) refers to main.o(i.MPU_Config) for MPU_Config
    main.o(i.main) refers to stm32f4xx_hal.o(i.HAL_Init) for HAL_Init
    main.o(i.main) refers to main.o(i.SystemClock_Config) for SystemClock_Config
    main.o(i.main) refers to system_stm32f4xx.o(i.SystemCoreClockUpdate) for SystemCoreClockUpdate
    main.o(i.main) refers to main.o(i.initI2c) for initI2c
    main.o(i.main) refers to main.o(i.leerTemperatura) for leerTemperatura
    main.o(i.main) refers to main.o(i.retardo) for retardo
    main.o(i.main) refers to main.o(.data) for temperatura
    main.o(.data) refers to i2c_stm32f4xx.o(.constdata) for Driver_I2C1
    stm32f4xx_it.o(i.SysTick_Handler) refers to stm32f4xx_hal.o(i.HAL_IncTick) for HAL_IncTick
    i2c_stm32f4xx.o(i.I2C1_Control) refers to i2c_stm32f4xx.o(i.I2C_Control) for I2C_Control
    i2c_stm32f4xx.o(i.I2C1_Control) refers to i2c_stm32f4xx.o(.constdata) for I2C1_Resources
    i2c_stm32f4xx.o(i.I2C1_ER_IRQHandler) refers to i2c_stm32f4xx.o(i.I2C_ER_IRQHandler) for I2C_ER_IRQHandler
    i2c_stm32f4xx.o(i.I2C1_ER_IRQHandler) refers to i2c_stm32f4xx.o(.constdata) for I2C1_Resources
    i2c_stm32f4xx.o(i.I2C1_EV_IRQHandler) refers to i2c_stm32f4xx.o(i.I2C_EV_IRQHandler) for I2C_EV_IRQHandler
    i2c_stm32f4xx.o(i.I2C1_EV_IRQHandler) refers to i2c_stm32f4xx.o(.constdata) for I2C1_Resources
    i2c_stm32f4xx.o(i.I2C1_GetDataCount) refers to i2c_stm32f4xx.o(i.I2C_GetDataCount) for I2C_GetDataCount
    i2c_stm32f4xx.o(i.I2C1_GetDataCount) refers to i2c_stm32f4xx.o(.constdata) for I2C1_Resources
    i2c_stm32f4xx.o(i.I2C1_GetStatus) refers to i2c_stm32f4xx.o(i.I2C_GetStatus) for I2C_GetStatus
    i2c_stm32f4xx.o(i.I2C1_GetStatus) refers to i2c_stm32f4xx.o(.constdata) for I2C1_Resources
    i2c_stm32f4xx.o(i.I2C1_Initialize) refers to i2c_stm32f4xx.o(i.I2C_Initialize) for I2C_Initialize
    i2c_stm32f4xx.o(i.I2C1_Initialize) refers to i2c_stm32f4xx.o(.constdata) for I2C1_Resources
    i2c_stm32f4xx.o(i.I2C1_MasterReceive) refers to i2c_stm32f4xx.o(i.I2C_MasterReceive) for I2C_MasterReceive
    i2c_stm32f4xx.o(i.I2C1_MasterReceive) refers to i2c_stm32f4xx.o(.constdata) for I2C1_Resources
    i2c_stm32f4xx.o(i.I2C1_MasterTransmit) refers to i2c_stm32f4xx.o(i.I2C_MasterTransmit) for I2C_MasterTransmit
    i2c_stm32f4xx.o(i.I2C1_MasterTransmit) refers to i2c_stm32f4xx.o(.constdata) for I2C1_Resources
    i2c_stm32f4xx.o(i.I2C1_PowerControl) refers to i2c_stm32f4xx.o(i.I2C_PowerControl) for I2C_PowerControl
    i2c_stm32f4xx.o(i.I2C1_PowerControl) refers to i2c_stm32f4xx.o(.constdata) for I2C1_Resources
    i2c_stm32f4xx.o(i.I2C1_SlaveReceive) refers to i2c_stm32f4xx.o(i.I2C_SlaveReceive) for I2C_SlaveReceive
    i2c_stm32f4xx.o(i.I2C1_SlaveReceive) refers to i2c_stm32f4xx.o(.constdata) for I2C1_Resources
    i2c_stm32f4xx.o(i.I2C1_SlaveTransmit) refers to i2c_stm32f4xx.o(i.I2C_SlaveTransmit) for I2C_SlaveTransmit
    i2c_stm32f4xx.o(i.I2C1_SlaveTransmit) refers to i2c_stm32f4xx.o(.constdata) for I2C1_Resources
    i2c_stm32f4xx.o(i.I2C1_Uninitialize) refers to i2c_stm32f4xx.o(i.I2C_Uninitialize) for I2C_Uninitialize
    i2c_stm32f4xx.o(i.I2C1_Uninitialize) refers to i2c_stm32f4xx.o(.constdata) for I2C1_Resources
    i2c_stm32f4xx.o(i.I2CX_GetCapabilities) refers to i2c_stm32f4xx.o(.constdata) for DriverCapabilities
    i2c_stm32f4xx.o(i.I2CX_GetVersion) refers to i2c_stm32f4xx.o(.constdata) for DriverVersion
    i2c_stm32f4xx.o(i.I2C_Control) refers to stm32f4xx_hal_rcc.o(i.HAL_RCC_GetPCLK1Freq) for HAL_RCC_GetPCLK1Freq
    i2c_stm32f4xx.o(i.I2C_Control) refers to stm32f4xx_hal_gpio.o(i.HAL_GPIO_Init) for HAL_GPIO_Init
[...]
    Removing stm32f4xx_hal.o(.rrx_text), (6 bytes).
    Removing stm32f4xx_hal.o(i.HAL_DBGMCU_DisableDBGSleepMode), (20 bytes).
    Removing stm32f4xx_hal.o(i.HAL_DBGMCU_DisableDBGStandbyMode), (20 bytes).
    Removing stm32f4xx_hal.o(i.HAL_DBGMCU_DisableDBGStopMode), (20 bytes).
    Removing stm32f4xx_hal.o(i.HAL_DBGMCU_EnableDBGSleepMode), (20 bytes).
    Removing stm32f4xx_hal.o(i.HAL_DBGMCU_EnableDBGStandbyMode), (20 bytes).
    Removing stm32f4xx_hal.o(i.HAL_DBGMCU_EnableDBGStopMode), (20 bytes).
    Removing stm32f4xx_hal.o(i.HAL_DeInit), (68 bytes).
    Removing stm32f4xx_hal.o(i.HAL_DisableCompensationCell), (12 bytes).
    Removing stm32f4xx_hal.o(i.HAL_DisableMemorySwappingBank), (12 bytes).
    Removing stm32f4xx_hal.o(i.HAL_EnableCompensationCell), (12 bytes).
    Removing stm32f4xx_hal.o(i.HAL_EnableMemorySwappingBank), (12 bytes).
    Removing stm32f4xx_hal.o(i.HAL_GetDEVID), (16 bytes).
    Removing stm32f4xx_hal.o(i.HAL_GetHalVersion), (8 bytes).
    Removing stm32f4xx_hal.o(i.HAL_GetREVID), (12 bytes).
    Removing stm32f4xx_hal.o(i.HAL_GetTickFreq), (12 bytes).
    Removing stm32f4xx_hal.o(i.HAL_GetTickPrio), (12 bytes).
    Removing stm32f4xx_hal.o(i.HAL_GetUIDw0), (12 bytes).
    Removing stm32f4xx_hal.o(i.HAL_GetUIDw1), (12 bytes).
    Removing stm32f4xx_hal.o(i.HAL_GetUIDw2), (12 bytes).
    Removing stm32f4xx_hal.o(i.HAL_MspDeInit), (2 bytes).
    Removing stm32f4xx_hal.o(i.HAL_MspInit), (2 bytes).
    Removing stm32f4xx_hal.o(i.HAL_ResumeTick), (18 bytes).
    Removing stm32f4xx_hal.o(i.HAL_SetTickFreq), (48 bytes).
    Removing stm32f4xx_hal.o(i.HAL_SuspendTick), (18 bytes).
    Removing stm32f4xx_hal_cortex.o(.rev16_text), (4 bytes).
    Removing stm32f4xx_hal_cortex.o(.revsh_text), (4 bytes).
    Removing stm32f4xx_hal_cortex.o(.rrx_text), (6 bytes).
    Removing stm32f4xx_hal_cortex.o(i.HAL_NVIC_GetActive), (48 bytes).
    Removing stm32f4xx_hal_cortex.o(i.HAL_NVIC_GetPendingIRQ), (48 bytes).
    Removing stm32f4xx_hal_cortex.o(i.HAL_NVIC_GetPriority), (148 bytes).
    Removing stm32f4xx_hal_cortex.o(i.HAL_NVIC_GetPriorityGrouping), (8 bytes).
    Removing stm32f4xx_hal_cortex.o(i.HAL_NVIC_SetPendingIRQ), (36 bytes).
    Removing stm32f4xx_hal_cortex.o(i.HAL_NVIC_SystemReset), (44 bytes).
    Removing stm32f4xx_hal_cortex.o(i.HAL_SYSTICK_CLKSourceConfig), (40 bytes).
    Removing stm32f4xx_hal_cortex.o(i.HAL_SYSTICK_Callback), (2 bytes).
    Removing stm32f4xx_hal_cortex.o(i.HAL_SYSTICK_IRQHandler), (8 bytes).
    Removing stm32f4xx_hal_dma.o(.rev16_text), (4 bytes).
    Removing stm32f4xx_hal_dma.o(.revsh_text), (4 bytes).
    Removing stm32f4xx_hal_dma.o(.rrx_text), (6 bytes).
    Removing stm32f4xx_hal_dma.o(i.HAL_DMA_Abort_IT), (40 bytes).
    Removing stm32f4xx_hal_dma.o(i.HAL_DMA_DeInit), (112 bytes).
    Removing stm32f4xx_hal_dma.o(i.HAL_DMA_GetError), (6 bytes).
    Removing stm32f4xx_hal_dma.o(i.HAL_DMA_GetState), (8 bytes).
    Removing stm32f4xx_hal_dma.o(i.HAL_DMA_IRQHandler), (576 bytes).
    Removing stm32f4xx_hal_dma.o(i.HAL_DMA_PollForTransfer), (346 bytes).
    Removing stm32f4xx_hal_dma.o(i.HAL_DMA_RegisterCallback), (94 bytes).
    Removing stm32f4xx_hal_dma.o(i.HAL_DMA_Start), (102 bytes).
    Removing stm32f4xx_hal_dma.o(i.HAL_DMA_UnRegisterCallback), (124 bytes).
    Removing stm32f4xx_hal_dma_ex.o(.rev16_text), (4 bytes).
    Removing stm32f4xx_hal_dma_ex.o(.revsh_text), (4 bytes).
    Removing stm32f4xx_hal_dma_ex.o(.rrx_text), (6 bytes).
    Removing stm32f4xx_hal_dma_ex.o(i.DMA_MultiBufferSetConfig), (32 bytes).
    Removing stm32f4xx_hal_dma_ex.o(i.HAL_DMAEx_ChangeMemory), (18 bytes).
    Removing stm32f4xx_hal_dma_ex.o(i.HAL_DMAEx_MultiBufferStart), (124 bytes).
    Removing stm32f4xx_hal_dma_ex.o(i.HAL_DMAEx_MultiBufferStart_IT), (4056 bytes).
    Removing stm32f4xx_hal_gpio.o(.rev16_text), (4 bytes).
    Removing stm32f4xx_hal_gpio.o(.revsh_text), (4 bytes).
    Removing stm32f4xx_hal_gpio.o(.rrx_text), (6 bytes).
    Removing stm32f4xx_hal_gpio.o(i.HAL_GPIO_EXTI_Callback), (2 bytes).
    Removing stm32f4xx_hal_gpio.o(i.HAL_GPIO_EXTI_IRQHandler), (28 bytes).
    Removing stm32f4xx_hal_gpio.o(i.HAL_GPIO_LockPin), (46 bytes).
    Removing stm32f4xx_hal_gpio.o(i.HAL_GPIO_TogglePin), (18 bytes).
    Removing stm32f4xx_hal_pwr.o(.rev16_text), (4 bytes).
    Removing stm32f4xx_hal_pwr.o(.revsh_text), (4 bytes).
    Removing stm32f4xx_hal_pwr.o(.rrx_text), (6 bytes).
    Removing stm32f4xx_hal_pwr.o(i.HAL_PWR_ConfigPVD), (180 bytes).
    Removing stm32f4xx_hal_pwr.o(i.HAL_PWR_DeInit), (28 bytes).
    Removing stm32f4xx_hal_pwr.o(i.HAL_PWR_DisableBkUpAccess), (12 bytes).
    Removing stm32f4xx_hal_pwr.o(i.HAL_PWR_DisablePVD), (12 bytes).
    Removing stm32f4xx_hal_pwr.o(i.HAL_PWR_DisableSEVOnPend), (20 bytes).
    Removing stm32f4xx_hal_pwr.o(i.HAL_PWR_DisableSleepOnExit), (20 bytes).
    Removing stm32f4xx_hal_pwr.o(i.HAL_PWR_DisableWakeUpPin), (16 bytes).
    Removing stm32f4xx_hal_pwr.o(i.HAL_PWR_EnableBkUpAccess), (12 bytes).
    Removing stm32f4xx_hal_pwr.o(i.HAL_PWR_EnablePVD), (12 bytes).
    Removing stm32f4xx_hal_pwr.o(i.HAL_PWR_EnableSEVOnPend), (20 bytes).
    Removing stm32f4xx_hal_pwr.o(i.HAL_PWR_EnableSleepOnExit), (20 bytes).
    Removing stm32f4xx_hal_pwr.o(i.HAL_PWR_EnableWakeUpPin), (16 bytes).
    Removing stm32f4xx_hal_pwr.o(i.HAL_PWR_EnterSLEEPMode), (32 bytes).
    Removing stm32f4xx_hal_pwr.o(i.HAL_PWR_EnterSTANDBYMode), (40 bytes).
    Removing stm32f4xx_hal_pwr.o(i.HAL_PWR_EnterSTOPMode), (64 bytes).
    Removing stm32f4xx_hal_pwr.o(i.HAL_PWR_PVDCallback), (2 bytes).
    Removing stm32f4xx_hal_pwr.o(i.HAL_PWR_PVD_IRQHandler), (32 bytes).
    Removing stm32f4xx_hal_pwr_ex.o(.rev16_text), (4 bytes).
    Removing stm32f4xx_hal_pwr_ex.o(.revsh_text), (4 bytes).
    Removing stm32f4xx_hal_pwr_ex.o(.rrx_text), (6 bytes).
    Removing stm32f4xx_hal_pwr_ex.o(i.HAL_PWREx_ControlVoltageScaling), (228 bytes).
    Removing stm32f4xx_hal_pwr_ex.o(i.HAL_PWREx_DisableBkUpReg), (60 bytes).
    Removing stm32f4xx_hal_pwr_ex.o(i.HAL_PWREx_DisableFlashPowerDown), (12 bytes).
    Removing stm32f4xx_hal_pwr_ex.o(i.HAL_PWREx_DisableOverDrive), (140 bytes).
    Removing stm32f4xx_hal_pwr_ex.o(i.HAL_PWREx_EnableBkUpReg), (60 bytes).
    Removing stm32f4xx_hal_pwr_ex.o(i.HAL_PWREx_EnableFlashPowerDown), (12 bytes).
    Removing stm32f4xx_hal_pwr_ex.o(i.HAL_PWREx_EnterUnderDriveSTOPMode), (128 bytes).
    Removing stm32f4xx_hal_pwr_ex.o(i.HAL_PWREx_GetVoltageRange), (16 bytes).
    Removing stm32f4xx_hal_rcc.o(.rev16_text), (4 bytes).
    Removing stm32f4xx_hal_rcc.o(.revsh_text), (4 bytes).
    Removing stm32f4xx_hal_rcc.o(.rrx_text), (6 bytes).
    Removing stm32f4xx_hal_rcc.o(i.HAL_RCC_CSSCallback), (2 bytes).
    Removing stm32f4xx_hal_rcc.o(i.HAL_RCC_DeInit), (4 bytes).
    Removing stm32f4xx_hal_rcc.o(i.HAL_RCC_DisableCSS), (12 bytes).
    Removing stm32f4xx_hal_rcc.o(i.HAL_RCC_EnableCSS), (12 bytes).
    Removing stm32f4xx_hal_rcc.o(i.HAL_RCC_GetClockConfig), (68 bytes).
    Removing stm32f4xx_hal_rcc.o(i.HAL_RCC_GetOscConfig), (244 bytes).
    Removing stm32f4xx_hal_rcc.o(i.HAL_RCC_GetPCLK2Freq), (32 bytes).
    Removing stm32f4xx_hal_rcc.o(i.HAL_RCC_MCOConfig), (192 bytes).
    Removing stm32f4xx_hal_rcc.o(i.HAL_RCC_NMI_IRQHandler), (32 bytes).
    Removing stm32f4xx_hal_rcc_ex.o(.rev16_text), (4 bytes).
    Removing stm32f4xx_hal_rcc_ex.o(.revsh_text), (4 bytes).
    Removing stm32f4xx_hal_rcc_ex.o(.rrx_text), (6 bytes).
    Removing stm32f4xx_hal_rcc_ex.o(i.HAL_RCCEx_DisablePLLI2S), (56 bytes).
    Removing stm32f4xx_hal_rcc_ex.o(i.HAL_RCCEx_DisablePLLSAI), (56 bytes).
    Removing stm32f4xx_hal_rcc_ex.o(i.HAL_RCCEx_EnablePLLI2S), (120 bytes).
    Removing stm32f4xx_hal_rcc_ex.o(i.HAL_RCCEx_EnablePLLSAI), (120 bytes).
    Removing stm32f4xx_hal_rcc_ex.o(i.HAL_RCCEx_GetPeriphCLKConfig), (164 bytes).
    Removing stm32f4xx_hal_rcc_ex.o(i.HAL_RCCEx_GetPeriphCLKFreq), (144 bytes).
    Removing stm32f4xx_hal_rcc_ex.o(i.HAL_RCCEx_PeriphCLKConfig), (772 bytes).
    Removing stm32f4xx_hal_rcc_ex.o(i.HAL_RCC_DeInit), (452 bytes).
    Removing system_stm32f4xx.o(.rev16_text), (4 bytes).
    Removing system_stm32f4xx.o(.revsh_text), (4 bytes).
    Removing system_stm32f4xx.o(.rrx_text), (6 bytes).

135 unused section(s) (total 10408 bytes) removed from the image.

==============================================================================

Image Symbol Table

    Local Symbols

    Symbol Name                              Value     Ov Type        Size  Object(Section)

    ../clib/angel/boardlib.s                 0x00000000   Number         0  boardinit2.o ABSOLUTE
    ../clib/angel/boardlib.s                 0x00000000   Number         0  boardinit3.o ABSOLUTE
    ../clib/angel/boardlib.s                 0x00000000   Number         0  boardinit1.o ABSOLUTE
    ../clib/angel/boardlib.s                 0x00000000   Number         0  boardshut.o ABSOLUTE
    ../clib/angel/handlers.s                 0x00000000   Number         0  __scatter_copy.o ABSOLUTE
    ../clib/angel/handlers.s                 0x00000000   Number         0  __scatter_zi.o ABSOLUTE
    ../clib/angel/kernel.s                   0x00000000   Number         0  __rtentry2.o ABSOLUTE
    ../clib/angel/kernel.s                   0x00000000   Number         0  __rtentry4.o ABSOLUTE
    ../clib/angel/kernel.s                   0x00000000   Number         0  rtexit.o ABSOLUTE
    ../clib/angel/kernel.s                   0x00000000   Number         0  rtexit2.o ABSOLUTE
    ../clib/angel/kernel.s                   0x00000000   Number         0  __rtentry.o ABSOLUTE
    ../clib/angel/rt.s                       0x00000000   Number         0  rt_raise.o ABSOLUTE
    ../clib/angel/rt.s                       0x00000000   Number         0  rt_div0.o ABSOLUTE
    ../clib/angel/rt.s                       0x00000000   Number         0  aeabi_ldiv0_sigfpe.o ABSOLUTE
    ../clib/angel/rt.s                       0x00000000   Number         0  aeabi_ldiv0.o ABSOLUTE
    ../clib/angel/scatter.s                  0x00000000   Number         0  __scatter.o ABSOLUTE
    ../clib/angel/startup.s                  0x00000000   Number         0  __main.o ABSOLUTE
    ../clib/angel/sys.s                      0x00000000   Number         0  sys_stackheap_outer.o ABSOLUTE
    ../clib/angel/sys.s                      0x00000000   Number         0  libspace.o ABSOLUTE
    ../clib/angel/sys.s                      0x00000000   Number         0  use_no_semi.o ABSOLUTE
    ../clib/angel/sys.s                      0x00000000   Number         0  indicate_semi.o ABSOLUTE
    ../clib/angel/sysapp.c                   0x00000000   Number         0  sys_wrch.o ABSOLUTE
    ../clib/angel/sysapp.c                   0x00000000   Number         0  sys_command.o ABSOLUTE
    ../clib/angel/sysapp.c                   0x00000000   Number         0  sys_exit.o ABSOLUTE
    ../clib/armsys.c                         0x00000000   Number         0  _get_argv_nomalloc.o ABSOLUTE
    ../clib/armsys.c                         0x00000000   Number         0  no_argv.o ABSOLUTE
    ../clib/armsys.c                         0x00000000   Number         0  argv_veneer.o ABSOLUTE
    ../clib/armsys.c                         0x00000000   Number         0  argv_veneer.o ABSOLUTE
    ../clib/heapalloc.c                      0x00000000   Number         0  hrguard.o ABSOLUTE
    ../clib/heapaux.c                        0x00000000   Number         0  heapauxi.o ABSOLUTE
    ../clib/libinit.s                        0x00000000   Number         0  libinit.o ABSOLUTE
    ../clib/libinit.s                        0x00000000   Number         0  libshutdown2.o ABSOLUTE
    ../clib/libinit.s                        0x00000000   Number         0  libinit2.o ABSOLUTE
    ../clib/libinit.s                        0x00000000   Number         0  libshutdown.o ABSOLUTE
    ../clib/longlong.s                       0x00000000   Number         0  lludivv7m.o ABSOLUTE
    ../clib/memcpset.s                       0x00000000   Number         0  rt_memclr_w.o ABSOLUTE
    ../clib/signal.c                         0x00000000   Number         0  defsig_pvfn_inner.o ABSOLUTE
    ../clib/signal.c                         0x00000000   Number         0  defsig_rtmem_formal.o ABSOLUTE
    ../clib/signal.c                         0x00000000   Number         0  defsig_rtmem_outer.o ABSOLUTE
    ../clib/signal.c                         0x00000000   Number         0  defsig_fpe_inner.o ABSOLUTE
    ../clib/signal.c                         0x00000000   Number         0  defsig_exit.o ABSOLUTE
    ../clib/signal.c                         0x00000000   Number         0  defsig_rtmem_inner.o ABSOLUTE
    ../clib/signal.c                         0x00000000   Number         0  defsig_rtred_inner.o ABSOLUTE
    ../clib/signal.c                         0x00000000   Number         0  defsig_fpe_formal.o ABSOLUTE
    ../clib/signal.c                         0x00000000   Number         0  defsig_abrt_inner.o ABSOLUTE
    ../clib/signal.c                         0x00000000   Number         0  defsig_general.o ABSOLUTE
    ../clib/signal.c                         0x00000000   Number         0  defsig_fpe_outer.o ABSOLUTE
    ../clib/signal.c                         0x00000000   Number         0  __raise.o ABSOLUTE
    ../clib/signal.c                         0x00000000   Number         0  defsig_stak_inner.o ABSOLUTE
    ../clib/signal.c                         0x00000000   Number         0  defsig_other.o ABSOLUTE
    ../clib/signal.c                         0x00000000   Number         0  defsig_segv_inner.o ABSOLUTE
    ../clib/signal.c                         0x00000000   Number         0  defsig_cppl_inner.o ABSOLUTE
    ../clib/signal.s                         0x00000000   Number         0  defsig.o ABSOLUTE
    ../clib/stdlib.c                         0x00000000   Number         0  exit.o ABSOLUTE
    ../fplib/d2f.s                           0x00000000   Number         0  d2f.o ABSOLUTE
    ../fplib/dflt.s                          0x00000000   Number         0  dflt_clz.o ABSOLUTE
    ../fplib/dmul.s                          0x00000000   Number         0  dmul.o ABSOLUTE
    ../fplib/dnaninf.s                       0x00000000   Number         0  dnaninf.o ABSOLUTE
    ../fplib/dretinf.s                       0x00000000   Number         0  dretinf.o ABSOLUTE
    ../fplib/fpinit.s                        0x00000000   Number         0  fpinit.o ABSOLUTE
    ../fplib/fretinf.s                       0x00000000   Number         0  fretinf.o ABSOLUTE
    ../fplib/usenofp.s                       0x00000000   Number         0  usenofp.o ABSOLUTE
    C:\Users\User\AppData\Local\Arm\Packs\Keil\STM32F4xx_DFP\2.15.0\CMSIS\Driver\I2C_STM32F4xx.c 0x00000000   Number         0  i2c_stm32f4xx.o ABSOLUTE
    C:\Users\User\AppData\Local\Arm\Packs\Keil\STM32F4xx_DFP\2.15.0\Drivers\STM32F4xx_HAL_Driver\Src\stm32f4xx_hal.c 0x00000000   Number         0  stm32f4xx_hal.o ABSOLUTE
    C:\Users\User\AppData\Local\Arm\Packs\Keil\STM32F4xx_DFP\2.15.0\Drivers\STM32F4xx_HAL_Driver\Src\stm32f4xx_hal_cortex.c 0x00000000   Number         0  stm32f4xx_hal_cortex.o ABSOLUTE
    C:\Users\User\AppData\Local\Arm\Packs\Keil\STM32F4xx_DFP\2.15.0\Drivers\STM32F4xx_HAL_Driver\Src\stm32f4xx_hal_dma.c 0x00000000   Number         0  stm32f4xx_hal_dma.o ABSOLUTE
    C:\Users\User\AppData\Local\Arm\Packs\Keil\STM32F4xx_DFP\2.15.0\Drivers\STM32F4xx_HAL_Driver\Src\stm32f4xx_hal_dma_ex.c 0x00000000   Number         0  stm32f4xx_hal_dma_ex.o ABSOLUTE
    C:\Users\User\AppData\Local\Arm\Packs\Keil\STM32F4xx_DFP\2.15.0\Drivers\STM32F4xx_HAL_Driver\Src\stm32f4xx_hal_gpio.c 0x00000000   Number         0  stm32f4xx_hal_gpio.o ABSOLUTE
    C:\Users\User\AppData\Local\Arm\Packs\Keil\STM32F4xx_DFP\2.15.0\Drivers\STM32F4xx_HAL_Driver\Src\stm32f4xx_hal_pwr.c 0x00000000   Number         0  stm32f4xx_hal_pwr.o ABSOLUTE
    C:\Users\User\AppData\Local\Arm\Packs\Keil\STM32F4xx_DFP\2.15.0\Drivers\STM32F4xx_HAL_Driver\Src\stm32f4xx_hal_pwr_ex.c 0x00000000   Number         0  stm32f4xx_hal_pwr_ex.o ABSOLUTE
    C:\Users\User\AppData\Local\Arm\Packs\Keil\STM32F4xx_DFP\2.15.0\Drivers\STM32F4xx_HAL_Driver\Src\stm32f4xx_hal_rcc.c 0x00000000   Number         0  stm32f4xx_hal_rcc.o ABSOLUTE
    C:\Users\User\AppData\Local\Arm\Packs\Keil\STM32F4xx_DFP\2.15.0\Drivers\STM32F4xx_HAL_Driver\Src\stm32f4xx_hal_rcc_ex.c 0x00000000   Number         0  stm32f4xx_hal_rcc_ex.o ABSOLUTE
    C:\\Users\\User\\AppData\\Local\\Arm\\Packs\\Keil\\STM32F4xx_DFP\\2.15.0\\CMSIS\\Driver\\I2C_STM32F4xx.c 0x00000000   Number         0  i2c_stm32f4xx.o ABSOLUTE
    C:\\Users\\User\\AppData\\Local\\Arm\\Packs\\Keil\\STM32F4xx_DFP\\2.15.0\\Drivers\\STM32F4xx_HAL_Driver\\Src\\stm32f4xx_hal.c 0x00000000   Number         0  stm32f4xx_hal.o ABSOLUTE
    C:\\Users\\User\\AppData\\Local\\Arm\\Packs\\Keil\\STM32F4xx_DFP\\2.15.0\\Drivers\\STM32F4xx_HAL_Driver\\Src\\stm32f4xx_hal_cortex.c 0x00000000   Number         0  stm32f4xx_hal_cortex.o ABSOLUTE
    C:\\Users\\User\\AppData\\Local\\Arm\\Packs\\Keil\\STM32F4xx_DFP\\2.15.0\\Drivers\\STM32F4xx_HAL_Driver\\Src\\stm32f4xx_hal_dma.c 0x00000000   Number         0  stm32f4xx_hal_dma.o ABSOLUTE
    C:\\Users\\User\\AppData\\Local\\Arm\\Packs\\Keil\\STM32F4xx_DFP\\2.15.0\\Drivers\\STM32F4xx_HAL_Driver\\Src\\stm32f4xx_hal_dma_ex.c 0x00000000   Number         0  stm32f4xx_hal_dma_ex.o ABSOLUTE
    C:\\Users\\User\\AppData\\Local\\Arm\\Packs\\Keil\\STM32F4xx_DFP\\2.15.0\\Drivers\\STM32F4xx_HAL_Driver\\Src\\stm32f4xx_hal_gpio.c 0x00000000   Number         0  stm32f4xx_hal_gpio.o ABSOLUTE
    C:\\Users\\User\\AppData\\Local\\Arm\\Packs\\Keil\\STM32F4xx_DFP\\2.15.0\\Drivers\\STM32F4xx_HAL_Driver\\Src\\stm32f4xx_hal_pwr.c 0x00000000   Number         0  stm32f4xx_hal_pwr.o ABSOLUTE
    C:\\Users\\User\\AppData\\Local\\Arm\\Packs\\Keil\\STM32F4xx_DFP\\2.15.0\\Drivers\\STM32F4xx_HAL_Driver\\Src\\stm32f4xx_hal_pwr_ex.c 0x00000000   Number         0  stm32f4xx_hal_pwr_ex.o ABSOLUTE
    C:\\Users\\User\\AppData\\Local\\Arm\\Packs\\Keil\\STM32F4xx_DFP\\2.15.0\\Drivers\\STM32F4xx_HAL_Driver\\Src\\stm32f4xx_hal_rcc.c 0x00000000   Number         0  stm32f4xx_hal_rcc.o ABSOLUTE
    C:\\Users\\User\\AppData\\Local\\Arm\\Packs\\Keil\\STM32F4xx_DFP\\2.15.0\\Drivers\\STM32F4xx_HAL_Driver\\Src\\stm32f4xx_hal_rcc_ex.c 0x00000000   Number         0  stm32f4xx_hal_rcc_ex.o ABSOLUTE
    RTE\Device\STM32F429ZITx\startup_stm32f429xx.s 0x00000000   Number         0  startup_stm32f429xx.o ABSOLUTE
    RTE\Device\STM32F429ZITx\system_stm32f4xx.c 0x00000000   Number         0  system_stm32f4xx.o ABSOLUTE
    RTE\\Device\\STM32F429ZITx\\system_stm32f4xx.c 0x00000000   Number         0  system_stm32f4xx.o ABSOLUTE
    dc.s                                     0x00000000   Number         0  dc.o ABSOLUTE
    main.c                                   0x00000000   Number         0  main.o ABSOLUTE
    main.c                                   0x00000000   Number         0  main.o ABSOLUTE
    stm32f4xx_hal_msp.c                      0x00000000   Number         0  stm32f4xx_hal_msp.o ABSOLUTE
    stm32f4xx_hal_msp.c                      0x00000000   Number         0  stm32f4xx_hal_msp.o ABSOLUTE
    stm32f4xx_it.c                           0x00000000   Number         0  stm32f4xx_it.o ABSOLUTE
    stm32f4xx_it.c                           0x00000000   Number         0  stm32f4xx_it.o ABSOLUTE
    RESET                                    0x08000000   Section      428  startup_stm32f429xx.o(RESET)
    !!!main                                  0x080001ac   Section        8  __main.o(!!!main)
    !!!scatter                               0x080001b4   Section       52  __scatter.o(!!!scatter)
    !!handler_copy                           0x080001e8   Section       26  __scatter_copy.o(!!handler_copy)
    !!handler_zi                             0x08000204   Section       28  __scatter_zi.o(!!handler_zi)
    .ARM.Collect$$libinit$$00000000          0x08000220   Section        2  libinit.o(.ARM.Collect$$libinit$$00000000)
    .ARM.Collect$$libinit$$00000001          0x08000222   Section        4  libinit2.o(.ARM.Collect$$libinit$$00000001)
    .ARM.Collect$$libinit$$00000004          0x08000226   Section        0  libinit2.o(.ARM.Collect$$libinit$$00000004)
    .ARM.Collect$$libinit$$0000000A          0x08000226   Section        0  libinit2.o(.ARM.Collect$$libinit$$0000000A)
    .ARM.Collect$$libinit$$0000000C          0x08000226   Section        0  libinit2.o(.ARM.Collect$$libinit$$0000000C)
    .ARM.Collect$$libinit$$0000000E          0x08000226   Section        0  libinit2.o(.ARM.Collect$$libinit$$0000000E)
    .ARM.Collect$$libinit$$00000011          0x08000226   Section        0  libinit2.o(.ARM.Collect$$libinit$$00000011)
    .ARM.Collect$$libinit$$00000013          0x08000226   Section        0  libinit2.o(.ARM.Collect$$libinit$$00000013)
    .ARM.Collect$$libinit$$00000015          0x08000226   Section        0  libinit2.o(.ARM.Collect$$libinit$$00000015)
    .ARM.Collect$$libinit$$00000017          0x08000226   Section        0  libinit2.o(.ARM.Collect$$libinit$$00000017)
    .ARM.Collect$$libinit$$00000019          0x08000226   Section        0  libinit2.o(.ARM.Collect$$libinit$$00000019)
    .ARM.Collect$$libinit$$0000001B          0x08000226   Section        0  libinit2.o(.ARM.Collect$$libinit$$0000001B)
    .ARM.Collect$$libinit$$0000001D          0x08000226   Section        0  libinit2.o(.ARM.Collect$$libinit$$0000001D)
    .ARM.Collect$$libinit$$0000001F          0x08000226   Section        0  libinit2.o(.ARM.Collect$$libinit$$0000001F)
    .ARM.Collect$$libinit$$00000021          0x08000226   Section        0  libinit2.o(.ARM.Collect$$libinit$$00000021)
    .ARM.Collect$$libinit$$00000023          0x08000226   Section        0  libinit2.o(.ARM.Collect$$libinit$$00000023)
    .ARM.Collect$$libinit$$00000025          0x08000226   Section        0  libinit2.o(.ARM.Collect$$libinit$$00000025)
    .ARM.Collect$$libinit$$0000002C          0x08000226   Section        0  libinit2.o(.ARM.Collect$$libinit$$0000002C)
    .ARM.Collect$$libinit$$0000002E          0x08000226   Section        0  libinit2.o(.ARM.Collect$$libinit$$0000002E)
    .ARM.Collect$$libinit$$00000030          0x08000226   Section        0  libinit2.o(.ARM.Collect$$libinit$$00000030)
    .ARM.Collect$$libinit$$00000032          0x08000226   Section        0  libinit2.o(.ARM.Collect$$libinit$$00000032)
    .ARM.Collect$$libinit$$00000033          0x08000226   Section        2  libinit2.o(.ARM.Collect$$libinit$$00000033)
    .ARM.Collect$$libshutdown$$00000000      0x08000228   Section        2  libshutdown.o(.ARM.Collect$$libshutdown$$00000000)
    .ARM.Collect$$libshutdown$$00000002      0x0800022a   Section        0  libshutdown2.o(.ARM.Collect$$libshutdown$$00000002)
    .ARM.Collect$$libshutdown$$00000004      0x0800022a   Section        0  libshutdown2.o(.ARM.Collect$$libshutdown$$00000004)
    .ARM.Collect$$libshutdown$$00000007      0x0800022a   Section        0  libshutdown2.o(.ARM.Collect$$libshutdown$$00000007)
    .ARM.Collect$$libshutdown$$0000000A      0x0800022a   Section        0  libshutdown2.o(.ARM.Collect$$libshutdown$$0000000A)
    .ARM.Collect$$libshutdown$$0000000C      0x0800022a   Section        0  libshutdown2.o(.ARM.Collect$$libshutdown$$0000000C)
    .ARM.Collect$$libshutdown$$0000000F      0x0800022a   Section        0  libshutdown2.o(.ARM.Collect$$libshutdown$$0000000F)
    .ARM.Collect$$libshutdown$$00000010      0x0800022a   Section        2  libshutdown2.o(.ARM.Collect$$libshutdown$$00000010)
    .ARM.Collect$$rtentry$$00000000          0x0800022c   Section        0  __rtentry.o(.ARM.Collect$$rtentry$$00000000)
    .ARM.Collect$$rtentry$$00000002          0x0800022c   Section        0  __rtentry2.o(.ARM.Collect$$rtentry$$00000002)
    .ARM.Collect$$rtentry$$00000004          0x0800022c   Section        6  __rtentry4.o(.ARM.Collect$$rtentry$$00000004)
    .ARM.Collect$$rtentry$$00000009          0x08000232   Section        0  __rtentry2.o(.ARM.Collect$$rtentry$$00000009)
    .ARM.Collect$$rtentry$$0000000A          0x08000232   Section        4  __rtentry2.o(.ARM.Collect$$rtentry$$0000000A)
    .ARM.Collect$$rtentry$$0000000C          0x08000236   Section        0  __rtentry2.o(.ARM.Collect$$rtentry$$0000000C)
    .ARM.Collect$$rtentry$$0000000D          0x08000236   Section        8  __rtentry2.o(.ARM.Collect$$rtentry$$0000000D)
    .ARM.Collect$$rtexit$$00000000           0x0800023e   Section        2  rtexit.o(.ARM.Collect$$rtexit$$00000000)
    .ARM.Collect$$rtexit$$00000002           0x08000240   Section        0  rtexit2.o(.ARM.Collect$$rtexit$$00000002)
    .ARM.Collect$$rtexit$$00000003           0x08000240   Section        4  rtexit2.o(.ARM.Collect$$rtexit$$00000003)
    .ARM.Collect$$rtexit$$00000004           0x08000244   Section        6  rtexit2.o(.ARM.Collect$$rtexit$$00000004)
    .text                                    0x0800024c   Section       64  startup_stm32f429xx.o(.text)
    $v0                                      0x0800024c   Number         0  startup_stm32f429xx.o(.text)
    .text                                    0x0800028c   Section      238  lludivv7m.o(.text)
    .text                                    0x0800037a   Section       78  rt_memclr_w.o(.text)
    .text                                    0x080003c8   Section        0  heapauxi.o(.text)
    .text                                    0x080003ce   Section       74  sys_stackheap_outer.o(.text)
    .text                                    0x08000418   Section        0  exit.o(.text)
    .text                                    0x0800042c   Section        8  libspace.o(.text)
    .text                                    0x08000434   Section        0  sys_exit.o(.text)
    .text                                    0x08000440   Section        2  use_no_semi.o(.text)
    .text                                    0x08000442   Section        0  indicate_semi.o(.text)
    i.BusFault_Handler                       0x08000442   Section        0  stm32f4xx_it.o(i.BusFault_Handler)
    i.DMA_CalcBaseAndBitshift                0x08000448   Section        0  stm32f4xx_hal_dma.o(i.DMA_CalcBaseAndBitshift)
    DMA_CalcBaseAndBitshift                  0x08000449   Thumb Code    46  stm32f4xx_hal_dma.o(i.DMA_CalcBaseAndBitshift)
    i.DMA_CheckFifoParam                     0x0800047c   Section        0  stm32f4xx_hal_dma.o(i.DMA_CheckFifoParam)
    DMA_CheckFifoParam                       0x0800047d   Thumb Code   170  stm32f4xx_hal_dma.o(i.DMA_CheckFifoParam)
    i.DMA_SetConfig                          0x08000526   Section        0  stm32f4xx_hal_dma.o(i.DMA_SetConfig)
    DMA_SetConfig                            0x08000527   Thumb Code    44  stm32f4xx_hal_dma.o(i.DMA_SetConfig)
    i.DebugMon_Handler                       0x08000552   Section        0  stm32f4xx_it.o(i.DebugMon_Handler)
    i.Enable_GPIO_Clock                      0x08000554   Section        0  i2c_stm32f4xx.o(i.Enable_GPIO_Clock)
    Enable_GPIO_Clock                        0x08000555   Thumb Code   422  i2c_stm32f4xx.o(i.Enable_GPIO_Clock)
    i.Error_Handler                          0x0800072c   Section        0  main.o(i.Error_Handler)
    Error_Handler                            0x0800072d   Thumb Code     4  main.o(i.Error_Handler)
    i.HAL_DMA_Abort                          0x08000730   Section        0  stm32f4xx_hal_dma.o(i.HAL_DMA_Abort)
    i.HAL_DMA_Init                           0x080007dc   Section        0  stm32f4xx_hal_dma.o(i.HAL_DMA_Init)
    i.HAL_DMA_Start_IT                       0x080008c8   Section        0  stm32f4xx_hal_dma.o(i.HAL_DMA_Start_IT)
    i.HAL_Delay                              0x0800095c   Section        0  stm32f4xx_hal.o(i.HAL_Delay)
    i.HAL_GPIO_DeInit                        0x08000984   Section        0  stm32f4xx_hal_gpio.o(i.HAL_GPIO_DeInit)
    i.HAL_GPIO_Init                          0x08000b04   Section        0  stm32f4xx_hal_gpio.o(i.HAL_GPIO_Init)
    i.HAL_GPIO_ReadPin                       0x08000d20   Section        0  stm32f4xx_hal_gpio.o(i.HAL_GPIO_ReadPin)
    i.HAL_GPIO_WritePin                      0x08000d30   Section        0  stm32f4xx_hal_gpio.o(i.HAL_GPIO_WritePin)
    i.HAL_GetTick                            0x08000d3c   Section        0  stm32f4xx_hal.o(i.HAL_GetTick)
    i.HAL_IncTick                            0x08000d48   Section        0  stm32f4xx_hal.o(i.HAL_IncTick)
    i.HAL_Init                               0x08000d60   Section        0  stm32f4xx_hal.o(i.HAL_Init)
    i.HAL_InitTick                           0x08000d90   Section        0  stm32f4xx_hal.o(i.HAL_InitTick)
    i.HAL_MPU_ConfigRegion                   0x08000ddc   Section        0  stm32f4xx_hal_cortex.o(i.HAL_MPU_ConfigRegion)
    i.HAL_MPU_Disable                        0x08000e38   Section        0  stm32f4xx_hal_cortex.o(i.HAL_MPU_Disable)
    i.HAL_MPU_Enable                         0x08000e58   Section        0  stm32f4xx_hal_cortex.o(i.HAL_MPU_Enable)
    i.HAL_MspInit                            0x08000e80   Section        0  stm32f4xx_hal_msp.o(i.HAL_MspInit)
    i.HAL_NVIC_ClearPendingIRQ               0x08000e84   Section        0  stm32f4xx_hal_cortex.o(i.HAL_NVIC_ClearPendingIRQ)
    i.HAL_NVIC_DisableIRQ                    0x08000ea8   Section        0  stm32f4xx_hal_cortex.o(i.HAL_NVIC_DisableIRQ)
    i.HAL_NVIC_EnableIRQ                     0x08000ed4   Section        0  stm32f4xx_hal_cortex.o(i.HAL_NVIC_EnableIRQ)
    i.HAL_NVIC_SetPriority                   0x08000efc   Section        0  stm32f4xx_hal_cortex.o(i.HAL_NVIC_SetPriority)
    i.HAL_NVIC_SetPriorityGrouping           0x08000f78   Section        0  stm32f4xx_hal_cortex.o(i.HAL_NVIC_SetPriorityGrouping)
    i.HAL_PWREx_EnableOverDrive              0x08000fa0   Section        0  stm32f4xx_hal_pwr_ex.o(i.HAL_PWREx_EnableOverDrive)
    i.HAL_RCC_ClockConfig                    0x0800102c   Section        0  stm32f4xx_hal_rcc.o(i.HAL_RCC_ClockConfig)
    i.HAL_RCC_GetHCLKFreq                    0x080011b0   Section        0  stm32f4xx_hal_rcc.o(i.HAL_RCC_GetHCLKFreq)
    i.HAL_RCC_GetPCLK1Freq                   0x080011bc   Section        0  stm32f4xx_hal_rcc.o(i.HAL_RCC_GetPCLK1Freq)
    i.HAL_RCC_GetSysClockFreq                0x080011dc   Section        0  stm32f4xx_hal_rcc.o(i.HAL_RCC_GetSysClockFreq)
    i.HAL_RCC_OscConfig                      0x0800128c   Section        0  stm32f4xx_hal_rcc.o(i.HAL_RCC_OscConfig)
    i.HAL_SYSTICK_Config                     0x08001714   Section        0  stm32f4xx_hal_cortex.o(i.HAL_SYSTICK_Config)
    i.HardFault_Handler                      0x08001748   Section        0  stm32f4xx_it.o(i.HardFault_Handler)
    i.I2C1_Control                           0x0800174c   Section        0  i2c_stm32f4xx.o(i.I2C1_Control)
    I2C1_Control                             0x0800174d   Thumb Code    18  i2c_stm32f4xx.o(i.I2C1_Control)
    i.I2C1_ER_IRQHandler                     0x08001764   Section        0  i2c_stm32f4xx.o(i.I2C1_ER_IRQHandler)
    i.I2C1_EV_IRQHandler                     0x08001774   Section        0  i2c_stm32f4xx.o(i.I2C1_EV_IRQHandler)
    i.I2C1_GetDataCount                      0x08001784   Section        0  i2c_stm32f4xx.o(i.I2C1_GetDataCount)
    I2C1_GetDataCount                        0x08001785   Thumb Code    10  i2c_stm32f4xx.o(i.I2C1_GetDataCount)
    i.I2C1_GetStatus                         0x08001794   Section        0  i2c_stm32f4xx.o(i.I2C1_GetStatus)
    I2C1_GetStatus                           0x08001795   Thumb Code    12  i2c_stm32f4xx.o(i.I2C1_GetStatus)
    i.I2C1_Initialize                        0x080017a4   Section        0  i2c_stm32f4xx.o(i.I2C1_Initialize)
    I2C1_Initialize                          0x080017a5   Thumb Code    14  i2c_stm32f4xx.o(i.I2C1_Initialize)
    i.I2C1_MasterReceive                     0x080017b8   Section        0  i2c_stm32f4xx.o(i.I2C1_MasterReceive)
    I2C1_MasterReceive                       0x080017b9   Thumb Code    28  i2c_stm32f4xx.o(i.I2C1_MasterReceive)
    i.I2C1_MasterTransmit                    0x080017d8   Section        0  i2c_stm32f4xx.o(i.I2C1_MasterTransmit)
    I2C1_MasterTransmit                      0x080017d9   Thumb Code    28  i2c_stm32f4xx.o(i.I2C1_MasterTransmit)
    i.I2C1_PowerControl                      0x080017f8   Section        0  i2c_stm32f4xx.o(i.I2C1_PowerControl)
    I2C1_PowerControl                        0x080017f9   Thumb Code    14  i2c_stm32f4xx.o(i.I2C1_PowerControl)
    i.I2C1_SlaveReceive                      0x0800180c   Section        0  i2c_stm32f4xx.o(i.I2C1_SlaveReceive)
    I2C1_SlaveReceive                        0x0800180d   Thumb Code    18  i2c_stm32f4xx.o(i.I2C1_SlaveReceive)
    i.I2C1_SlaveTransmit                     0x08001824   Section        0  i2c_stm32f4xx.o(i.I2C1_SlaveTransmit)
    I2C1_SlaveTransmit                       0x08001825   Thumb Code    18  i2c_stm32f4xx.o(i.I2C1_SlaveTransmit)
    i.I2C1_Uninitialize                      0x0800183c   Section        0  i2c_stm32f4xx.o(i.I2C1_Uninitialize)
    I2C1_Uninitialize                        0x0800183d   Thumb Code    10  i2c_stm32f4xx.o(i.I2C1_Uninitialize)
    i.I2CX_GetCapabilities                   0x0800184c   Section        0  i2c_stm32f4xx.o(i.I2CX_GetCapabilities)
    I2CX_GetCapabilities                     0x0800184d   Thumb Code     6  i2c_stm32f4xx.o(i.I2CX_GetCapabilities)
    i.I2CX_GetVersion                        0x08001858   Section        0  i2c_stm32f4xx.o(i.I2CX_GetVersion)
    I2CX_GetVersion                          0x08001859   Thumb Code    10  i2c_stm32f4xx.o(i.I2CX_GetVersion)
    i.I2C_Control                            0x08001868   Section        0  i2c_stm32f4xx.o(i.I2C_Control)
    I2C_Control                              0x08001869   Thumb Code   816  i2c_stm32f4xx.o(i.I2C_Control)
    i.I2C_ER_IRQHandler                      0x08001bb4   Section        0  i2c_stm32f4xx.o(i.I2C_ER_IRQHandler)
    I2C_ER_IRQHandler                        0x08001bb5   Thumb Code   518  i2c_stm32f4xx.o(i.I2C_ER_IRQHandler)
    i.I2C_EV_IRQHandler                      0x08001dba   Section        0  i2c_stm32f4xx.o(i.I2C_EV_IRQHandler)
    I2C_EV_IRQHandler                        0x08001dbb   Thumb Code  1724  i2c_stm32f4xx.o(i.I2C_EV_IRQHandler)
    i.I2C_GetDataCount                       0x08002476   Section        0  i2c_stm32f4xx.o(i.I2C_GetDataCount)
    I2C_GetDataCount                         0x08002477   Thumb Code    52  i2c_stm32f4xx.o(i.I2C_GetDataCount)
    i.I2C_GetStatus                          0x080024aa   Section        0  i2c_stm32f4xx.o(i.I2C_GetStatus)
    I2C_GetStatus                            0x080024ab   Thumb Code     8  i2c_stm32f4xx.o(i.I2C_GetStatus)
    i.I2C_Initialize                         0x080024b4   Section        0  i2c_stm32f4xx.o(i.I2C_Initialize)
    I2C_Initialize                           0x080024b5   Thumb Code   444  i2c_stm32f4xx.o(i.I2C_Initialize)
    i.I2C_MasterReceive                      0x08002674   Section        0  i2c_stm32f4xx.o(i.I2C_MasterReceive)
    I2C_MasterReceive                        0x08002675   Thumb Code   324  i2c_stm32f4xx.o(i.I2C_MasterReceive)
    i.I2C_MasterTransmit                     0x080027b8   Section        0  i2c_stm32f4xx.o(i.I2C_MasterTransmit)
    I2C_MasterTransmit                       0x080027b9   Thumb Code   298  i2c_stm32f4xx.o(i.I2C_MasterTransmit)
    i.I2C_PowerControl                       0x080028e4   Section        0  i2c_stm32f4xx.o(i.I2C_PowerControl)
    I2C_PowerControl                         0x080028e5   Thumb Code   650  i2c_stm32f4xx.o(i.I2C_PowerControl)
    i.I2C_SlaveReceive                       0x08002b7c   Section        0  i2c_stm32f4xx.o(i.I2C_SlaveReceive)
    I2C_SlaveReceive                         0x08002b7d   Thumb Code   136  i2c_stm32f4xx.o(i.I2C_SlaveReceive)
    i.I2C_SlaveTransmit                      0x08002c04   Section        0  i2c_stm32f4xx.o(i.I2C_SlaveTransmit)
    I2C_SlaveTransmit                        0x08002c05   Thumb Code   136  i2c_stm32f4xx.o(i.I2C_SlaveTransmit)
    i.I2C_Uninitialize                       0x08002c8c   Section        0  i2c_stm32f4xx.o(i.I2C_Uninitialize)
    I2C_Uninitialize                         0x08002c8d   Thumb Code    52  i2c_stm32f4xx.o(i.I2C_Uninitialize)
    i.MPU_Config                             0x08002cc0   Section        0  main.o(i.MPU_Config)
    MPU_Config                               0x08002cc1   Thumb Code    76  main.o(i.MPU_Config)
    i.MemManage_Handler                      0x08002d0c   Section        0  stm32f4xx_it.o(i.MemManage_Handler)
    i.NMI_Handler                            0x08002d10   Section        0  stm32f4xx_it.o(i.NMI_Handler)
    i.PendSV_Handler                         0x08002d12   Section        0  stm32f4xx_it.o(i.PendSV_Handler)
    i.SVC_Handler                            0x08002d14   Section        0  stm32f4xx_it.o(i.SVC_Handler)
    i.SysTick_Handler                        0x08002d16   Section        0  stm32f4xx_it.o(i.SysTick_Handler)
    i.SystemClock_Config                     0x08002d1e   Section        0  main.o(i.SystemClock_Config)
    SystemClock_Config                       0x08002d1f   Thumb Code   100  main.o(i.SystemClock_Config)
    i.SystemCoreClockUpdate                  0x08002d84   Section        0  system_stm32f4xx.o(i.SystemCoreClockUpdate)
    i.SystemInit                             0x08002e44   Section        0  system_stm32f4xx.o(i.SystemInit)
    i.UsageFault_Handler                     0x08002e60   Section        0  stm32f4xx_it.o(i.UsageFault_Handler)
    i.__NVIC_GetPriorityGrouping             0x08002e64   Section        0  stm32f4xx_hal_cortex.o(i.__NVIC_GetPriorityGrouping)
    __NVIC_GetPriorityGrouping               0x08002e65   Thumb Code    10  stm32f4xx_hal_cortex.o(i.__NVIC_GetPriorityGrouping)
    i.__NVIC_SetPriority                     0x08002e74   Section        0  stm32f4xx_hal_cortex.o(i.__NVIC_SetPriority)
    __NVIC_SetPriority                       0x08002e75   Thumb Code    32  stm32f4xx_hal_cortex.o(i.__NVIC_SetPriority)
    i.initI2c                                0x08002e9c   Section        0  main.o(i.initI2c)
    i.leerTemperatura                        0x08002ed0   Section        0  main.o(i.leerTemperatura)
    i.main                                   0x08002fac   Section        0  main.o(i.main)
    i.retardo                                0x08002fd8   Section        0  main.o(i.retardo)
    x$fpl$d2f                                0x08002ff4   Section       98  d2f.o(x$fpl$d2f)
    $v0                                      0x08002ff4   Number         0  d2f.o(x$fpl$d2f)
    x$fpl$dflt                               0x08003056   Section       46  dflt_clz.o(x$fpl$dflt)
    $v0                                      0x08003056   Number         0  dflt_clz.o(x$fpl$dflt)
    x$fpl$dfltu                              0x08003084   Section       38  dflt_clz.o(x$fpl$dfltu)
    $v0                                      0x08003084   Number         0  dflt_clz.o(x$fpl$dfltu)
    x$fpl$dmul                               0x080030ac   Section      340  dmul.o(x$fpl$dmul)
    $v0                                      0x080030ac   Number         0  dmul.o(x$fpl$dmul)
    x$fpl$dnaninf                            0x08003200   Section      156  dnaninf.o(x$fpl$dnaninf)
    $v0                                      0x08003200   Number         0  dnaninf.o(x$fpl$dnaninf)
    x$fpl$dretinf                            0x0800329c   Section       12  dretinf.o(x$fpl$dretinf)
    $v0                                      0x0800329c   Number         0  dretinf.o(x$fpl$dretinf)
    x$fpl$fpinit                             0x080032a8   Section       10  fpinit.o(x$fpl$fpinit)
    $v0                                      0x080032a8   Number         0  fpinit.o(x$fpl$fpinit)
    x$fpl$fretinf                            0x080032b2   Section       10  fretinf.o(x$fpl$fretinf)
    $v0                                      0x080032b2   Number         0  fretinf.o(x$fpl$fretinf)
    .constdata                               0x080032bc   Section      104  i2c_stm32f4xx.o(.constdata)
    x$fpl$usenofp                            0x080032bc   Section        0  usenofp.o(x$fpl$usenofp)
    DriverVersion                            0x080032bc   Data           4  i2c_stm32f4xx.o(.constdata)
    DriverCapabilities                       0x080032c0   Data           4  i2c_stm32f4xx.o(.constdata)
    I2C1_Resources                           0x080032c4   Data          48  i2c_stm32f4xx.o(.constdata)
    .constdata                               0x08003324   Section        8  stm32f4xx_hal_dma.o(.constdata)
    flagBitshiftOffset                       0x08003324   Data           8  stm32f4xx_hal_dma.o(.constdata)
    .constdata                               0x0800332c   Section       24  system_stm32f4xx.o(.constdata)
    .data                                    0x20000000   Section       14  main.o(.data)
    I2Cdev                                   0x20000000   Data           4  main.o(.data)
    .data                                    0x20000010   Section        9  stm32f4xx_hal.o(.data)
    .data                                    0x2000001c   Section        4  system_stm32f4xx.o(.data)
    .bss                                     0x20000020   Section       40  i2c_stm32f4xx.o(.bss)
    I2C1_Info                                0x20000020   Data          40  i2c_stm32f4xx.o(.bss)
    .bss                                     0x20000048   Section       96  libspace.o(.bss)
    HEAP                                     0x200000a8   Section      512  startup_stm32f429xx.o(HEAP)
    Heap_Mem                                 0x200000a8   Data         512  startup_stm32f429xx.o(HEAP)
    STACK                                    0x200002a8   Section     1024  startup_stm32f429xx.o(STACK)
    Stack_Mem                                0x200002a8   Data        1024  startup_stm32f429xx.o(STACK)
    __initial_sp                             0x200006a8   Data           0  startup_stm32f429xx.o(STACK)

    Global Symbols

    Symbol Name                              Value     Ov Type        Size  Object(Section)

    BuildAttributes$$THM_ISAv4$E$P$D$K$B$S$7EM$VFPi3$EXTD16$VFPS$VFMA$PE$A:L22UL41UL21$X:L11$S22US41US21$IEEE1$IW$USESV6$~STKCKD$USESV7$~SHL$OSPACE$ROPI$EBA8$UX$STANDARDLIB$REQ8$PRES8$EABIv2 0x00000000   Number         0  anon$$obj.o ABSOLUTE
    __ARM_use_no_argv                        0x00000000   Number         0  main.o ABSOLUTE
    __ARM_exceptions_init                     - Undefined Weak Reference
    __alloca_initialize                       - Undefined Weak Reference
    __arm_preinit_                            - Undefined Weak Reference
    __cpp_initialize__aeabi_                  - Undefined Weak Reference
    __cxa_finalize                            - Undefined Weak Reference
    __rt_locale                               - Undefined Weak Reference
    __sigvec_lookup                           - Undefined Weak Reference
    _atexit_init                              - Undefined Weak Reference
    _call_atexit_fns                          - Undefined Weak Reference
    _clock_init                               - Undefined Weak Reference
    _fp_trap_init                             - Undefined Weak Reference
    _fp_trap_shutdown                         - Undefined Weak Reference
    _get_lc_collate                           - Undefined Weak Reference
    _get_lc_ctype                             - Undefined Weak Reference
    _get_lc_monetary                          - Undefined Weak Reference
    _get_lc_numeric                           - Undefined Weak Reference
    _get_lc_time                              - Undefined Weak Reference
    _getenv_init                              - Undefined Weak Reference
    _handle_redirection                       - Undefined Weak Reference
    _init_alloc                               - Undefined Weak Reference
    _init_user_alloc                          - Undefined Weak Reference
    _initio                                   - Undefined Weak Reference
    _rand_init                                - Undefined Weak Reference
    _signal_finish                            - Undefined Weak Reference
    _signal_init                              - Undefined Weak Reference
    _terminate_alloc                          - Undefined Weak Reference
    _terminate_user_alloc                     - Undefined Weak Reference
    _terminateio                              - Undefined Weak Reference
    __Vectors_Size                           0x000001ac   Number         0  startup_stm32f429xx.o ABSOLUTE
    __Vectors                                0x08000000   Data           4  startup_stm32f429xx.o(RESET)
    __Vectors_End                            0x080001ac   Data           0  startup_stm32f429xx.o(RESET)
    __main                                   0x080001ad   Thumb Code     8  __main.o(!!!main)
    __scatterload                            0x080001b5   Thumb Code     0  __scatter.o(!!!scatter)
    __scatterload_rt2                        0x080001b5   Thumb Code    44  __scatter.o(!!!scatter)
    __scatterload_rt2_thumb_only             0x080001b5   Thumb Code     0  __scatter.o(!!!scatter)
    __scatterload_null                       0x080001c3   Thumb Code     0  __scatter.o(!!!scatter)
    __scatterload_copy                       0x080001e9   Thumb Code    26  __scatter_copy.o(!!handler_copy)
    __scatterload_zeroinit                   0x08000205   Thumb Code    28  __scatter_zi.o(!!handler_zi)
    __rt_lib_init                            0x08000221   Thumb Code     0  libinit.o(.ARM.Collect$$libinit$$00000000)
    __rt_lib_init_fp_1                       0x08000223   Thumb Code     0  libinit2.o(.ARM.Collect$$libinit$$00000001)
    __rt_lib_init_alloca_1                   0x08000227   Thumb Code     0  libinit2.o(.ARM.Collect$$libinit$$0000002E)
    __rt_lib_init_argv_1                     0x08000227   Thumb Code     0  libinit2.o(.ARM.Collect$$libinit$$0000002C)
    __rt_lib_init_atexit_1                   0x08000227   Thumb Code     0  libinit2.o(.ARM.Collect$$libinit$$0000001B)
    __rt_lib_init_clock_1                    0x08000227   Thumb Code     0  libinit2.o(.ARM.Collect$$libinit$$00000021)
    __rt_lib_init_cpp_1                      0x08000227   Thumb Code     0  libinit2.o(.ARM.Collect$$libinit$$00000032)
    __rt_lib_init_exceptions_1               0x08000227   Thumb Code     0  libinit2.o(.ARM.Collect$$libinit$$00000030)
    __rt_lib_init_fp_trap_1                  0x08000227   Thumb Code     0  libinit2.o(.ARM.Collect$$libinit$$0000001F)
    __rt_lib_init_getenv_1                   0x08000227   Thumb Code     0  libinit2.o(.ARM.Collect$$libinit$$00000023)
    __rt_lib_init_heap_1                     0x08000227   Thumb Code     0  libinit2.o(.ARM.Collect$$libinit$$0000000A)
    __rt_lib_init_lc_collate_1               0x08000227   Thumb Code     0  libinit2.o(.ARM.Collect$$libinit$$00000011)
    __rt_lib_init_lc_ctype_1                 0x08000227   Thumb Code     0  libinit2.o(.ARM.Collect$$libinit$$00000013)
    __rt_lib_init_lc_monetary_1              0x08000227   Thumb Code     0  libinit2.o(.ARM.Collect$$libinit$$00000015)
    __rt_lib_init_lc_numeric_1               0x08000227   Thumb Code     0  libinit2.o(.ARM.Collect$$libinit$$00000017)
    __rt_lib_init_lc_time_1                  0x08000227   Thumb Code     0  libinit2.o(.ARM.Collect$$libinit$$00000019)
    __rt_lib_init_preinit_1                  0x08000227   Thumb Code     0  libinit2.o(.ARM.Collect$$libinit$$00000004)
    __rt_lib_init_rand_1                     0x08000227   Thumb Code     0  libinit2.o(.ARM.Collect$$libinit$$0000000E)
    __rt_lib_init_return                     0x08000227   Thumb Code     0  libinit2.o(.ARM.Collect$$libinit$$00000033)
    __rt_lib_init_signal_1                   0x08000227   Thumb Code     0  libinit2.o(.ARM.Collect$$libinit$$0000001D)
    __rt_lib_init_stdio_1                    0x08000227   Thumb Code     0  libinit2.o(.ARM.Collect$$libinit$$00000025)
    __rt_lib_init_user_alloc_1               0x08000227   Thumb Code     0  libinit2.o(.ARM.Collect$$libinit$$0000000C)
    __rt_lib_shutdown                        0x08000229   Thumb Code     0  libshutdown.o(.ARM.Collect$$libshutdown$$00000000)
    __rt_lib_shutdown_cpp_1                  0x0800022b   Thumb Code     0  libshutdown2.o(.ARM.Collect$$libshutdown$$00000002)
    __rt_lib_shutdown_fp_trap_1              0x0800022b   Thumb Code     0  libshutdown2.o(.ARM.Collect$$libshutdown$$00000007)
    __rt_lib_shutdown_heap_1                 0x0800022b   Thumb Code     0  libshutdown2.o(.ARM.Collect$$libshutdown$$0000000F)
    __rt_lib_shutdown_return                 0x0800022b   Thumb Code     0  libshutdown2.o(.ARM.Collect$$libshutdown$$00000010)
    __rt_lib_shutdown_signal_1               0x0800022b   Thumb Code     0  libshutdown2.o(.ARM.Collect$$libshutdown$$0000000A)
    __rt_lib_shutdown_stdio_1                0x0800022b   Thumb Code     0  libshutdown2.o(.ARM.Collect$$libshutdown$$00000004)
    __rt_lib_shutdown_user_alloc_1           0x0800022b   Thumb Code     0  libshutdown2.o(.ARM.Collect$$libshutdown$$0000000C)
    __rt_entry                               0x0800022d   Thumb Code     0  __rtentry.o(.ARM.Collect$$rtentry$$00000000)
    __rt_entry_presh_1                       0x0800022d   Thumb Code     0  __rtentry2.o(.ARM.Collect$$rtentry$$00000002)
    __rt_entry_sh                            0x0800022d   Thumb Code     0  __rtentry4.o(.ARM.Collect$$rtentry$$00000004)
    __rt_entry_li                            0x08000233   Thumb Code     0  __rtentry2.o(.ARM.Collect$$rtentry$$0000000A)
    __rt_entry_postsh_1                      0x08000233   Thumb Code     0  __rtentry2.o(.ARM.Collect$$rtentry$$00000009)
    __rt_entry_main                          0x08000237   Thumb Code     0  __rtentry2.o(.ARM.Collect$$rtentry$$0000000D)
    __rt_entry_postli_1                      0x08000237   Thumb Code     0  __rtentry2.o(.ARM.Collect$$rtentry$$0000000C)
    __rt_exit                                0x0800023f   Thumb Code     0  rtexit.o(.ARM.Collect$$rtexit$$00000000)
    __rt_exit_ls                             0x08000241   Thumb Code     0  rtexit2.o(.ARM.Collect$$rtexit$$00000003)
    __rt_exit_prels_1                        0x08000241   Thumb Code     0  rtexit2.o(.ARM.Collect$$rtexit$$00000002)
    __rt_exit_exit                           0x08000245   Thumb Code     0  rtexit2.o(.ARM.Collect$$rtexit$$00000004)
    Reset_Handler                            0x0800024d   Thumb Code     8  startup_stm32f429xx.o(.text)
    ADC_IRQHandler                           0x08000267   Thumb Code     0  startup_stm32f429xx.o(.text)
    CAN1_RX0_IRQHandler                      0x08000267   Thumb Code     0  startup_stm32f429xx.o(.text)
    CAN1_RX1_IRQHandler                      0x08000267   Thumb Code     0  startup_stm32f429xx.o(.text)
    CAN1_SCE_IRQHandler                      0x08000267   Thumb Code     0  startup_stm32f429xx.o(.text)
    CAN1_TX_IRQHandler                       0x08000267   Thumb Code     0  startup_stm32f429xx.o(.text)
    CAN2_RX0_IRQHandler                      0x08000267   Thumb Code     0  startup_stm32f429xx.o(.text)
    CAN2_RX1_IRQHandler                      0x08000267   Thumb Code     0  startup_stm32f429xx.o(.text)
    CAN2_SCE_IRQHandler                      0x08000267   Thumb Code     0  startup_stm32f429xx.o(.text)
    CAN2_TX_IRQHandler                       0x08000267   Thumb Code     0  startup_stm32f429xx.o(.text)
    DCMI_IRQHandler                          0x08000267   Thumb Code     0  startup_stm32f429xx.o(.text)
    DMA1_Stream0_IRQHandler                  0x08000267   Thumb Code     0  startup_stm32f429xx.o(.text)
    DMA1_Stream1_IRQHandler                  0x08000267   Thumb Code     0  startup_stm32f429xx.o(.text)
    DMA1_Stream2_IRQHandler                  0x08000267   Thumb Code     0  startup_stm32f429xx.o(.text)
    DMA1_Stream3_IRQHandler                  0x08000267   Thumb Code     0  startup_stm32f429xx.o(.text)
    DMA1_Stream4_IRQHandler                  0x08000267   Thumb Code     0  startup_stm32f429xx.o(.text)
    DMA1_Stream5_IRQHandler                  0x08000267   Thumb Code     0  startup_stm32f429xx.o(.text)
    DMA1_Stream6_IRQHandler                  0x08000267   Thumb Code     0  startup_stm32f429xx.o(.text)
    DMA1_Stream7_IRQHandler                  0x08000267   Thumb Code     0  startup_stm32f429xx.o(.text)
    DMA2D_IRQHandler                         0x08000267   Thumb Code     0  startup_stm32f429xx.o(.text)
    DMA2_Stream0_IRQHandler                  0x08000267   Thumb Code     0  startup_stm32f429xx.o(.text)
    DMA2_Stream1_IRQHandler                  0x08000267   Thumb Code     0  startup_stm32f429xx.o(.text)
    DMA2_Stream2_IRQHandler                  0x08000267   Thumb Code     0  startup_stm32f429xx.o(.text)
    DMA2_Stream3_IRQHandler                  0x08000267   Thumb Code     0  startup_stm32f429xx.o(.text)
    DMA2_Stream4_IRQHandler                  0x08000267   Thumb Code     0  startup_stm32f429xx.o(.text)
    DMA2_Stream5_IRQHandler                  0x08000267   Thumb Code     0  startup_stm32f429xx.o(.text)
    DMA2_Stream6_IRQHandler                  0x08000267   Thumb Code     0  startup_stm32f429xx.o(.text)
    DMA2_Stream7_IRQHandler                  0x08000267   Thumb Code     0  startup_stm32f429xx.o(.text)
    ETH_IRQHandler                           0x08000267   Thumb Code     0  startup_stm32f429xx.o(.text)
    ETH_WKUP_IRQHandler                      0x08000267   Thumb Code     0  startup_stm32f429xx.o(.text)
    EXTI0_IRQHandler                         0x08000267   Thumb Code     0  startup_stm32f429xx.o(.text)
    EXTI15_10_IRQHandler                     0x08000267   Thumb Code     0  startup_stm32f429xx.o(.text)
    EXTI1_IRQHandler                         0x08000267   Thumb Code     0  startup_stm32f429xx.o(.text)
    EXTI2_IRQHandler                         0x08000267   Thumb Code     0  startup_stm32f429xx.o(.text)
    EXTI3_IRQHandler                         0x08000267   Thumb Code     0  startup_stm32f429xx.o(.text)
    EXTI4_IRQHandler                         0x08000267   Thumb Code     0  startup_stm32f429xx.o(.text)
    EXTI9_5_IRQHandler                       0x08000267   Thumb Code     0  startup_stm32f429xx.o(.text)
    FLASH_IRQHandler                         0x08000267   Thumb Code     0  startup_stm32f429xx.o(.text)
    FMC_IRQHandler                           0x08000267   Thumb Code     0  startup_stm32f429xx.o(.text)
    FPU_IRQHandler                           0x08000267   Thumb Code     0  startup_stm32f429xx.o(.text)
    HASH_RNG_IRQHandler                      0x08000267   Thumb Code     0  startup_stm32f429xx.o(.text)
    I2C2_ER_IRQHandler                       0x08000267   Thumb Code     0  startup_stm32f429xx.o(.text)
    I2C2_EV_IRQHandler                       0x08000267   Thumb Code     0  startup_stm32f429xx.o(.text)
    I2C3_ER_IRQHandler                       0x08000267   Thumb Code     0  startup_stm32f429xx.o(.text)
    I2C3_EV_IRQHandler                       0x08000267   Thumb Code     0  startup_stm32f429xx.o(.text)
    LTDC_ER_IRQHandler                       0x08000267   Thumb Code     0  startup_stm32f429xx.o(.text)
    LTDC_IRQHandler                          0x08000267   Thumb Code     0  startup_stm32f429xx.o(.text)
    OTG_FS_IRQHandler                        0x08000267   Thumb Code     0  startup_stm32f429xx.o(.text)
    OTG_FS_WKUP_IRQHandler                   0x08000267   Thumb Code     0  startup_stm32f429xx.o(.text)
    OTG_HS_EP1_IN_IRQHandler                 0x08000267   Thumb Code     0  startup_stm32f429xx.o(.text)
    OTG_HS_EP1_OUT_IRQHandler                0x08000267   Thumb Code     0  startup_stm32f429xx.o(.text)
    OTG_HS_IRQHandler                        0x08000267   Thumb Code     0  startup_stm32f429xx.o(.text)
    OTG_HS_WKUP_IRQHandler                   0x08000267   Thumb Code     0  startup_stm32f429xx.o(.text)
    PVD_IRQHandler                           0x08000267   Thumb Code     0  startup_stm32f429xx.o(.text)
    RCC_IRQHandler                           0x08000267   Thumb Code     0  startup_stm32f429xx.o(.text)
    RTC_Alarm_IRQHandler                     0x08000267   Thumb Code     0  startup_stm32f429xx.o(.text)
    RTC_WKUP_IRQHandler                      0x08000267   Thumb Code     0  startup_stm32f429xx.o(.text)
    SAI1_IRQHandler                          0x08000267   Thumb Code     0  startup_stm32f429xx.o(.text)
    SDIO_IRQHandler                          0x08000267   Thumb Code     0  startup_stm32f429xx.o(.text)
    SPI1_IRQHandler                          0x08000267   Thumb Code     0  startup_stm32f429xx.o(.text)
    SPI2_IRQHandler                          0x08000267   Thumb Code     0  startup_stm32f429xx.o(.text)
    SPI3_IRQHandler                          0x08000267   Thumb Code     0  startup_stm32f429xx.o(.text)
    SPI4_IRQHandler                          0x08000267   Thumb Code     0  startup_stm32f429xx.o(.text)
    SPI5_IRQHandler                          0x08000267   Thumb Code     0  startup_stm32f429xx.o(.text)
    SPI6_IRQHandler                          0x08000267   Thumb Code     0  startup_stm32f429xx.o(.text)
    TAMP_STAMP_IRQHandler                    0x08000267   Thumb Code     0  startup_stm32f429xx.o(.text)
    TIM1_BRK_TIM9_IRQHandler                 0x08000267   Thumb Code     0  startup_stm32f429xx.o(.text)
    TIM1_CC_IRQHandler                       0x08000267   Thumb Code     0  startup_stm32f429xx.o(.text)
    TIM1_TRG_COM_TIM11_IRQHandler            0x08000267   Thumb Code     0  startup_stm32f429xx.o(.text)
    TIM1_UP_TIM10_IRQHandler                 0x08000267   Thumb Code     0  startup_stm32f429xx.o(.text)
    TIM2_IRQHandler                          0x08000267   Thumb Code     0  startup_stm32f429xx.o(.text)
    TIM3_IRQHandler                          0x08000267   Thumb Code     0  startup_stm32f429xx.o(.text)
    TIM4_IRQHandler                          0x08000267   Thumb Code     0  startup_stm32f429xx.o(.text)
    TIM5_IRQHandler                          0x08000267   Thumb Code     0  startup_stm32f429xx.o(.text)
    TIM6_DAC_IRQHandler                      0x08000267   Thumb Code     0  startup_stm32f429xx.o(.text)
    TIM7_IRQHandler                          0x08000267   Thumb Code     0  startup_stm32f429xx.o(.text)
    TIM8_BRK_TIM12_IRQHandler                0x08000267   Thumb Code     0  startup_stm32f429xx.o(.text)
    TIM8_CC_IRQHandler                       0x08000267   Thumb Code     0  startup_stm32f429xx.o(.text)
    TIM8_TRG_COM_TIM14_IRQHandler            0x08000267   Thumb Code     0  startup_stm32f429xx.o(.text)
    TIM8_UP_TIM13_IRQHandler                 0x08000267   Thumb Code     0  startup_stm32f429xx.o(.text)
    UART4_IRQHandler                         0x08000267   Thumb Code     0  startup_stm32f429xx.o(.text)
    UART5_IRQHandler                         0x08000267   Thumb Code     0  startup_stm32f429xx.o(.text)
    UART7_IRQHandler                         0x08000267   Thumb Code     0  startup_stm32f429xx.o(.text)
    UART8_IRQHandler                         0x08000267   Thumb Code     0  startup_stm32f429xx.o(.text)
    USART1_IRQHandler                        0x08000267   Thumb Code     0  startup_stm32f429xx.o(.text)
    USART2_IRQHandler                        0x08000267   Thumb Code     0  startup_stm32f429xx.o(.text)
    USART3_IRQHandler                        0x08000267   Thumb Code     0  startup_stm32f429xx.o(.text)
    USART6_IRQHandler                        0x08000267   Thumb Code     0  startup_stm32f429xx.o(.text)
    WWDG_IRQHandler                          0x08000267   Thumb Code     0  startup_stm32f429xx.o(.text)
    __user_initial_stackheap                 0x08000269   Thumb Code     0  startup_stm32f429xx.o(.text)
    __aeabi_uldivmod                         0x0800028d   Thumb Code     0  lludivv7m.o(.text)
    _ll_udiv                                 0x0800028d   Thumb Code   238  lludivv7m.o(.text)
    __aeabi_memclr4                          0x0800037b   Thumb Code     0  rt_memclr_w.o(.text)
    __aeabi_memclr8                          0x0800037b   Thumb Code     0  rt_memclr_w.o(.text)
    __rt_memclr_w                            0x0800037b   Thumb Code    78  rt_memclr_w.o(.text)
    _memset_w                                0x0800037f   Thumb Code     0  rt_memclr_w.o(.text)
    __use_two_region_memory                  0x080003c9   Thumb Code     2  heapauxi.o(.text)
    __rt_heap_escrow$2region                 0x080003cb   Thumb Code     2  heapauxi.o(.text)
    __rt_heap_expand$2region                 0x080003cd   Thumb Code     2  heapauxi.o(.text)
    __user_setup_stackheap                   0x080003cf   Thumb Code    74  sys_stackheap_outer.o(.text)
    exit                                     0x08000419   Thumb Code    18  exit.o(.text)
    __user_libspace                          0x0800042d   Thumb Code     8  libspace.o(.text)
    __user_perproc_libspace                  0x0800042d   Thumb Code     0  libspace.o(.text)
    __user_perthread_libspace                0x0800042d   Thumb Code     0  libspace.o(.text)
    _sys_exit                                0x08000435   Thumb Code     8  sys_exit.o(.text)
    __I$use$semihosting                      0x08000441   Thumb Code     0  use_no_semi.o(.text)
    __use_no_semihosting_swi                 0x08000441   Thumb Code     2  use_no_semi.o(.text)
    BusFault_Handler                         0x08000443   Thumb Code     4  stm32f4xx_it.o(i.BusFault_Handler)
    __semihosting_library_function           0x08000443   Thumb Code     0  indicate_semi.o(.text)
    DebugMon_Handler                         0x08000553   Thumb Code     2  stm32f4xx_it.o(i.DebugMon_Handler)
    HAL_DMA_Abort                            0x08000731   Thumb Code   170  stm32f4xx_hal_dma.o(i.HAL_DMA_Abort)
    HAL_DMA_Init                             0x080007dd   Thumb Code   232  stm32f4xx_hal_dma.o(i.HAL_DMA_Init)
    HAL_DMA_Start_IT                         0x080008c9   Thumb Code   146  stm32f4xx_hal_dma.o(i.HAL_DMA_Start_IT)
    HAL_Delay                                0x0800095d   Thumb Code    36  stm32f4xx_hal.o(i.HAL_Delay)
    HAL_GPIO_DeInit                          0x08000985   Thumb Code   336  stm32f4xx_hal_gpio.o(i.HAL_GPIO_DeInit)
    HAL_GPIO_Init                            0x08000b05   Thumb Code   486  stm32f4xx_hal_gpio.o(i.HAL_GPIO_Init)
    HAL_GPIO_ReadPin                         0x08000d21   Thumb Code    16  stm32f4xx_hal_gpio.o(i.HAL_GPIO_ReadPin)
    HAL_GPIO_WritePin                        0x08000d31   Thumb Code    12  stm32f4xx_hal_gpio.o(i.HAL_GPIO_WritePin)
    HAL_GetTick                              0x08000d3d   Thumb Code     6  stm32f4xx_hal.o(i.HAL_GetTick)
    HAL_IncTick                              0x08000d49   Thumb Code    16  stm32f4xx_hal.o(i.HAL_IncTick)
    HAL_Init                                 0x08000d61   Thumb Code    44  stm32f4xx_hal.o(i.HAL_Init)
    HAL_InitTick                             0x08000d91   Thumb Code    64  stm32f4xx_hal.o(i.HAL_InitTick)
    HAL_MPU_ConfigRegion                     0x08000ddd   Thumb Code    88  stm32f4xx_hal_cortex.o(i.HAL_MPU_ConfigRegion)
    HAL_MPU_Disable                          0x08000e39   Thumb Code    26  stm32f4xx_hal_cortex.o(i.HAL_MPU_Disable)
    HAL_MPU_Enable                           0x08000e59   Thumb Code    34  stm32f4xx_hal_cortex.o(i.HAL_MPU_Enable)
    HAL_MspInit                              0x08000e81   Thumb Code     2  stm32f4xx_hal_msp.o(i.HAL_MspInit)
    HAL_NVIC_ClearPendingIRQ                 0x08000e85   Thumb Code    30  stm32f4xx_hal_cortex.o(i.HAL_NVIC_ClearPendingIRQ)
    HAL_NVIC_DisableIRQ                      0x08000ea9   Thumb Code    38  stm32f4xx_hal_cortex.o(i.HAL_NVIC_DisableIRQ)
    HAL_NVIC_EnableIRQ                       0x08000ed5   Thumb Code    40  stm32f4xx_hal_cortex.o(i.HAL_NVIC_EnableIRQ)
    HAL_NVIC_SetPriority                     0x08000efd   Thumb Code   124  stm32f4xx_hal_cortex.o(i.HAL_NVIC_SetPriority)
    HAL_NVIC_SetPriorityGrouping             0x08000f79   Thumb Code    32  stm32f4xx_hal_cortex.o(i.HAL_NVIC_SetPriorityGrouping)
    HAL_PWREx_EnableOverDrive                0x08000fa1   Thumb Code   128  stm32f4xx_hal_pwr_ex.o(i.HAL_PWREx_EnableOverDrive)
    HAL_RCC_ClockConfig                      0x0800102d   Thumb Code   368  stm32f4xx_hal_rcc.o(i.HAL_RCC_ClockConfig)
    HAL_RCC_GetHCLKFreq                      0x080011b1   Thumb Code     6  stm32f4xx_hal_rcc.o(i.HAL_RCC_GetHCLKFreq)
    HAL_RCC_GetPCLK1Freq                     0x080011bd   Thumb Code    22  stm32f4xx_hal_rcc.o(i.HAL_RCC_GetPCLK1Freq)
    HAL_RCC_GetSysClockFreq                  0x080011dd   Thumb Code   162  stm32f4xx_hal_rcc.o(i.HAL_RCC_GetSysClockFreq)
    HAL_RCC_OscConfig                        0x0800128d   Thumb Code  1152  stm32f4xx_hal_rcc.o(i.HAL_RCC_OscConfig)
    HAL_SYSTICK_Config                       0x08001715   Thumb Code    52  stm32f4xx_hal_cortex.o(i.HAL_SYSTICK_Config)
    HardFault_Handler                        0x08001749   Thumb Code     4  stm32f4xx_it.o(i.HardFault_Handler)
    I2C1_ER_IRQHandler                       0x08001765   Thumb Code    10  i2c_stm32f4xx.o(i.I2C1_ER_IRQHandler)
    I2C1_EV_IRQHandler                       0x08001775   Thumb Code    10  i2c_stm32f4xx.o(i.I2C1_EV_IRQHandler)
    MemManage_Handler                        0x08002d0d   Thumb Code     4  stm32f4xx_it.o(i.MemManage_Handler)
    NMI_Handler                              0x08002d11   Thumb Code     2  stm32f4xx_it.o(i.NMI_Handler)
    PendSV_Handler                           0x08002d13   Thumb Code     2  stm32f4xx_it.o(i.PendSV_Handler)
    SVC_Handler                              0x08002d15   Thumb Code     2  stm32f4xx_it.o(i.SVC_Handler)
    SysTick_Handler                          0x08002d17   Thumb Code     8  stm32f4xx_it.o(i.SysTick_Handler)
    SystemCoreClockUpdate                    0x08002d85   Thumb Code   170  system_stm32f4xx.o(i.SystemCoreClockUpdate)
    SystemInit                               0x08002e45   Thumb Code    24  system_stm32f4xx.o(i.SystemInit)
    UsageFault_Handler                       0x08002e61   Thumb Code     4  stm32f4xx_it.o(i.UsageFault_Handler)
    initI2c                                  0x08002e9d   Thumb Code    48  main.o(i.initI2c)
    leerTemperatura                          0x08002ed1   Thumb Code   200  main.o(i.leerTemperatura)
    main                                     0x08002fad   Thumb Code    40  main.o(i.main)
    retardo                                  0x08002fd9   Thumb Code    28  main.o(i.retardo)
    __aeabi_d2f                              0x08002ff5   Thumb Code     0  d2f.o(x$fpl$d2f)
    _d2f                                     0x08002ff5   Thumb Code    98  d2f.o(x$fpl$d2f)
    __aeabi_i2d                              0x08003057   Thumb Code     0  dflt_clz.o(x$fpl$dflt)
    _dflt                                    0x08003057   Thumb Code    46  dflt_clz.o(x$fpl$dflt)
    __aeabi_ui2d                             0x08003085   Thumb Code     0  dflt_clz.o(x$fpl$dfltu)
    _dfltu                                   0x08003085   Thumb Code    38  dflt_clz.o(x$fpl$dfltu)
    __aeabi_dmul                             0x080030ad   Thumb Code     0  dmul.o(x$fpl$dmul)
    _dmul                                    0x080030ad   Thumb Code   332  dmul.o(x$fpl$dmul)
    __fpl_dnaninf                            0x08003201   Thumb Code   156  dnaninf.o(x$fpl$dnaninf)
    __fpl_dretinf                            0x0800329d   Thumb Code    12  dretinf.o(x$fpl$dretinf)
    _fp_init                                 0x080032a9   Thumb Code    10  fpinit.o(x$fpl$fpinit)
    __fplib_config_fpu_vfp                   0x080032b1   Thumb Code     0  fpinit.o(x$fpl$fpinit)
    __fplib_config_pureend_doubles           0x080032b1   Thumb Code     0  fpinit.o(x$fpl$fpinit)
    __fpl_fretinf                            0x080032b3   Thumb Code    10  fretinf.o(x$fpl$fretinf)
    __I$use$fp                               0x080032bc   Number         0  usenofp.o(x$fpl$usenofp)
    Driver_I2C1                              0x080032f4   Data          48  i2c_stm32f4xx.o(.constdata)
    AHBPrescTable                            0x0800332c   Data          16  system_stm32f4xx.o(.constdata)
    APBPrescTable                            0x0800333c   Data           8  system_stm32f4xx.o(.constdata)
    Region$$Table$$Base                      0x08003344   Number         0  anon$$obj.o(Region$$Table)
    Region$$Table$$Limit                     0x08003364   Number         0  anon$$obj.o(Region$$Table)
    buf                                      0x20000004   Data           2  main.o(.data)
    temperatura                              0x20000008   Data           4  main.o(.data)
    aux                                      0x2000000c   Data           2  main.o(.data)
    uwTick                                   0x20000010   Data           4  stm32f4xx_hal.o(.data)
    uwTickPrio                               0x20000014   Data           4  stm32f4xx_hal.o(.data)
    uwTickFreq                               0x20000018   Data           1  stm32f4xx_hal.o(.data)
    SystemCoreClock                          0x2000001c   Data           4  system_stm32f4xx.o(.data)
    __libspace_start                         0x20000048   Data          96  libspace.o(.bss)
    __temporary_stack_top$libspace           0x200000a8   Data           0  libspace.o(.bss)



==============================================================================

Memory Map of the image

  Image Entry point : 0x0800024d

  Load Region LR_1 (Base: 0x08000000, Size: 0x00003384, Max: 0xffffffff, ABSOLUTE)

    Execution Region ER_RO (Exec base: 0x08000000, Load base: 0x08000000, Size: 0x00003364, Max: 0xffffffff, ABSOLUTE)

    Exec Addr    Load Addr    Size         Type   Attr      Idx    E Section Name        Object

    0x08000000   0x08000000   0x000001ac   Data   RO         1353    RESET               startup_stm32f429xx.o
    0x080001ac   0x080001ac   0x00000008   Code   RO         1403  * !!!main             c_w.l(__main.o)
    0x080001b4   0x080001b4   0x00000034   Code   RO         1587    !!!scatter          c_w.l(__scatter.o)
    0x080001e8   0x080001e8   0x0000001a   Code   RO         1589    !!handler_copy      c_w.l(__scatter_copy.o)
    0x08000202   0x08000202   0x00000002   PAD
    0x08000204   0x08000204   0x0000001c   Code   RO         1591    !!handler_zi        c_w.l(__scatter_zi.o)
    0x08000220   0x08000220   0x00000002   Code   RO         1457    .ARM.Collect$$libinit$$00000000  c_w.l(libinit.o)
    0x08000222   0x08000222   0x00000004   Code   RO         1469    .ARM.Collect$$libinit$$00000001  c_w.l(libinit2.o)
    0x08000226   0x08000226   0x00000000   Code   RO         1472    .ARM.Collect$$libinit$$00000004  c_w.l(libinit2.o)
    0x08000226   0x08000226   0x00000000   Code   RO         1475    .ARM.Collect$$libinit$$0000000A  c_w.l(libinit2.o)
    0x08000226   0x08000226   0x00000000   Code   RO         1477    .ARM.Collect$$libinit$$0000000C  c_w.l(libinit2.o)
    0x08000226   0x08000226   0x00000000   Code   RO         1479    .ARM.Collect$$libinit$$0000000E  c_w.l(libinit2.o)
    0x08000226   0x08000226   0x00000000   Code   RO         1482    .ARM.Collect$$libinit$$00000011  c_w.l(libinit2.o)
    0x08000226   0x08000226   0x00000000   Code   RO         1484    .ARM.Collect$$libinit$$00000013  c_w.l(libinit2.o)
    0x08000226   0x08000226   0x00000000   Code   RO         1486    .ARM.Collect$$libinit$$00000015  c_w.l(libinit2.o)
    0x08000226   0x08000226   0x00000000   Code   RO         1488    .ARM.Collect$$libinit$$00000017  c_w.l(libinit2.o)
    0x08000226   0x08000226   0x00000000   Code   RO         1490    .ARM.Collect$$libinit$$00000019  c_w.l(libinit2.o)
    0x08000226   0x08000226   0x00000000   Code   RO         1492    .ARM.Collect$$libinit$$0000001B  c_w.l(libinit2.o)
    0x08000226   0x08000226   0x00000000   Code   RO         1494    .ARM.Collect$$libinit$$0000001D  c_w.l(libinit2.o)
    0x08000226   0x08000226   0x00000000   Code   RO         1496    .ARM.Collect$$libinit$$0000001F  c_w.l(libinit2.o)
    0x08000226   0x08000226   0x00000000   Code   RO         1498    .ARM.Collect$$libinit$$00000021  c_w.l(libinit2.o)
    0x08000226   0x08000226   0x00000000   Code   RO         1500    .ARM.Collect$$libinit$$00000023  c_w.l(libinit2.o)
    0x08000226   0x08000226   0x00000000   Code   RO         1502    .ARM.Collect$$libinit$$00000025  c_w.l(libinit2.o)
    0x08000226   0x08000226   0x00000000   Code   RO         1506    .ARM.Collect$$libinit$$0000002C  c_w.l(libinit2.o)
    0x08000226   0x08000226   0x00000000   Code   RO         1508    .ARM.Collect$$libinit$$0000002E  c_w.l(libinit2.o)
    0x08000226   0x08000226   0x00000000   Code   RO         1510    .ARM.Collect$$libinit$$00000030  c_w.l(libinit2.o)
    0x08000226   0x08000226   0x00000000   Code   RO         1512    .ARM.Collect$$libinit$$00000032  c_w.l(libinit2.o)
    0x08000226   0x08000226   0x00000002   Code   RO         1513    .ARM.Collect$$libinit$$00000033  c_w.l(libinit2.o)
    0x08000228   0x08000228   0x00000002   Code   RO         1544    .ARM.Collect$$libshutdown$$00000000  c_w.l(libshutdown.o)
    0x0800022a   0x0800022a   0x00000000   Code   RO         1570    .ARM.Collect$$libshutdown$$00000002  c_w.l(libshutdown2.o)
    0x0800022a   0x0800022a   0x00000000   Code   RO         1572    .ARM.Collect$$libshutdown$$00000004  c_w.l(libshutdown2.o)
    0x0800022a   0x0800022a   0x00000000   Code   RO         1575    .ARM.Collect$$libshutdown$$00000007  c_w.l(libshutdown2.o)
    0x0800022a   0x0800022a   0x00000000   Code   RO         1578    .ARM.Collect$$libshutdown$$0000000A  c_w.l(libshutdown2.o)
    0x0800022a   0x0800022a   0x00000000   Code   RO         1580    .ARM.Collect$$libshutdown$$0000000C  c_w.l(libshutdown2.o)
    0x0800022a   0x0800022a   0x00000000   Code   RO         1583    .ARM.Collect$$libshutdown$$0000000F  c_w.l(libshutdown2.o)
    0x0800022a   0x0800022a   0x00000002   Code   RO         1584    .ARM.Collect$$libshutdown$$00000010  c_w.l(libshutdown2.o)
    0x0800022c   0x0800022c   0x00000000   Code   RO         1415    .ARM.Collect$$rtentry$$00000000  c_w.l(__rtentry.o)
    0x0800022c   0x0800022c   0x00000000   Code   RO         1428    .ARM.Collect$$rtentry$$00000002  c_w.l(__rtentry2.o)
    0x0800022c   0x0800022c   0x00000006   Code   RO         1440    .ARM.Collect$$rtentry$$00000004  c_w.l(__rtentry4.o)
    0x08000232   0x08000232   0x00000000   Code   RO         1430    .ARM.Collect$$rtentry$$00000009  c_w.l(__rtentry2.o)
    0x08000232   0x08000232   0x00000004   Code   RO         1431    .ARM.Collect$$rtentry$$0000000A  c_w.l(__rtentry2.o)
    0x08000236   0x08000236   0x00000000   Code   RO         1433    .ARM.Collect$$rtentry$$0000000C  c_w.l(__rtentry2.o)
    0x08000236   0x08000236   0x00000008   Code   RO         1434    .ARM.Collect$$rtentry$$0000000D  c_w.l(__rtentry2.o)
    0x0800023e   0x0800023e   0x00000002   Code   RO         1461    .ARM.Collect$$rtexit$$00000000  c_w.l(rtexit.o)
    0x08000240   0x08000240   0x00000000   Code   RO         1517    .ARM.Collect$$rtexit$$00000002  c_w.l(rtexit2.o)
    0x08000240   0x08000240   0x00000004   Code   RO         1518    .ARM.Collect$$rtexit$$00000003  c_w.l(rtexit2.o)
    0x08000244   0x08000244   0x00000006   Code   RO         1519    .ARM.Collect$$rtexit$$00000004  c_w.l(rtexit2.o)
    0x0800024a   0x0800024a   0x00000002   PAD
    0x0800024c   0x0800024c   0x00000040   Code   RO         1354  * .text               startup_stm32f429xx.o
    0x0800028c   0x0800028c   0x000000ee   Code   RO         1397    .text               c_w.l(lludivv7m.o)
    0x0800037a   0x0800037a   0x0000004e   Code   RO         1399    .text               c_w.l(rt_memclr_w.o)
    0x080003c8   0x080003c8   0x00000006   Code   RO         1401    .text               c_w.l(heapauxi.o)
    0x080003ce   0x080003ce   0x0000004a   Code   RO         1444    .text               c_w.l(sys_stackheap_outer.o)
    0x08000418   0x08000418   0x00000012   Code   RO         1446    .text               c_w.l(exit.o)
    0x0800042a   0x0800042a   0x00000002   PAD
    0x0800042c   0x0800042c   0x00000008   Code   RO         1458    .text               c_w.l(libspace.o)
    0x08000434   0x08000434   0x0000000c   Code   RO         1514    .text               c_w.l(sys_exit.o)
    0x08000440   0x08000440   0x00000002   Code   RO         1533    .text               c_w.l(use_no_semi.o)
    0x08000442   0x08000442   0x00000000   Code   RO         1535    .text               c_w.l(indicate_semi.o)
    0x08000442   0x08000442   0x00000004   Code   RO          197    i.BusFault_Handler  stm32f4xx_it.o
    0x08000446   0x08000446   0x00000002   PAD
    0x08000448   0x08000448   0x00000034   Code   RO          781    i.DMA_CalcBaseAndBitshift  stm32f4xx_hal_dma.o
    0x0800047c   0x0800047c   0x000000aa   Code   RO          782    i.DMA_CheckFifoParam  stm32f4xx_hal_dma.o
    0x08000526   0x08000526   0x0000002c   Code   RO          783    i.DMA_SetConfig     stm32f4xx_hal_dma.o
    0x08000552   0x08000552   0x00000002   Code   RO          198    i.DebugMon_Handler  stm32f4xx_it.o
    0x08000554   0x08000554   0x000001d8   Code   RO          272    i.Enable_GPIO_Clock  i2c_stm32f4xx.o
    0x0800072c   0x0800072c   0x00000004   Code   RO            4    i.Error_Handler     main.o
    0x08000730   0x08000730   0x000000aa   Code   RO          784    i.HAL_DMA_Abort     stm32f4xx_hal_dma.o
    0x080007da   0x080007da   0x00000002   PAD
    0x080007dc   0x080007dc   0x000000ec   Code   RO          790    i.HAL_DMA_Init      stm32f4xx_hal_dma.o
    0x080008c8   0x080008c8   0x00000092   Code   RO          794    i.HAL_DMA_Start_IT  stm32f4xx_hal_dma.o
    0x0800095a   0x0800095a   0x00000002   PAD
    0x0800095c   0x0800095c   0x00000028   Code   RO          450    i.HAL_Delay         stm32f4xx_hal.o
    0x08000984   0x08000984   0x00000180   Code   RO          928    i.HAL_GPIO_DeInit   stm32f4xx_hal_gpio.o
    0x08000b04   0x08000b04   0x0000021c   Code   RO          931    i.HAL_GPIO_Init     stm32f4xx_hal_gpio.o
    0x08000d20   0x08000d20   0x00000010   Code   RO          933    i.HAL_GPIO_ReadPin  stm32f4xx_hal_gpio.o
    0x08000d30   0x08000d30   0x0000000c   Code   RO          935    i.HAL_GPIO_WritePin  stm32f4xx_hal_gpio.o
    0x08000d3c   0x08000d3c   0x0000000c   Code   RO          458    i.HAL_GetTick       stm32f4xx_hal.o
    0x08000d48   0x08000d48   0x00000018   Code   RO          464    i.HAL_IncTick       stm32f4xx_hal.o
    0x08000d60   0x08000d60   0x00000030   Code   RO          465    i.HAL_Init          stm32f4xx_hal.o
    0x08000d90   0x08000d90   0x0000004c   Code   RO          466    i.HAL_InitTick      stm32f4xx_hal.o
    0x08000ddc   0x08000ddc   0x0000005c   Code   RO          641    i.HAL_MPU_ConfigRegion  stm32f4xx_hal_cortex.o
    0x08000e38   0x08000e38   0x00000020   Code   RO          642    i.HAL_MPU_Disable   stm32f4xx_hal_cortex.o
    0x08000e58   0x08000e58   0x00000028   Code   RO          643    i.HAL_MPU_Enable    stm32f4xx_hal_cortex.o
    0x08000e80   0x08000e80   0x00000002   Code   RO          168    i.HAL_MspInit       stm32f4xx_hal_msp.o
    0x08000e82   0x08000e82   0x00000002   PAD
    0x08000e84   0x08000e84   0x00000024   Code   RO          644    i.HAL_NVIC_ClearPendingIRQ  stm32f4xx_hal_cortex.o
    0x08000ea8   0x08000ea8   0x0000002c   Code   RO          645    i.HAL_NVIC_DisableIRQ  stm32f4xx_hal_cortex.o
    0x08000ed4   0x08000ed4   0x00000028   Code   RO          646    i.HAL_NVIC_EnableIRQ  stm32f4xx_hal_cortex.o
    0x08000efc   0x08000efc   0x0000007c   Code   RO          652    i.HAL_NVIC_SetPriority  stm32f4xx_hal_cortex.o
    0x08000f78   0x08000f78   0x00000028   Code   RO          653    i.HAL_NVIC_SetPriorityGrouping  stm32f4xx_hal_cortex.o
    0x08000fa0   0x08000fa0   0x0000008c   Code   RO         1120    i.HAL_PWREx_EnableOverDrive  stm32f4xx_hal_pwr_ex.o
    0x0800102c   0x0800102c   0x00000184   Code   RO         1187    i.HAL_RCC_ClockConfig  stm32f4xx_hal_rcc.o
    0x080011b0   0x080011b0   0x0000000c   Code   RO         1192    i.HAL_RCC_GetHCLKFreq  stm32f4xx_hal_rcc.o
    0x080011bc   0x080011bc   0x00000020   Code   RO         1194    i.HAL_RCC_GetPCLK1Freq  stm32f4xx_hal_rcc.o
    0x080011dc   0x080011dc   0x000000b0   Code   RO         1196    i.HAL_RCC_GetSysClockFreq  stm32f4xx_hal_rcc.o
    0x0800128c   0x0800128c   0x00000488   Code   RO         1199    i.HAL_RCC_OscConfig  stm32f4xx_hal_rcc.o
    0x08001714   0x08001714   0x00000034   Code   RO          657    i.HAL_SYSTICK_Config  stm32f4xx_hal_cortex.o
    0x08001748   0x08001748   0x00000004   Code   RO          199    i.HardFault_Handler  stm32f4xx_it.o
    0x0800174c   0x0800174c   0x00000018   Code   RO          273    i.I2C1_Control      i2c_stm32f4xx.o
    0x08001764   0x08001764   0x00000010   Code   RO          274    i.I2C1_ER_IRQHandler  i2c_stm32f4xx.o
    0x08001774   0x08001774   0x00000010   Code   RO          275    i.I2C1_EV_IRQHandler  i2c_stm32f4xx.o
    0x08001784   0x08001784   0x00000010   Code   RO          276    i.I2C1_GetDataCount  i2c_stm32f4xx.o
    0x08001794   0x08001794   0x00000010   Code   RO          277    i.I2C1_GetStatus    i2c_stm32f4xx.o
    0x080017a4   0x080017a4   0x00000014   Code   RO          278    i.I2C1_Initialize   i2c_stm32f4xx.o
    0x080017b8   0x080017b8   0x00000020   Code   RO          279    i.I2C1_MasterReceive  i2c_stm32f4xx.o
    0x080017d8   0x080017d8   0x00000020   Code   RO          280    i.I2C1_MasterTransmit  i2c_stm32f4xx.o
    0x080017f8   0x080017f8   0x00000014   Code   RO          281    i.I2C1_PowerControl  i2c_stm32f4xx.o
    0x0800180c   0x0800180c   0x00000018   Code   RO          282    i.I2C1_SlaveReceive  i2c_stm32f4xx.o
    0x08001824   0x08001824   0x00000018   Code   RO          283    i.I2C1_SlaveTransmit  i2c_stm32f4xx.o
    0x0800183c   0x0800183c   0x00000010   Code   RO          284    i.I2C1_Uninitialize  i2c_stm32f4xx.o
    0x0800184c   0x0800184c   0x0000000c   Code   RO          285    i.I2CX_GetCapabilities  i2c_stm32f4xx.o
    0x08001858   0x08001858   0x00000010   Code   RO          286    i.I2CX_GetVersion   i2c_stm32f4xx.o
    0x08001868   0x08001868   0x0000034c   Code   RO          287    i.I2C_Control       i2c_stm32f4xx.o
    0x08001bb4   0x08001bb4   0x00000206   Code   RO          288    i.I2C_ER_IRQHandler  i2c_stm32f4xx.o
    0x08001dba   0x08001dba   0x000006bc   Code   RO          289    i.I2C_EV_IRQHandler  i2c_stm32f4xx.o
    0x08002476   0x08002476   0x00000034   Code   RO          290    i.I2C_GetDataCount  i2c_stm32f4xx.o
    0x080024aa   0x080024aa   0x00000008   Code   RO          291    i.I2C_GetStatus     i2c_stm32f4xx.o
    0x080024b2   0x080024b2   0x00000002   PAD
    0x080024b4   0x080024b4   0x000001c0   Code   RO          292    i.I2C_Initialize    i2c_stm32f4xx.o
    0x08002674   0x08002674   0x00000144   Code   RO          293    i.I2C_MasterReceive  i2c_stm32f4xx.o
    0x080027b8   0x080027b8   0x0000012a   Code   RO          294    i.I2C_MasterTransmit  i2c_stm32f4xx.o
    0x080028e2   0x080028e2   0x00000002   PAD
    0x080028e4   0x080028e4   0x00000298   Code   RO          295    i.I2C_PowerControl  i2c_stm32f4xx.o
    0x08002b7c   0x08002b7c   0x00000088   Code   RO          296    i.I2C_SlaveReceive  i2c_stm32f4xx.o
    0x08002c04   0x08002c04   0x00000088   Code   RO          297    i.I2C_SlaveTransmit  i2c_stm32f4xx.o
    0x08002c8c   0x08002c8c   0x00000034   Code   RO          298    i.I2C_Uninitialize  i2c_stm32f4xx.o
    0x08002cc0   0x08002cc0   0x0000004c   Code   RO            5    i.MPU_Config        main.o
    0x08002d0c   0x08002d0c   0x00000004   Code   RO          200    i.MemManage_Handler  stm32f4xx_it.o
    0x08002d10   0x08002d10   0x00000002   Code   RO          201    i.NMI_Handler       stm32f4xx_it.o
    0x08002d12   0x08002d12   0x00000002   Code   RO          202    i.PendSV_Handler    stm32f4xx_it.o
    0x08002d14   0x08002d14   0x00000002   Code   RO          203    i.SVC_Handler       stm32f4xx_it.o
    0x08002d16   0x08002d16   0x00000008   Code   RO          204    i.SysTick_Handler   stm32f4xx_it.o
    0x08002d1e   0x08002d1e   0x00000064   Code   RO            6    i.SystemClock_Config  main.o
    0x08002d82   0x08002d82   0x00000002   PAD
    0x08002d84   0x08002d84   0x000000c0   Code   RO         1361    i.SystemCoreClockUpdate  system_stm32f4xx.o
    0x08002e44   0x08002e44   0x0000001c   Code   RO         1362    i.SystemInit        system_stm32f4xx.o
    0x08002e60   0x08002e60   0x00000004   Code   RO          205    i.UsageFault_Handler  stm32f4xx_it.o
    0x08002e64   0x08002e64   0x00000010   Code   RO          659    i.__NVIC_GetPriorityGrouping  stm32f4xx_hal_cortex.o
    0x08002e74   0x08002e74   0x00000028   Code   RO          660    i.__NVIC_SetPriority  stm32f4xx_hal_cortex.o
    0x08002e9c   0x08002e9c   0x00000034   Code   RO            7    i.initI2c           main.o
    0x08002ed0   0x08002ed0   0x000000dc   Code   RO            8    i.leerTemperatura   main.o
    0x08002fac   0x08002fac   0x0000002c   Code   RO            9    i.main              main.o
    0x08002fd8   0x08002fd8   0x0000001c   Code   RO           10    i.retardo           main.o
    0x08002ff4   0x08002ff4   0x00000062   Code   RO         1405    x$fpl$d2f           fz_wm.l(d2f.o)
    0x08003056   0x08003056   0x0000002e   Code   RO         1408    x$fpl$dflt          fz_wm.l(dflt_clz.o)
    0x08003084   0x08003084   0x00000026   Code   RO         1407    x$fpl$dfltu         fz_wm.l(dflt_clz.o)
    0x080030aa   0x080030aa   0x00000002   PAD
    0x080030ac   0x080030ac   0x00000154   Code   RO         1413    x$fpl$dmul          fz_wm.l(dmul.o)
    0x08003200   0x08003200   0x0000009c   Code   RO         1420    x$fpl$dnaninf       fz_wm.l(dnaninf.o)
    0x0800329c   0x0800329c   0x0000000c   Code   RO         1422    x$fpl$dretinf       fz_wm.l(dretinf.o)
    0x080032a8   0x080032a8   0x0000000a   Code   RO         1529    x$fpl$fpinit        fz_wm.l(fpinit.o)
    0x080032b2   0x080032b2   0x0000000a   Code   RO         1424    x$fpl$fretinf       fz_wm.l(fretinf.o)
    0x080032bc   0x080032bc   0x00000000   Code   RO         1426    x$fpl$usenofp       fz_wm.l(usenofp.o)
    0x080032bc   0x080032bc   0x00000068   Data   RO          300    .constdata          i2c_stm32f4xx.o
    0x08003324   0x08003324   0x00000008   Data   RO          796    .constdata          stm32f4xx_hal_dma.o
    0x0800332c   0x0800332c   0x00000018   Data   RO         1363    .constdata          system_stm32f4xx.o
    0x08003344   0x08003344   0x00000020   Data   RO         1585    Region$$Table       anon$$obj.o


    Execution Region ER_RW (Exec base: 0x20000000, Load base: 0x08003364, Size: 0x00000020, Max: 0xffffffff, ABSOLUTE)

    Exec Addr    Load Addr    Size         Type   Attr      Idx    E Section Name        Object

    0x20000000   0x08003364   0x0000000e   Data   RW           11    .data               main.o
    0x2000000e   0x08003372   0x00000002   PAD
    0x20000010   0x08003374   0x00000009   Data   RW          472    .data               stm32f4xx_hal.o
    0x20000019   0x0800337d   0x00000003   PAD
    0x2000001c   0x08003380   0x00000004   Data   RW         1364    .data               system_stm32f4xx.o


    Execution Region ER_ZI (Exec base: 0x20000020, Load base: 0x08003384, Size: 0x00000688, Max: 0xffffffff, ABSOLUTE)

    Exec Addr    Load Addr    Size         Type   Attr      Idx    E Section Name        Object

    0x20000020        -       0x00000028   Zero   RW          299    .bss                i2c_stm32f4xx.o
    0x20000048        -       0x00000060   Zero   RW         1459    .bss                c_w.l(libspace.o)
    0x200000a8        -       0x00000200   Zero   RW         1352    HEAP                startup_stm32f429xx.o
    0x200002a8        -       0x00000400   Zero   RW         1351    STACK               startup_stm32f429xx.o


==============================================================================

Image component sizes


      Code (inc. data)   RO Data    RW Data    ZI Data      Debug   Object Name

      5960        174        104          0         40      26324   i2c_stm32f4xx.o
       524         28          0         14          0     721569   main.o
        64         26        428          0       1536        868   startup_stm32f429xx.o
       200         34          0          9          0      10289   stm32f4xx_hal.o
       556         50          0          0          0      39342   stm32f4xx_hal_cortex.o
       818         10          8          0          0       5974   stm32f4xx_hal_dma.o
       952        102          0          0          0       4469   stm32f4xx_hal_gpio.o
         2          0          0          0          0        446   stm32f4xx_hal_msp.o
       140         12          0          0          0       1612   stm32f4xx_hal_pwr_ex.o
      1768         74          0          0          0       5681   stm32f4xx_hal_rcc.o
        32          0          0          0          0       4042   stm32f4xx_it.o
       220         26         24          4          0       2191   system_stm32f4xx.o

    ----------------------------------------------------------------------
     11250        536        596         32       1576     822807   Object Totals
         0          0         32          0          0          0   (incl. Generated)
        14          0          0          5          0          0   (incl. Padding)

    ----------------------------------------------------------------------

      Code (inc. data)   RO Data    RW Data    ZI Data      Debug   Library Member Name

         8          0          0          0          0         68   __main.o
         0          0          0          0          0          0   __rtentry.o
        12          0          0          0          0          0   __rtentry2.o
         6          0          0          0          0          0   __rtentry4.o
        52          8          0          0          0          0   __scatter.o
        26          0          0          0          0          0   __scatter_copy.o
        28          0          0          0          0          0   __scatter_zi.o
        18          0          0          0          0         80   exit.o
         6          0          0          0          0        152   heapauxi.o
         0          0          0          0          0          0   indicate_semi.o
         2          0          0          0          0          0   libinit.o
         6          0          0          0          0          0   libinit2.o
         2          0          0          0          0          0   libshutdown.o
         2          0          0          0          0          0   libshutdown2.o
         8          4          0          0         96         68   libspace.o
       238          0          0          0          0        100   lludivv7m.o
        78          0          0          0          0         80   rt_memclr_w.o
         2          0          0          0          0          0   rtexit.o
        10          0          0          0          0          0   rtexit2.o
        12          4          0          0          0         68   sys_exit.o
        74          0          0          0          0         80   sys_stackheap_outer.o
         2          0          0          0          0         68   use_no_semi.o
        98          4          0          0          0        140   d2f.o
        84          0          0          0          0        232   dflt_clz.o
       340         12          0          0          0        152   dmul.o
       156          4          0          0          0        140   dnaninf.o
        12          0          0          0          0        116   dretinf.o
        10          0          0          0          0        116   fpinit.o
        10          0          0          0          0        116   fretinf.o
         0          0          0          0          0          0   usenofp.o

    ----------------------------------------------------------------------
      1310         36          0          0         96       1776   Library Totals
         8          0          0          0          0          0   (incl. Padding)

    ----------------------------------------------------------------------

      Code (inc. data)   RO Data    RW Data    ZI Data      Debug   Library Name

       592         16          0          0         96        764   c_w.l
       710         20          0          0          0       1012   fz_wm.l

    ----------------------------------------------------------------------
      1310         36          0          0         96       1776   Library Totals

    ----------------------------------------------------------------------

==============================================================================


      Code (inc. data)   RO Data    RW Data    ZI Data      Debug   

     12560        572        596         32       1672     816423   Grand Totals
     12560        572        596         32       1672     816423   ELF Image Totals
     12560        572        596         32          0          0   ROM Totals

==============================================================================

    Total RO  Size (Code + RO Data)                13156 (  12.85kB)
    Total RW  Size (RW Data + ZI Data)              1704 (   1.66kB)
    Total ROM Size (Code + RO Data + RW Data)      13188 (  12.88kB)

==============================================================================

